2024-06-12 10:13:19,308 - INFO - readNumBytes: 37632
2024-06-12 10:13:19,308 - INFO - allBinData: 2 1 4 3
2024-06-12 10:13:19,309 - INFO - headerStartIndex    = 0
2024-06-12 10:13:19,309 - INFO - totalPacketNumBytes = 736
2024-06-12 10:13:19,309 - INFO - platform            = b'000a6843'
2024-06-12 10:13:19,309 - INFO - frameNumber         = 210
2024-06-12 10:13:19,309 - INFO - timeCpuCycles       = 1218445952
2024-06-12 10:13:19,309 - INFO - numDetObj           = 4
2024-06-12 10:13:19,309 - INFO - numTlv              = 5
2024-06-12 10:13:19,310 - INFO - subFrameNumber      = 0
2024-06-12 10:13:19,310 - INFO - The 1st TLV
2024-06-12 10:13:19,310 - INFO -     type 1
2024-06-12 10:13:19,310 - INFO -     len 64 bytes
2024-06-12 10:13:19,311 - INFO - The 2nd TLV
2024-06-12 10:13:19,311 - INFO -     type 7
2024-06-12 10:13:19,311 - INFO -     len 16 bytes
2024-06-12 10:13:19,311 - INFO -                   x(m)         y(m)         z(m)        v(m/s)    Com0range(m)  azimuth(deg)  elevAngle(deg)  snr(0.1dB)    noise(0.1dB)
2024-06-12 10:13:19,311 - INFO -     obj  0:     1.000000     2.000000     3.000000     0.000000     3.741657    26.565051           53          166          605
2024-06-12 10:13:19,311 - INFO -     obj  1:     1.000000     2.000000     3.000000     0.000000     3.741657    26.565051           53          213          581
2024-06-12 10:13:19,311 - INFO -     obj  2:     1.000000     2.000000     3.000000     0.000000     3.741657    26.565051           53          437          453
2024-06-12 10:13:19,311 - INFO -     obj  3:     1.000000     2.000000     3.000000     0.000000     3.741657    26.565051           53          138          607
2024-06-12 10:13:19,311 - INFO - Parser result: 0
2024-06-12 10:13:19,311 - INFO - totalBytesParsed: 736
2024-06-12 10:13:19,314 - INFO - headerStartIndex    = 0
2024-06-12 10:13:19,314 - INFO - totalPacketNumBytes = 736
2024-06-12 10:13:19,314 - INFO - platform            = b'000a6843'
2024-06-12 10:13:19,314 - INFO - frameNumber         = 211
2024-06-12 10:13:19,314 - INFO - timeCpuCycles       = 1258418140
2024-06-12 10:13:19,314 - INFO - numDetObj           = 4
2024-06-12 10:13:19,314 - INFO - numTlv              = 5
2024-06-12 10:13:19,314 - INFO - subFrameNumber      = 0
2024-06-12 10:13:19,314 - INFO - The 1st TLV
2024-06-12 10:13:19,314 - INFO -     type 1
2024-06-12 10:13:19,314 - INFO -     len 64 bytes
2024-06-12 10:13:19,314 - INFO - The 2nd TLV
2024-06-12 10:13:19,314 - INFO -     type 7
2024-06-12 10:13:19,314 - INFO -     len 16 bytes
2024-06-12 10:13:19,314 - INFO -                   x(m)         y(m)         z(m)        v(m/s)    Com0range(m)  azimuth(deg)  elevAngle(deg)  snr(0.1dB)    noise(0.1dB)
2024-06-12 10:13:19,314 - INFO -     obj  0:     1.000000     2.000000     3.000000     0.000000     3.741657    26.565051           53          166          608
2024-06-12 10:13:19,314 - INFO -     obj  1:     1.000000     2.000000     3.000000     0.000000     3.741657    26.565051           53          213          581
2024-06-12 10:13:19,314 - INFO -     obj  2:     1.000000     2.000000     3.000000     0.000000     3.741657    26.565051           53          422          468
2024-06-12 10:13:19,314 - INFO -     obj  3:     1.000000     2.000000     3.000000     0.000000     3.741657    26.565051           53          139          608
2024-06-12 10:13:19,314 - INFO - Parser result: 0
2024-06-12 10:13:19,314 - INFO - totalBytesParsed: 1472
2024-06-12 10:13:19,314 - INFO - headerStartIndex    = 0
2024-06-12 10:13:19,314 - INFO - totalPacketNumBytes = 704
2024-06-12 10:13:19,314 - INFO - platform            = b'000a6843'
2024-06-12 10:13:19,314 - INFO - frameNumber         = 212
2024-06-12 10:13:19,314 - INFO - timeCpuCycles       = 1298401575
2024-06-12 10:13:19,314 - INFO - numDetObj           = 3
2024-06-12 10:13:19,314 - INFO - numTlv              = 5
2024-06-12 10:13:19,314 - INFO - subFrameNumber      = 0
2024-06-12 10:13:19,314 - INFO - The 1st TLV
2024-06-12 10:13:19,314 - INFO -     type 1
2024-06-12 10:13:19,314 - INFO -     len 48 bytes
2024-06-12 10:13:19,315 - INFO - The 2nd TLV
2024-06-12 10:13:19,315 - INFO -     type 7
2024-06-12 10:13:19,315 - INFO -     len 12 bytes
2024-06-12 10:13:19,315 - INFO -                   x(m)         y(m)         z(m)        v(m/s)    Com0range(m)  azimuth(deg)  elevAngle(deg)  snr(0.1dB)    noise(0.1dB)
2024-06-12 10:13:19,315 - INFO -     obj  0:     1.000000     2.000000     3.000000     0.000000     3.741657    26.565051           53          243          592
2024-06-12 10:13:19,315 - INFO -     obj  1:     1.000000     2.000000     3.000000     0.000000     3.741657    26.565051           53          418          472
2024-06-12 10:13:19,315 - INFO -     obj  2:     1.000000     2.000000     3.000000     0.000000     3.741657    26.565051           53          140          607
2024-06-12 10:13:19,315 - INFO - Parser result: 0
2024-06-12 10:13:19,315 - INFO - totalBytesParsed: 2176
2024-06-12 10:13:19,316 - INFO - headerStartIndex    = 0
2024-06-12 10:13:19,316 - INFO - totalPacketNumBytes = 736
2024-06-12 10:13:19,316 - INFO - platform            = b'000a6843'
2024-06-12 10:13:19,316 - INFO - frameNumber         = 213
2024-06-12 10:13:19,316 - INFO - timeCpuCycles       = 1338443070
2024-06-12 10:13:19,316 - INFO - numDetObj           = 4
2024-06-12 10:13:19,316 - INFO - numTlv              = 5
2024-06-12 10:13:19,316 - INFO - subFrameNumber      = 0
2024-06-12 10:13:19,316 - INFO - The 1st TLV
2024-06-12 10:13:19,316 - INFO -     type 1
2024-06-12 10:13:19,316 - INFO -     len 64 bytes
2024-06-12 10:13:19,316 - INFO - The 2nd TLV
2024-06-12 10:13:19,316 - INFO -     type 7
2024-06-12 10:13:19,316 - INFO -     len 16 bytes
2024-06-12 10:13:19,316 - INFO -                   x(m)         y(m)         z(m)        v(m/s)    Com0range(m)  azimuth(deg)  elevAngle(deg)  snr(0.1dB)    noise(0.1dB)
2024-06-12 10:13:19,316 - INFO -     obj  0:     1.000000     2.000000     3.000000     0.000000     3.741657    26.565051           53          168          604
2024-06-12 10:13:19,316 - INFO -     obj  1:     1.000000     2.000000     3.000000     0.000000     3.741657    26.565051           53          197          561
2024-06-12 10:13:19,316 - INFO -     obj  2:     1.000000     2.000000     3.000000     0.000000     3.741657    26.565051           53          436          454
2024-06-12 10:13:19,316 - INFO -     obj  3:     1.000000     2.000000     3.000000     0.000000     3.741657    26.565051           53          142          605
2024-06-12 10:13:19,316 - INFO - Parser result: 0
2024-06-12 10:13:19,316 - INFO - totalBytesParsed: 2912
2024-06-12 10:13:19,316 - INFO - headerStartIndex    = 0
2024-06-12 10:13:19,316 - INFO - totalPacketNumBytes = 768
2024-06-12 10:13:19,316 - INFO - platform            = b'000a6843'
2024-06-12 10:13:19,316 - INFO - frameNumber         = 214
2024-06-12 10:13:19,316 - INFO - timeCpuCycles       = 1378443063
2024-06-12 10:13:19,316 - INFO - numDetObj           = 5
2024-06-12 10:13:19,316 - INFO - numTlv              = 5
2024-06-12 10:13:19,316 - INFO - subFrameNumber      = 0
2024-06-12 10:13:19,316 - INFO - The 1st TLV
2024-06-12 10:13:19,316 - INFO -     type 1
2024-06-12 10:13:19,316 - INFO -     len 80 bytes
2024-06-12 10:13:19,316 - INFO - The 2nd TLV
2024-06-12 10:13:19,316 - INFO -     type 7
2024-06-12 10:13:19,316 - INFO -     len 20 bytes
2024-06-12 10:13:19,316 - INFO -                   x(m)         y(m)         z(m)        v(m/s)    Com0range(m)  azimuth(deg)  elevAngle(deg)  snr(0.1dB)    noise(0.1dB)
2024-06-12 10:13:19,316 - INFO -     obj  0:     1.000000     2.000000     3.000000     0.000000     3.741657    26.565051           53          116          668
2024-06-12 10:13:19,316 - INFO -     obj  1:     1.000000     2.000000     3.000000     0.000000     3.741657    26.565051           53          184          592
2024-06-12 10:13:19,316 - INFO -     obj  2:     1.000000     2.000000     3.000000     0.000000     3.741657    26.565051           53          207          571
2024-06-12 10:13:19,316 - INFO -     obj  3:     1.000000     2.000000     3.000000     0.000000     3.741657    26.565051           53          424          466
2024-06-12 10:13:19,316 - INFO -     obj  4:     1.000000     2.000000     3.000000     0.000000     3.741657    26.565051           53          140          604
2024-06-12 10:13:19,316 - INFO - Parser result: 0
2024-06-12 10:13:19,316 - INFO - totalBytesParsed: 3680
2024-06-12 10:13:19,316 - INFO - headerStartIndex    = 0
2024-06-12 10:13:19,316 - INFO - totalPacketNumBytes = 704
2024-06-12 10:13:19,316 - INFO - platform            = b'000a6843'
2024-06-12 10:13:19,316 - INFO - frameNumber         = 215
2024-06-12 10:13:19,316 - INFO - timeCpuCycles       = 1418401785
2024-06-12 10:13:19,316 - INFO - numDetObj           = 3
2024-06-12 10:13:19,316 - INFO - numTlv              = 5
2024-06-12 10:13:19,316 - INFO - subFrameNumber      = 0
2024-06-12 10:13:19,316 - INFO - The 1st TLV
2024-06-12 10:13:19,316 - INFO -     type 1
2024-06-12 10:13:19,316 - INFO -     len 48 bytes
2024-06-12 10:13:19,316 - INFO - The 2nd TLV
2024-06-12 10:13:19,316 - INFO -     type 7
2024-06-12 10:13:19,316 - INFO -     len 12 bytes
2024-06-12 10:13:19,316 - INFO -                   x(m)         y(m)         z(m)        v(m/s)    Com0range(m)  azimuth(deg)  elevAngle(deg)  snr(0.1dB)    noise(0.1dB)
2024-06-12 10:13:19,316 - INFO -     obj  0:     1.000000     2.000000     3.000000     0.000000     3.741657    26.565051           53          246          572
2024-06-12 10:13:19,316 - INFO -     obj  1:     1.000000     2.000000     3.000000     0.000000     3.741657    26.565051           53          426          464
2024-06-12 10:13:19,316 - INFO -     obj  2:     1.000000     2.000000     3.000000     0.000000     3.741657    26.565051           53          136          607
2024-06-12 10:13:19,316 - INFO - Parser result: 0
2024-06-12 10:13:19,316 - INFO - totalBytesParsed: 4384
2024-06-12 10:13:19,316 - INFO - headerStartIndex    = 0
2024-06-12 10:13:19,316 - INFO - totalPacketNumBytes = 704
2024-06-12 10:13:19,316 - INFO - platform            = b'000a6843'
2024-06-12 10:13:19,316 - INFO - frameNumber         = 216
2024-06-12 10:13:19,316 - INFO - timeCpuCycles       = 1458408975
2024-06-12 10:13:19,316 - INFO - numDetObj           = 3
2024-06-12 10:13:19,316 - INFO - numTlv              = 5
2024-06-12 10:13:19,316 - INFO - subFrameNumber      = 0
2024-06-12 10:13:19,316 - INFO - The 1st TLV
2024-06-12 10:13:19,316 - INFO -     type 1
2024-06-12 10:13:19,316 - INFO -     len 48 bytes
2024-06-12 10:13:19,316 - INFO - The 2nd TLV
2024-06-12 10:13:19,316 - INFO -     type 7
2024-06-12 10:13:19,316 - INFO -     len 12 bytes
2024-06-12 10:13:19,316 - INFO -                   x(m)         y(m)         z(m)        v(m/s)    Com0range(m)  azimuth(deg)  elevAngle(deg)  snr(0.1dB)    noise(0.1dB)
2024-06-12 10:13:19,316 - INFO -     obj  0:     1.000000     2.000000     3.000000     0.000000     3.741657    26.565051           53          227          566
2024-06-12 10:13:19,316 - INFO -     obj  1:     1.000000     2.000000     3.000000     0.000000     3.741657    26.565051           53          423          468
2024-06-12 10:13:19,316 - INFO -     obj  2:     1.000000     2.000000     3.000000     0.000000     3.741657    26.565051           53          146          603
2024-06-12 10:13:19,316 - INFO - Parser result: 0
2024-06-12 10:13:19,316 - INFO - totalBytesParsed: 5088
2024-06-12 10:13:19,316 - INFO - headerStartIndex    = 0
2024-06-12 10:13:19,316 - INFO - totalPacketNumBytes = 736
2024-06-12 10:13:19,316 - INFO - platform            = b'000a6843'
2024-06-12 10:13:19,316 - INFO - frameNumber         = 217
2024-06-12 10:13:19,316 - INFO - timeCpuCycles       = 1498457541
2024-06-12 10:13:19,316 - INFO - numDetObj           = 4
2024-06-12 10:13:19,316 - INFO - numTlv              = 5
2024-06-12 10:13:19,316 - INFO - subFrameNumber      = 0
2024-06-12 10:13:19,316 - INFO - The 1st TLV
2024-06-12 10:13:19,316 - INFO -     type 1
2024-06-12 10:13:19,316 - INFO -     len 64 bytes
2024-06-12 10:13:19,316 - INFO - The 2nd TLV
2024-06-12 10:13:19,316 - INFO -     type 7
2024-06-12 10:13:19,316 - INFO -     len 16 bytes
2024-06-12 10:13:19,316 - INFO -                   x(m)         y(m)         z(m)        v(m/s)    Com0range(m)  azimuth(deg)  elevAngle(deg)  snr(0.1dB)    noise(0.1dB)
2024-06-12 10:13:19,316 - INFO -     obj  0:     1.000000     2.000000     3.000000     0.000000     3.741657    26.565051           53          259          544
2024-06-12 10:13:19,316 - INFO -     obj  1:     1.000000     2.000000     3.000000     0.000000     3.741657    26.565051           53          431          460
2024-06-12 10:13:19,316 - INFO -     obj  2:     1.000000     2.000000     3.000000     0.000000     3.741657    26.565051           53          142          607
2024-06-12 10:13:19,316 - INFO -     obj  3:     1.000000     2.000000     3.000000    -0.482849     3.741657    26.565051           53          226          451
2024-06-12 10:13:19,316 - INFO - Parser result: 0
2024-06-12 10:13:19,316 - INFO - totalBytesParsed: 5824
2024-06-12 10:13:19,316 - INFO - headerStartIndex    = 0
2024-06-12 10:13:19,316 - INFO - totalPacketNumBytes = 736
2024-06-12 10:13:19,316 - INFO - platform            = b'000a6843'
2024-06-12 10:13:19,316 - INFO - frameNumber         = 218
2024-06-12 10:13:19,316 - INFO - timeCpuCycles       = 1538445201
2024-06-12 10:13:19,316 - INFO - numDetObj           = 4
2024-06-12 10:13:19,316 - INFO - numTlv              = 5
2024-06-12 10:13:19,316 - INFO - subFrameNumber      = 0
2024-06-12 10:13:19,316 - INFO - The 1st TLV
2024-06-12 10:13:19,316 - INFO -     type 1
2024-06-12 10:13:19,316 - INFO -     len 64 bytes
2024-06-12 10:13:19,316 - INFO - The 2nd TLV
2024-06-12 10:13:19,316 - INFO -     type 7
2024-06-12 10:13:19,316 - INFO -     len 16 bytes
2024-06-12 10:13:19,316 - INFO -                   x(m)         y(m)         z(m)        v(m/s)    Com0range(m)  azimuth(deg)  elevAngle(deg)  snr(0.1dB)    noise(0.1dB)
2024-06-12 10:13:19,316 - INFO -     obj  0:     1.000000     2.000000     3.000000     0.000000     3.741657    26.565051           53          274          542
2024-06-12 10:13:19,316 - INFO -     obj  1:     1.000000     2.000000     3.000000     0.000000     3.741657    26.565051           53          425          465
2024-06-12 10:13:19,316 - INFO -     obj  2:     1.000000     2.000000     3.000000     0.000000     3.741657    26.565051           53          145          601
2024-06-12 10:13:19,316 - INFO -     obj  3:     1.000000     2.000000     3.000000    -0.241424     3.741657    26.565051           53          226          534
2024-06-12 10:13:19,316 - INFO - Parser result: 0
2024-06-12 10:13:19,316 - INFO - totalBytesParsed: 6560
2024-06-12 10:13:19,316 - INFO - headerStartIndex    = 0
2024-06-12 10:13:19,316 - INFO - totalPacketNumBytes = 768
2024-06-12 10:13:19,316 - INFO - platform            = b'000a6843'
2024-06-12 10:13:19,316 - INFO - frameNumber         = 219
2024-06-12 10:13:19,316 - INFO - timeCpuCycles       = 1578451612
2024-06-12 10:13:19,316 - INFO - numDetObj           = 6
2024-06-12 10:13:19,316 - INFO - numTlv              = 5
2024-06-12 10:13:19,316 - INFO - subFrameNumber      = 0
2024-06-12 10:13:19,316 - INFO - The 1st TLV
2024-06-12 10:13:19,316 - INFO -     type 1
2024-06-12 10:13:19,316 - INFO -     len 96 bytes
2024-06-12 10:13:19,316 - INFO - The 2nd TLV
2024-06-12 10:13:19,316 - INFO -     type 7
2024-06-12 10:13:19,316 - INFO -     len 24 bytes
2024-06-12 10:13:19,316 - INFO -                   x(m)         y(m)         z(m)        v(m/s)    Com0range(m)  azimuth(deg)  elevAngle(deg)  snr(0.1dB)    noise(0.1dB)
2024-06-12 10:13:19,316 - INFO -     obj  0:     1.000000     2.000000     3.000000     0.000000     3.741657    26.565051           53          183          604
2024-06-12 10:13:19,316 - INFO -     obj  1:     1.000000     2.000000     3.000000     0.000000     3.741657    26.565051           53          258          546
2024-06-12 10:13:19,316 - INFO -     obj  2:     1.000000     2.000000     3.000000     0.000000     3.741657    26.565051           53          140          502
2024-06-12 10:13:19,316 - INFO -     obj  3:     1.000000     2.000000     3.000000     0.000000     3.741657    26.565051           53          140          502
2024-06-12 10:13:19,316 - INFO -     obj  4:     1.000000     2.000000     3.000000     0.000000     3.741657    26.565051           53          429          461
2024-06-12 10:13:19,316 - INFO -     obj  5:     1.000000     2.000000     3.000000     0.000000     3.741657    26.565051           53          127          603
2024-06-12 10:13:19,316 - INFO - Parser result: 0
2024-06-12 10:13:19,316 - INFO - totalBytesParsed: 7328
2024-06-12 10:13:19,316 - INFO - headerStartIndex    = 0
2024-06-12 10:13:19,316 - INFO - totalPacketNumBytes = 704
2024-06-12 10:13:19,316 - INFO - platform            = b'000a6843'
2024-06-12 10:13:19,316 - INFO - frameNumber         = 220
2024-06-12 10:13:19,316 - INFO - timeCpuCycles       = 1618401895
2024-06-12 10:13:19,316 - INFO - numDetObj           = 3
2024-06-12 10:13:19,316 - INFO - numTlv              = 5
2024-06-12 10:13:19,316 - INFO - subFrameNumber      = 0
2024-06-12 10:13:19,316 - INFO - The 1st TLV
2024-06-12 10:13:19,316 - INFO -     type 1
2024-06-12 10:13:19,316 - INFO -     len 48 bytes
2024-06-12 10:13:19,316 - INFO - The 2nd TLV
2024-06-12 10:13:19,316 - INFO -     type 7
2024-06-12 10:13:19,316 - INFO -     len 12 bytes
2024-06-12 10:13:19,316 - INFO -                   x(m)         y(m)         z(m)        v(m/s)    Com0range(m)  azimuth(deg)  elevAngle(deg)  snr(0.1dB)    noise(0.1dB)
2024-06-12 10:13:19,316 - INFO -     obj  0:     1.000000     2.000000     3.000000     0.000000     3.741657    26.565051           53          261          566
2024-06-12 10:13:19,316 - INFO -     obj  1:     1.000000     2.000000     3.000000     0.000000     3.741657    26.565051           53          427          463
2024-06-12 10:13:19,316 - INFO -     obj  2:     1.000000     2.000000     3.000000     0.000000     3.741657    26.565051           53          140          601
2024-06-12 10:13:19,316 - INFO - Parser result: 0
2024-06-12 10:13:19,316 - INFO - totalBytesParsed: 8032
2024-06-12 10:13:19,316 - INFO - headerStartIndex    = 0
2024-06-12 10:13:19,316 - INFO - totalPacketNumBytes = 704
2024-06-12 10:13:19,316 - INFO - platform            = b'000a6843'
2024-06-12 10:13:19,316 - INFO - frameNumber         = 221
2024-06-12 10:13:19,316 - INFO - timeCpuCycles       = 1658421878
2024-06-12 10:13:19,316 - INFO - numDetObj           = 3
2024-06-12 10:13:19,316 - INFO - numTlv              = 5
2024-06-12 10:13:19,316 - INFO - subFrameNumber      = 0
2024-06-12 10:13:19,316 - INFO - The 1st TLV
2024-06-12 10:13:19,316 - INFO -     type 1
2024-06-12 10:13:19,316 - INFO -     len 48 bytes
2024-06-12 10:13:19,316 - INFO - The 2nd TLV
2024-06-12 10:13:19,316 - INFO -     type 7
2024-06-12 10:13:19,316 - INFO -     len 12 bytes
2024-06-12 10:13:19,316 - INFO -                   x(m)         y(m)         z(m)        v(m/s)    Com0range(m)  azimuth(deg)  elevAngle(deg)  snr(0.1dB)    noise(0.1dB)
2024-06-12 10:13:19,316 - INFO -     obj  0:     1.000000     2.000000     3.000000     0.000000     3.741657    26.565051           53          230          578
2024-06-12 10:13:19,316 - INFO -     obj  1:     1.000000     2.000000     3.000000     0.000000     3.741657    26.565051           53          437          453
2024-06-12 10:13:19,316 - INFO -     obj  2:     1.000000     2.000000     3.000000     0.000000     3.741657    26.565051           53          125          608
2024-06-12 10:13:19,316 - INFO - Parser result: 0
2024-06-12 10:13:19,316 - INFO - totalBytesParsed: 8736
2024-06-12 10:13:19,316 - INFO - headerStartIndex    = 0
2024-06-12 10:13:19,316 - INFO - totalPacketNumBytes = 704
2024-06-12 10:13:19,316 - INFO - platform            = b'000a6843'
2024-06-12 10:13:19,316 - INFO - frameNumber         = 222
2024-06-12 10:13:19,316 - INFO - timeCpuCycles       = 1698401979
2024-06-12 10:13:19,316 - INFO - numDetObj           = 3
2024-06-12 10:13:19,316 - INFO - numTlv              = 5
2024-06-12 10:13:19,316 - INFO - subFrameNumber      = 0
2024-06-12 10:13:19,316 - INFO - The 1st TLV
2024-06-12 10:13:19,316 - INFO -     type 1
2024-06-12 10:13:19,316 - INFO -     len 48 bytes
2024-06-12 10:13:19,316 - INFO - The 2nd TLV
2024-06-12 10:13:19,316 - INFO -     type 7
2024-06-12 10:13:19,316 - INFO -     len 12 bytes
2024-06-12 10:13:19,316 - INFO -                   x(m)         y(m)         z(m)        v(m/s)    Com0range(m)  azimuth(deg)  elevAngle(deg)  snr(0.1dB)    noise(0.1dB)
2024-06-12 10:13:19,316 - INFO -     obj  0:     1.000000     2.000000     3.000000     0.000000     3.741657    26.565051           53          224          563
2024-06-12 10:13:19,316 - INFO -     obj  1:     1.000000     2.000000     3.000000     0.000000     3.741657    26.565051           53          434          456
2024-06-12 10:13:19,316 - INFO -     obj  2:     1.000000     2.000000     3.000000     0.000000     3.741657    26.565051           53          125          607
2024-06-12 10:13:19,316 - INFO - Parser result: 0
2024-06-12 10:13:19,316 - INFO - totalBytesParsed: 9440
2024-06-12 10:13:19,316 - INFO - headerStartIndex    = 0
2024-06-12 10:13:19,316 - INFO - totalPacketNumBytes = 768
2024-06-12 10:13:19,316 - INFO - platform            = b'000a6843'
2024-06-12 10:13:19,316 - INFO - frameNumber         = 223
2024-06-12 10:13:19,316 - INFO - timeCpuCycles       = 1738453468
2024-06-12 10:13:19,316 - INFO - numDetObj           = 5
2024-06-12 10:13:19,316 - INFO - numTlv              = 5
2024-06-12 10:13:19,316 - INFO - subFrameNumber      = 0
2024-06-12 10:13:19,316 - INFO - The 1st TLV
2024-06-12 10:13:19,316 - INFO -     type 1
2024-06-12 10:13:19,316 - INFO -     len 80 bytes
2024-06-12 10:13:19,316 - INFO - The 2nd TLV
2024-06-12 10:13:19,316 - INFO -     type 7
2024-06-12 10:13:19,316 - INFO -     len 20 bytes
2024-06-12 10:13:19,316 - INFO -                   x(m)         y(m)         z(m)        v(m/s)    Com0range(m)  azimuth(deg)  elevAngle(deg)  snr(0.1dB)    noise(0.1dB)
2024-06-12 10:13:19,316 - INFO -     obj  0:     1.000000     2.000000     3.000000     0.000000     3.741657    26.565051           53          267          572
2024-06-12 10:13:19,316 - INFO -     obj  1:     1.000000     2.000000     3.000000     0.000000     3.741657    26.565051           53          116          517
2024-06-12 10:13:19,316 - INFO -     obj  2:     1.000000     2.000000     3.000000     0.000000     3.741657    26.565051           53          428          463
2024-06-12 10:13:19,316 - INFO -     obj  3:     1.000000     2.000000     3.000000     0.000000     3.741657    26.565051           53          130          605
2024-06-12 10:13:19,316 - INFO -     obj  4:     1.000000     2.000000     3.000000     0.000000     3.741657    26.565051           53          131          604
2024-06-12 10:13:19,316 - INFO - Parser result: 0
2024-06-12 10:13:19,316 - INFO - totalBytesParsed: 10208
2024-06-12 10:13:19,316 - INFO - headerStartIndex    = 0
2024-06-12 10:13:19,316 - INFO - totalPacketNumBytes = 704
2024-06-12 10:13:19,316 - INFO - platform            = b'000a6843'
2024-06-12 10:13:19,316 - INFO - frameNumber         = 224
2024-06-12 10:13:19,316 - INFO - timeCpuCycles       = 1778409475
2024-06-12 10:13:19,316 - INFO - numDetObj           = 3
2024-06-12 10:13:19,316 - INFO - numTlv              = 5
2024-06-12 10:13:19,316 - INFO - subFrameNumber      = 0
2024-06-12 10:13:19,316 - INFO - The 1st TLV
2024-06-12 10:13:19,316 - INFO -     type 1
2024-06-12 10:13:19,316 - INFO -     len 48 bytes
2024-06-12 10:13:19,316 - INFO - The 2nd TLV
2024-06-12 10:13:19,316 - INFO -     type 7
2024-06-12 10:13:19,316 - INFO -     len 12 bytes
2024-06-12 10:13:19,316 - INFO -                   x(m)         y(m)         z(m)        v(m/s)    Com0range(m)  azimuth(deg)  elevAngle(deg)  snr(0.1dB)    noise(0.1dB)
2024-06-12 10:13:19,316 - INFO -     obj  0:     1.000000     2.000000     3.000000     0.000000     3.741657    26.565051           53          239          580
2024-06-12 10:13:19,316 - INFO -     obj  1:     1.000000     2.000000     3.000000     0.000000     3.741657    26.565051           53          424          466
2024-06-12 10:13:19,316 - INFO -     obj  2:     1.000000     2.000000     3.000000     0.000000     3.741657    26.565051           53          134          603
2024-06-12 10:13:19,316 - INFO - Parser result: 0
2024-06-12 10:13:19,316 - INFO - totalBytesParsed: 10912
2024-06-12 10:13:19,316 - INFO - headerStartIndex    = 0
2024-06-12 10:13:19,316 - INFO - totalPacketNumBytes = 704
2024-06-12 10:13:19,316 - INFO - platform            = b'000a6843'
2024-06-12 10:13:19,316 - INFO - frameNumber         = 225
2024-06-12 10:13:19,316 - INFO - timeCpuCycles       = 1818398847
2024-06-12 10:13:19,316 - INFO - numDetObj           = 3
2024-06-12 10:13:19,316 - INFO - numTlv              = 5
2024-06-12 10:13:19,316 - INFO - subFrameNumber      = 0
2024-06-12 10:13:19,316 - INFO - The 1st TLV
2024-06-12 10:13:19,316 - INFO -     type 1
2024-06-12 10:13:19,316 - INFO -     len 48 bytes
2024-06-12 10:13:19,316 - INFO - The 2nd TLV
2024-06-12 10:13:19,316 - INFO -     type 7
2024-06-12 10:13:19,316 - INFO -     len 12 bytes
2024-06-12 10:13:19,316 - INFO -                   x(m)         y(m)         z(m)        v(m/s)    Com0range(m)  azimuth(deg)  elevAngle(deg)  snr(0.1dB)    noise(0.1dB)
2024-06-12 10:13:19,316 - INFO -     obj  0:     1.000000     2.000000     3.000000     0.000000     3.741657    26.565051           53          257          572
2024-06-12 10:13:19,316 - INFO -     obj  1:     1.000000     2.000000     3.000000     0.000000     3.741657    26.565051           53          419          471
2024-06-12 10:13:19,316 - INFO -     obj  2:     1.000000     2.000000     3.000000     0.000000     3.741657    26.565051           53          134          604
2024-06-12 10:13:19,316 - INFO - Parser result: 0
2024-06-12 10:13:19,316 - INFO - totalBytesParsed: 11616
2024-06-12 10:13:19,316 - INFO - headerStartIndex    = 0
2024-06-12 10:13:19,316 - INFO - totalPacketNumBytes = 704
2024-06-12 10:13:19,316 - INFO - platform            = b'000a6843'
2024-06-12 10:13:19,316 - INFO - frameNumber         = 226
2024-06-12 10:13:19,316 - INFO - timeCpuCycles       = 1858405535
2024-06-12 10:13:19,316 - INFO - numDetObj           = 3
2024-06-12 10:13:19,316 - INFO - numTlv              = 5
2024-06-12 10:13:19,316 - INFO - subFrameNumber      = 0
2024-06-12 10:13:19,316 - INFO - The 1st TLV
2024-06-12 10:13:19,316 - INFO -     type 1
2024-06-12 10:13:19,316 - INFO -     len 48 bytes
2024-06-12 10:13:19,316 - INFO - The 2nd TLV
2024-06-12 10:13:19,316 - INFO -     type 7
2024-06-12 10:13:19,316 - INFO -     len 12 bytes
2024-06-12 10:13:19,316 - INFO -                   x(m)         y(m)         z(m)        v(m/s)    Com0range(m)  azimuth(deg)  elevAngle(deg)  snr(0.1dB)    noise(0.1dB)
2024-06-12 10:13:19,316 - INFO -     obj  0:     1.000000     2.000000     3.000000     0.000000     3.741657    26.565051           53          262          568
2024-06-12 10:13:19,316 - INFO -     obj  1:     1.000000     2.000000     3.000000     0.000000     3.741657    26.565051           53          417          473
2024-06-12 10:13:19,316 - INFO -     obj  2:     1.000000     2.000000     3.000000     0.000000     3.741657    26.565051           53          131          605
2024-06-12 10:13:19,316 - INFO - Parser result: 0
2024-06-12 10:13:19,316 - INFO - totalBytesParsed: 12320
2024-06-12 10:13:19,316 - INFO - headerStartIndex    = 0
2024-06-12 10:13:19,316 - INFO - totalPacketNumBytes = 704
2024-06-12 10:13:19,316 - INFO - platform            = b'000a6843'
2024-06-12 10:13:19,316 - INFO - frameNumber         = 227
2024-06-12 10:13:19,316 - INFO - timeCpuCycles       = 1898400554
2024-06-12 10:13:19,316 - INFO - numDetObj           = 3
2024-06-12 10:13:19,316 - INFO - numTlv              = 5
2024-06-12 10:13:19,316 - INFO - subFrameNumber      = 0
2024-06-12 10:13:19,316 - INFO - The 1st TLV
2024-06-12 10:13:19,316 - INFO -     type 1
2024-06-12 10:13:19,316 - INFO -     len 48 bytes
2024-06-12 10:13:19,316 - INFO - The 2nd TLV
2024-06-12 10:13:19,316 - INFO -     type 7
2024-06-12 10:13:19,316 - INFO -     len 12 bytes
2024-06-12 10:13:19,316 - INFO -                   x(m)         y(m)         z(m)        v(m/s)    Com0range(m)  azimuth(deg)  elevAngle(deg)  snr(0.1dB)    noise(0.1dB)
2024-06-12 10:13:19,316 - INFO -     obj  0:     1.000000     2.000000     3.000000     0.000000     3.741657    26.565051           53          267          570
2024-06-12 10:13:19,316 - INFO -     obj  1:     1.000000     2.000000     3.000000     0.000000     3.741657    26.565051           53          417          473
2024-06-12 10:13:19,316 - INFO -     obj  2:     1.000000     2.000000     3.000000     0.000000     3.741657    26.565051           53          131          604
2024-06-12 10:13:19,316 - INFO - Parser result: 0
2024-06-12 10:13:19,316 - INFO - totalBytesParsed: 13024
2024-06-12 10:13:19,316 - INFO - headerStartIndex    = 0
2024-06-12 10:13:19,316 - INFO - totalPacketNumBytes = 704
2024-06-12 10:13:19,316 - INFO - platform            = b'000a6843'
2024-06-12 10:13:19,316 - INFO - frameNumber         = 228
2024-06-12 10:13:19,316 - INFO - timeCpuCycles       = 1938401547
2024-06-12 10:13:19,316 - INFO - numDetObj           = 3
2024-06-12 10:13:19,316 - INFO - numTlv              = 5
2024-06-12 10:13:19,316 - INFO - subFrameNumber      = 0
2024-06-12 10:13:19,316 - INFO - The 1st TLV
2024-06-12 10:13:19,316 - INFO -     type 1
2024-06-12 10:13:19,316 - INFO -     len 48 bytes
2024-06-12 10:13:19,316 - INFO - The 2nd TLV
2024-06-12 10:13:19,316 - INFO -     type 7
2024-06-12 10:13:19,316 - INFO -     len 12 bytes
2024-06-12 10:13:19,316 - INFO -                   x(m)         y(m)         z(m)        v(m/s)    Com0range(m)  azimuth(deg)  elevAngle(deg)  snr(0.1dB)    noise(0.1dB)
2024-06-12 10:13:19,316 - INFO -     obj  0:     1.000000     2.000000     3.000000     0.000000     3.741657    26.565051           53          269          571
2024-06-12 10:13:19,316 - INFO -     obj  1:     1.000000     2.000000     3.000000     0.000000     3.741657    26.565051           53          418          472
2024-06-12 10:13:19,316 - INFO -     obj  2:     1.000000     2.000000     3.000000     0.000000     3.741657    26.565051           53          127          607
2024-06-12 10:13:19,316 - INFO - Parser result: 0
2024-06-12 10:13:19,316 - INFO - totalBytesParsed: 13728
2024-06-12 10:13:19,316 - INFO - headerStartIndex    = 0
2024-06-12 10:13:19,316 - INFO - totalPacketNumBytes = 768
2024-06-12 10:13:19,316 - INFO - platform            = b'000a6843'
2024-06-12 10:13:19,316 - INFO - frameNumber         = 229
2024-06-12 10:13:19,316 - INFO - timeCpuCycles       = 1978511341
2024-06-12 10:13:19,316 - INFO - numDetObj           = 6
2024-06-12 10:13:19,316 - INFO - numTlv              = 5
2024-06-12 10:13:19,316 - INFO - subFrameNumber      = 0
2024-06-12 10:13:19,316 - INFO - The 1st TLV
2024-06-12 10:13:19,316 - INFO -     type 1
2024-06-12 10:13:19,316 - INFO -     len 96 bytes
2024-06-12 10:13:19,316 - INFO - The 2nd TLV
2024-06-12 10:13:19,316 - INFO -     type 7
2024-06-12 10:13:19,316 - INFO -     len 24 bytes
2024-06-12 10:13:19,316 - INFO -                   x(m)         y(m)         z(m)        v(m/s)    Com0range(m)  azimuth(deg)  elevAngle(deg)  snr(0.1dB)    noise(0.1dB)
2024-06-12 10:13:19,316 - INFO -     obj  0:     1.000000     2.000000     3.000000     0.000000     3.741657    26.565051           53          259          569
2024-06-12 10:13:19,316 - INFO -     obj  1:     1.000000     2.000000     3.000000     0.000000     3.741657    26.565051           53          221          536
2024-06-12 10:13:19,316 - INFO -     obj  2:     1.000000     2.000000     3.000000     0.000000     3.741657    26.565051           53          121          493
2024-06-12 10:13:19,316 - INFO -     obj  3:     1.000000     2.000000     3.000000     0.000000     3.741657    26.565051           53          432          458
2024-06-12 10:13:19,316 - INFO -     obj  4:     1.000000     2.000000     3.000000     0.000000     3.741657    26.565051           53          114          603
2024-06-12 10:13:19,316 - INFO -     obj  5:     1.000000     2.000000     3.000000     0.120712     3.741657    26.565051           53          256          499
2024-06-12 10:13:19,316 - INFO - Parser result: 0
2024-06-12 10:13:19,316 - INFO - totalBytesParsed: 14496
2024-06-12 10:13:19,316 - INFO - headerStartIndex    = 0
2024-06-12 10:13:19,332 - INFO - totalPacketNumBytes = 864
2024-06-12 10:13:19,332 - INFO - platform            = b'000a6843'
2024-06-12 10:13:19,332 - INFO - frameNumber         = 230
2024-06-12 10:13:19,332 - INFO - timeCpuCycles       = 2018586542
2024-06-12 10:13:19,332 - INFO - numDetObj           = 11
2024-06-12 10:13:19,332 - INFO - numTlv              = 5
2024-06-12 10:13:19,332 - INFO - subFrameNumber      = 0
2024-06-12 10:13:19,332 - INFO - The 1st TLV
2024-06-12 10:13:19,332 - INFO -     type 1
2024-06-12 10:13:19,332 - INFO -     len 176 bytes
2024-06-12 10:13:19,332 - INFO - The 2nd TLV
2024-06-12 10:13:19,332 - INFO -     type 7
2024-06-12 10:13:19,332 - INFO -     len 44 bytes
2024-06-12 10:13:19,332 - INFO -                   x(m)         y(m)         z(m)        v(m/s)    Com0range(m)  azimuth(deg)  elevAngle(deg)  snr(0.1dB)    noise(0.1dB)
2024-06-12 10:13:19,332 - INFO -     obj  0:     1.000000     2.000000     3.000000     0.000000     3.741657    26.565051           53          181          576
2024-06-12 10:13:19,332 - INFO -     obj  1:     1.000000     2.000000     3.000000     0.000000     3.741657    26.565051           53          193          484
2024-06-12 10:13:19,333 - INFO -     obj  2:     1.000000     2.000000     3.000000    -0.362136     3.741657    26.565051           53          159          510
2024-06-12 10:13:19,333 - INFO -     obj  3:     1.000000     2.000000     3.000000    -0.362136     3.741657    26.565051           53          159          510
2024-06-12 10:13:19,333 - INFO -     obj  4:     1.000000     2.000000     3.000000    -0.362136     3.741657    26.565051           53          159          510
2024-06-12 10:13:19,333 - INFO -     obj  5:     1.000000     2.000000     3.000000    -0.241424     3.741657    26.565051           53          141          437
2024-06-12 10:13:19,333 - INFO -     obj  6:     1.000000     2.000000     3.000000    -0.241424     3.741657    26.565051           53          141          437
2024-06-12 10:13:19,333 - INFO -     obj  7:     1.000000     2.000000     3.000000    -0.120712     3.741657    26.565051           53          220          660
2024-06-12 10:13:19,333 - INFO -     obj  8:     1.000000     2.000000     3.000000    -0.120712     3.741657    26.565051           53          150          435
2024-06-12 10:13:19,333 - INFO -     obj  9:     1.000000     2.000000     3.000000    -0.120712     3.741657    26.565051           53          150          435
2024-06-12 10:13:19,333 - INFO -     obj 10:     1.000000     2.000000     3.000000    -0.120712     3.741657    26.565051           53          150          435
2024-06-12 10:13:19,333 - INFO - Parser result: 0
2024-06-12 10:13:19,333 - INFO - totalBytesParsed: 15360
2024-06-12 10:13:19,333 - INFO - headerStartIndex    = 0
2024-06-12 10:13:19,333 - INFO - totalPacketNumBytes = 768
2024-06-12 10:13:19,333 - INFO - platform            = b'000a6843'
2024-06-12 10:13:19,333 - INFO - frameNumber         = 231
2024-06-12 10:13:19,333 - INFO - timeCpuCycles       = 2058491597
2024-06-12 10:13:19,333 - INFO - numDetObj           = 5
2024-06-12 10:13:19,333 - INFO - numTlv              = 5
2024-06-12 10:13:19,333 - INFO - subFrameNumber      = 0
2024-06-12 10:13:19,333 - INFO - The 1st TLV
2024-06-12 10:13:19,333 - INFO -     type 1
2024-06-12 10:13:19,333 - INFO -     len 80 bytes
2024-06-12 10:13:19,334 - INFO - The 2nd TLV
2024-06-12 10:13:19,334 - INFO -     type 7
2024-06-12 10:13:19,334 - INFO -     len 20 bytes
2024-06-12 10:13:19,334 - INFO -                   x(m)         y(m)         z(m)        v(m/s)    Com0range(m)  azimuth(deg)  elevAngle(deg)  snr(0.1dB)    noise(0.1dB)
2024-06-12 10:13:19,334 - INFO -     obj  0:     1.000000     2.000000     3.000000     0.000000     3.741657    26.565051           53          158          547
2024-06-12 10:13:19,334 - INFO -     obj  1:     1.000000     2.000000     3.000000     0.000000     3.741657    26.565051           53          147          456
2024-06-12 10:13:19,334 - INFO -     obj  2:     1.000000     2.000000     3.000000     0.000000     3.741657    26.565051           53          142          444
2024-06-12 10:13:19,334 - INFO -     obj  3:     1.000000     2.000000     3.000000     0.000000     3.741657    26.565051           53          144          469
2024-06-12 10:13:19,334 - INFO -     obj  4:     1.000000     2.000000     3.000000    -0.241424     3.741657    26.565051           53          304          589
2024-06-12 10:13:19,334 - INFO - Parser result: 0
2024-06-12 10:13:19,334 - INFO - totalBytesParsed: 16128
2024-06-12 10:13:19,334 - INFO - headerStartIndex    = 0
2024-06-12 10:13:19,334 - INFO - totalPacketNumBytes = 768
2024-06-12 10:13:19,334 - INFO - platform            = b'000a6843'
2024-06-12 10:13:19,334 - INFO - frameNumber         = 232
2024-06-12 10:13:19,334 - INFO - timeCpuCycles       = 2098413983
2024-06-12 10:13:19,334 - INFO - numDetObj           = 5
2024-06-12 10:13:19,334 - INFO - numTlv              = 5
2024-06-12 10:13:19,334 - INFO - subFrameNumber      = 0
2024-06-12 10:13:19,334 - INFO - The 1st TLV
2024-06-12 10:13:19,334 - INFO -     type 1
2024-06-12 10:13:19,334 - INFO -     len 80 bytes
2024-06-12 10:13:19,334 - INFO - The 2nd TLV
2024-06-12 10:13:19,334 - INFO -     type 7
2024-06-12 10:13:19,334 - INFO -     len 20 bytes
2024-06-12 10:13:19,334 - INFO -                   x(m)         y(m)         z(m)        v(m/s)    Com0range(m)  azimuth(deg)  elevAngle(deg)  snr(0.1dB)    noise(0.1dB)
2024-06-12 10:13:19,334 - INFO -     obj  0:     1.000000     2.000000     3.000000     0.000000     3.741657    26.565051           53          310          600
2024-06-12 10:13:19,334 - INFO -     obj  1:     1.000000     2.000000     3.000000     0.000000     3.741657    26.565051           53          310          600
2024-06-12 10:13:19,334 - INFO -     obj  2:     1.000000     2.000000     3.000000     0.000000     3.741657    26.565051           53          310          600
2024-06-12 10:13:19,334 - INFO -     obj  3:     1.000000     2.000000     3.000000     0.000000     3.741657    26.565051           53          162          463
2024-06-12 10:13:19,334 - INFO -     obj  4:     1.000000     2.000000     3.000000     0.000000     3.741657    26.565051           53          130          442
2024-06-12 10:13:19,334 - INFO - Parser result: 0
2024-06-12 10:13:19,334 - INFO - totalBytesParsed: 16896
2024-06-12 10:13:19,334 - INFO - headerStartIndex    = 0
2024-06-12 10:13:19,334 - INFO - totalPacketNumBytes = 736
2024-06-12 10:13:19,334 - INFO - platform            = b'000a6843'
2024-06-12 10:13:19,334 - INFO - frameNumber         = 233
2024-06-12 10:13:19,334 - INFO - timeCpuCycles       = 2138382067
2024-06-12 10:13:19,334 - INFO - numDetObj           = 4
2024-06-12 10:13:19,334 - INFO - numTlv              = 5
2024-06-12 10:13:19,334 - INFO - subFrameNumber      = 0
2024-06-12 10:13:19,334 - INFO - The 1st TLV
2024-06-12 10:13:19,334 - INFO -     type 1
2024-06-12 10:13:19,334 - INFO -     len 64 bytes
2024-06-12 10:13:19,334 - INFO - The 2nd TLV
2024-06-12 10:13:19,334 - INFO -     type 7
2024-06-12 10:13:19,334 - INFO -     len 16 bytes
2024-06-12 10:13:19,334 - INFO -                   x(m)         y(m)         z(m)        v(m/s)    Com0range(m)  azimuth(deg)  elevAngle(deg)  snr(0.1dB)    noise(0.1dB)
2024-06-12 10:13:19,334 - INFO -     obj  0:     1.000000     2.000000     3.000000     0.000000     3.741657    26.565051           53          343          581
2024-06-12 10:13:19,334 - INFO -     obj  1:     1.000000     2.000000     3.000000     0.000000     3.741657    26.565051           53          343          581
2024-06-12 10:13:19,334 - INFO -     obj  2:     1.000000     2.000000     3.000000     0.000000     3.741657    26.565051           53          343          581
2024-06-12 10:13:19,334 - INFO -     obj  3:     1.000000     2.000000     3.000000     0.000000     3.741657    26.565051           53          164          448
2024-06-12 10:13:19,334 - INFO - Parser result: 0
2024-06-12 10:13:19,334 - INFO - totalBytesParsed: 17632
2024-06-12 10:13:19,334 - INFO - headerStartIndex    = 0
2024-06-12 10:13:19,334 - INFO - totalPacketNumBytes = 736
2024-06-12 10:13:19,334 - INFO - platform            = b'000a6843'
2024-06-12 10:13:19,334 - INFO - frameNumber         = 234
2024-06-12 10:13:19,334 - INFO - timeCpuCycles       = 2178387906
2024-06-12 10:13:19,334 - INFO - numDetObj           = 4
2024-06-12 10:13:19,334 - INFO - numTlv              = 5
2024-06-12 10:13:19,334 - INFO - subFrameNumber      = 0
2024-06-12 10:13:19,334 - INFO - The 1st TLV
2024-06-12 10:13:19,334 - INFO -     type 1
2024-06-12 10:13:19,334 - INFO -     len 64 bytes
2024-06-12 10:13:19,334 - INFO - The 2nd TLV
2024-06-12 10:13:19,334 - INFO -     type 7
2024-06-12 10:13:19,334 - INFO -     len 16 bytes
2024-06-12 10:13:19,334 - INFO -                   x(m)         y(m)         z(m)        v(m/s)    Com0range(m)  azimuth(deg)  elevAngle(deg)  snr(0.1dB)    noise(0.1dB)
2024-06-12 10:13:19,334 - INFO -     obj  0:     1.000000     2.000000     3.000000     0.000000     3.741657    26.565051           53          342          565
2024-06-12 10:13:19,334 - INFO -     obj  1:     1.000000     2.000000     3.000000     0.000000     3.741657    26.565051           53          342          565
2024-06-12 10:13:19,334 - INFO -     obj  2:     1.000000     2.000000     3.000000     0.000000     3.741657    26.565051           53          166          444
2024-06-12 10:13:19,334 - INFO -     obj  3:     1.000000     2.000000     3.000000     0.000000     3.741657    26.565051           53          166          444
2024-06-12 10:13:19,334 - INFO - Parser result: 0
2024-06-12 10:13:19,334 - INFO - totalBytesParsed: 18368
2024-06-12 10:13:19,334 - INFO - headerStartIndex    = 0
2024-06-12 10:13:19,334 - INFO - totalPacketNumBytes = 800
2024-06-12 10:13:19,334 - INFO - platform            = b'000a6843'
2024-06-12 10:13:19,334 - INFO - frameNumber         = 235
2024-06-12 10:13:19,334 - INFO - timeCpuCycles       = 2218484227
2024-06-12 10:13:19,334 - INFO - numDetObj           = 7
2024-06-12 10:13:19,334 - INFO - numTlv              = 5
2024-06-12 10:13:19,334 - INFO - subFrameNumber      = 0
2024-06-12 10:13:19,334 - INFO - The 1st TLV
2024-06-12 10:13:19,334 - INFO -     type 1
2024-06-12 10:13:19,334 - INFO -     len 112 bytes
2024-06-12 10:13:19,334 - INFO - The 2nd TLV
2024-06-12 10:13:19,334 - INFO -     type 7
2024-06-12 10:13:19,334 - INFO -     len 28 bytes
2024-06-12 10:13:19,334 - INFO -                   x(m)         y(m)         z(m)        v(m/s)    Com0range(m)  azimuth(deg)  elevAngle(deg)  snr(0.1dB)    noise(0.1dB)
2024-06-12 10:13:19,334 - INFO -     obj  0:     1.000000     2.000000     3.000000     0.000000     3.741657    26.565051           53          155          525
2024-06-12 10:13:19,334 - INFO -     obj  1:     1.000000     2.000000     3.000000     0.000000     3.741657    26.565051           53          120          479
2024-06-12 10:13:19,334 - INFO -     obj  2:     1.000000     2.000000     3.000000     0.000000     3.741657    26.565051           53          117          465
2024-06-12 10:13:19,334 - INFO -     obj  3:     1.000000     2.000000     3.000000     0.000000     3.741657    26.565051           53          151          454
2024-06-12 10:13:19,334 - INFO -     obj  4:     1.000000     2.000000     3.000000     0.120712     3.741657    26.565051           53          297          624
2024-06-12 10:13:19,334 - INFO -     obj  5:     1.000000     2.000000     3.000000     0.120712     3.741657    26.565051           53          297          624
2024-06-12 10:13:19,334 - INFO -     obj  6:     1.000000     2.000000     3.000000     0.482849     3.741657    26.565051           53          322          530
2024-06-12 10:13:19,334 - INFO - Parser result: 0
2024-06-12 10:13:19,334 - INFO - totalBytesParsed: 19168
2024-06-12 10:13:19,334 - INFO - headerStartIndex    = 0
2024-06-12 10:13:19,334 - INFO - totalPacketNumBytes = 928
2024-06-12 10:13:19,334 - INFO - platform            = b'000a6843'
2024-06-12 10:13:19,334 - INFO - frameNumber         = 236
2024-06-12 10:13:19,334 - INFO - timeCpuCycles       = 2258584916
2024-06-12 10:13:19,334 - INFO - numDetObj           = 13
2024-06-12 10:13:19,334 - INFO - numTlv              = 5
2024-06-12 10:13:19,334 - INFO - subFrameNumber      = 0
2024-06-12 10:13:19,334 - INFO - The 1st TLV
2024-06-12 10:13:19,334 - INFO -     type 1
2024-06-12 10:13:19,334 - INFO -     len 208 bytes
2024-06-12 10:13:19,334 - INFO - The 2nd TLV
2024-06-12 10:13:19,334 - INFO -     type 7
2024-06-12 10:13:19,334 - INFO -     len 52 bytes
2024-06-12 10:13:19,334 - INFO -                   x(m)         y(m)         z(m)        v(m/s)    Com0range(m)  azimuth(deg)  elevAngle(deg)  snr(0.1dB)    noise(0.1dB)
2024-06-12 10:13:19,334 - INFO -     obj  0:     1.000000     2.000000     3.000000     0.000000     3.741657    26.565051           53          183          592
2024-06-12 10:13:19,334 - INFO -     obj  1:     1.000000     2.000000     3.000000     0.000000     3.741657    26.565051           53          182          551
2024-06-12 10:13:19,334 - INFO -     obj  2:     1.000000     2.000000     3.000000     0.000000     3.741657    26.565051           53          171          499
2024-06-12 10:13:19,334 - INFO -     obj  3:     1.000000     2.000000     3.000000     0.000000     3.741657    26.565051           53          186          457
2024-06-12 10:13:19,334 - INFO -     obj  4:     1.000000     2.000000     3.000000     0.000000     3.741657    26.565051           53          186          457
2024-06-12 10:13:19,334 - INFO -     obj  5:     1.000000     2.000000     3.000000     0.000000     3.741657    26.565051           53          121          490
2024-06-12 10:13:19,334 - INFO -     obj  6:     1.000000     2.000000     3.000000     0.000000     3.741657    26.565051           53          116          558
2024-06-12 10:13:19,334 - INFO -     obj  7:     1.000000     2.000000     3.000000     0.120712     3.741657    26.565051           53          155          447
2024-06-12 10:13:19,334 - INFO -     obj  8:     1.000000     2.000000     3.000000     0.120712     3.741657    26.565051           53          155          447
2024-06-12 10:13:19,334 - INFO -     obj  9:     1.000000     2.000000     3.000000     0.482849     3.741657    26.565051           53          298          603
2024-06-12 10:13:19,334 - INFO -     obj 10:     1.000000     2.000000     3.000000     0.482849     3.741657    26.565051           53          168          432
2024-06-12 10:13:19,334 - INFO -     obj 11:     1.000000     2.000000     3.000000     0.844985     3.741657    26.565051           53          269          520
2024-06-12 10:13:19,334 - INFO -     obj 12:     1.000000     2.000000     3.000000     0.844985     3.741657    26.565051           53          269          520
2024-06-12 10:13:19,334 - INFO - Parser result: 0
2024-06-12 10:13:19,334 - INFO - totalBytesParsed: 20096
2024-06-12 10:13:19,334 - INFO - headerStartIndex    = 0
2024-06-12 10:13:19,334 - INFO - totalPacketNumBytes = 768
2024-06-12 10:13:19,334 - INFO - platform            = b'000a6843'
2024-06-12 10:13:19,334 - INFO - frameNumber         = 237
2024-06-12 10:13:19,334 - INFO - timeCpuCycles       = 2298486064
2024-06-12 10:13:19,334 - INFO - numDetObj           = 6
2024-06-12 10:13:19,334 - INFO - numTlv              = 5
2024-06-12 10:13:19,334 - INFO - subFrameNumber      = 0
2024-06-12 10:13:19,334 - INFO - The 1st TLV
2024-06-12 10:13:19,334 - INFO -     type 1
2024-06-12 10:13:19,334 - INFO -     len 96 bytes
2024-06-12 10:13:19,334 - INFO - The 2nd TLV
2024-06-12 10:13:19,334 - INFO -     type 7
2024-06-12 10:13:19,334 - INFO -     len 24 bytes
2024-06-12 10:13:19,334 - INFO -                   x(m)         y(m)         z(m)        v(m/s)    Com0range(m)  azimuth(deg)  elevAngle(deg)  snr(0.1dB)    noise(0.1dB)
2024-06-12 10:13:19,334 - INFO -     obj  0:     1.000000     2.000000     3.000000     0.000000     3.741657    26.565051           53          213          601
2024-06-12 10:13:19,334 - INFO -     obj  1:     1.000000     2.000000     3.000000     0.000000     3.741657    26.565051           53          192          571
2024-06-12 10:13:19,334 - INFO -     obj  2:     1.000000     2.000000     3.000000     0.000000     3.741657    26.565051           53          350          456
2024-06-12 10:13:19,334 - INFO -     obj  3:     1.000000     2.000000     3.000000     0.482849     3.741657    26.565051           53          289          558
2024-06-12 10:13:19,334 - INFO -     obj  4:     1.000000     2.000000     3.000000     0.482849     3.741657    26.565051           53          220          435
2024-06-12 10:13:19,334 - INFO -     obj  5:     1.000000     2.000000     3.000000    -0.965697     3.741657    26.565051           53          250          449
2024-06-12 10:13:19,334 - INFO - Parser result: 0
2024-06-12 10:13:19,334 - INFO - totalBytesParsed: 20864
2024-06-12 10:13:19,334 - INFO - headerStartIndex    = 0
2024-06-12 10:13:19,334 - INFO - totalPacketNumBytes = 768
2024-06-12 10:13:19,334 - INFO - platform            = b'000a6843'
2024-06-12 10:13:19,334 - INFO - frameNumber         = 238
2024-06-12 10:13:19,334 - INFO - timeCpuCycles       = 2338441075
2024-06-12 10:13:19,334 - INFO - numDetObj           = 5
2024-06-12 10:13:19,334 - INFO - numTlv              = 5
2024-06-12 10:13:19,334 - INFO - subFrameNumber      = 0
2024-06-12 10:13:19,334 - INFO - The 1st TLV
2024-06-12 10:13:19,334 - INFO -     type 1
2024-06-12 10:13:19,334 - INFO -     len 80 bytes
2024-06-12 10:13:19,334 - INFO - The 2nd TLV
2024-06-12 10:13:19,334 - INFO -     type 7
2024-06-12 10:13:19,334 - INFO -     len 20 bytes
2024-06-12 10:13:19,334 - INFO -                   x(m)         y(m)         z(m)        v(m/s)    Com0range(m)  azimuth(deg)  elevAngle(deg)  snr(0.1dB)    noise(0.1dB)
2024-06-12 10:13:19,334 - INFO -     obj  0:     1.000000     2.000000     3.000000     0.000000     3.741657    26.565051           53          210          600
2024-06-12 10:13:19,334 - INFO -     obj  1:     1.000000     2.000000     3.000000     0.000000     3.741657    26.565051           53          117          515
2024-06-12 10:13:19,334 - INFO -     obj  2:     1.000000     2.000000     3.000000     0.000000     3.741657    26.565051           53          429          475
2024-06-12 10:13:19,334 - INFO -     obj  3:     1.000000     2.000000     3.000000     0.000000     3.741657    26.565051           53          129          607
2024-06-12 10:13:19,334 - INFO -     obj  4:     1.000000     2.000000     3.000000     0.120712     3.741657    26.565051           53          133          694
2024-06-12 10:13:19,334 - INFO - Parser result: 0
2024-06-12 10:13:19,334 - INFO - totalBytesParsed: 21632
2024-06-12 10:13:19,334 - INFO - headerStartIndex    = 0
2024-06-12 10:13:19,334 - INFO - totalPacketNumBytes = 736
2024-06-12 10:13:19,334 - INFO - platform            = b'000a6843'
2024-06-12 10:13:19,334 - INFO - frameNumber         = 239
2024-06-12 10:13:19,334 - INFO - timeCpuCycles       = 2378413812
2024-06-12 10:13:19,334 - INFO - numDetObj           = 4
2024-06-12 10:13:19,334 - INFO - numTlv              = 5
2024-06-12 10:13:19,334 - INFO - subFrameNumber      = 0
2024-06-12 10:13:19,334 - INFO - The 1st TLV
2024-06-12 10:13:19,334 - INFO -     type 1
2024-06-12 10:13:19,334 - INFO -     len 64 bytes
2024-06-12 10:13:19,334 - INFO - The 2nd TLV
2024-06-12 10:13:19,334 - INFO -     type 7
2024-06-12 10:13:19,334 - INFO -     len 16 bytes
2024-06-12 10:13:19,334 - INFO -                   x(m)         y(m)         z(m)        v(m/s)    Com0range(m)  azimuth(deg)  elevAngle(deg)  snr(0.1dB)    noise(0.1dB)
2024-06-12 10:13:19,334 - INFO -     obj  0:     1.000000     2.000000     3.000000     0.000000     3.741657    26.565051           53          131          685
2024-06-12 10:13:19,334 - INFO -     obj  1:     1.000000     2.000000     3.000000     0.000000     3.741657    26.565051           53          200          609
2024-06-12 10:13:19,334 - INFO -     obj  2:     1.000000     2.000000     3.000000     0.000000     3.741657    26.565051           53          404          478
2024-06-12 10:13:19,334 - INFO -     obj  3:     1.000000     2.000000     3.000000     0.000000     3.741657    26.565051           53          124          599
2024-06-12 10:13:19,334 - INFO - Parser result: 0
2024-06-12 10:13:19,334 - INFO - totalBytesParsed: 22368
2024-06-12 10:13:19,334 - INFO - headerStartIndex    = 0
2024-06-12 10:13:19,334 - INFO - totalPacketNumBytes = 800
2024-06-12 10:13:19,334 - INFO - platform            = b'000a6843'
2024-06-12 10:13:19,334 - INFO - frameNumber         = 240
2024-06-12 10:13:19,334 - INFO - timeCpuCycles       = 2418491566
2024-06-12 10:13:19,334 - INFO - numDetObj           = 7
2024-06-12 10:13:19,334 - INFO - numTlv              = 5
2024-06-12 10:13:19,334 - INFO - subFrameNumber      = 0
2024-06-12 10:13:19,334 - INFO - The 1st TLV
2024-06-12 10:13:19,334 - INFO -     type 1
2024-06-12 10:13:19,334 - INFO -     len 112 bytes
2024-06-12 10:13:19,334 - INFO - The 2nd TLV
2024-06-12 10:13:19,334 - INFO -     type 7
2024-06-12 10:13:19,334 - INFO -     len 28 bytes
2024-06-12 10:13:19,334 - INFO -                   x(m)         y(m)         z(m)        v(m/s)    Com0range(m)  azimuth(deg)  elevAngle(deg)  snr(0.1dB)    noise(0.1dB)
2024-06-12 10:13:19,334 - INFO -     obj  0:     1.000000     2.000000     3.000000     0.000000     3.741657    26.565051           53          198          588
2024-06-12 10:13:19,334 - INFO -     obj  1:     1.000000     2.000000     3.000000     0.000000     3.741657    26.565051           53          244          559
2024-06-12 10:13:19,334 - INFO -     obj  2:     1.000000     2.000000     3.000000     0.000000     3.741657    26.565051           53          443          455
2024-06-12 10:13:19,334 - INFO -     obj  3:     1.000000     2.000000     3.000000     0.000000     3.741657    26.565051           53          121          604
2024-06-12 10:13:19,334 - INFO -     obj  4:     1.000000     2.000000     3.000000    -0.603561     3.741657    26.565051           53          290          553
2024-06-12 10:13:19,334 - INFO -     obj  5:     1.000000     2.000000     3.000000    -0.603561     3.741657    26.565051           53          225          442
2024-06-12 10:13:19,334 - INFO -     obj  6:     1.000000     2.000000     3.000000    -0.603561     3.741657    26.565051           53          225          442
2024-06-12 10:13:19,334 - INFO - Parser result: 0
2024-06-12 10:13:19,334 - INFO - totalBytesParsed: 23168
2024-06-12 10:13:19,334 - INFO - headerStartIndex    = 0
2024-06-12 10:13:19,334 - INFO - totalPacketNumBytes = 736
2024-06-12 10:13:19,334 - INFO - platform            = b'000a6843'
2024-06-12 10:13:19,334 - INFO - frameNumber         = 241
2024-06-12 10:13:19,334 - INFO - timeCpuCycles       = 2458477012
2024-06-12 10:13:19,334 - INFO - numDetObj           = 4
2024-06-12 10:13:19,334 - INFO - numTlv              = 5
2024-06-12 10:13:19,334 - INFO - subFrameNumber      = 0
2024-06-12 10:13:19,334 - INFO - The 1st TLV
2024-06-12 10:13:19,334 - INFO -     type 1
2024-06-12 10:13:19,334 - INFO -     len 64 bytes
2024-06-12 10:13:19,334 - INFO - The 2nd TLV
2024-06-12 10:13:19,334 - INFO -     type 7
2024-06-12 10:13:19,334 - INFO -     len 16 bytes
2024-06-12 10:13:19,334 - INFO -                   x(m)         y(m)         z(m)        v(m/s)    Com0range(m)  azimuth(deg)  elevAngle(deg)  snr(0.1dB)    noise(0.1dB)
2024-06-12 10:13:19,334 - INFO -     obj  0:     1.000000     2.000000     3.000000     0.000000     3.741657    26.565051           53          140          609
2024-06-12 10:13:19,334 - INFO -     obj  1:     1.000000     2.000000     3.000000     0.000000     3.741657    26.565051           53          430          460
2024-06-12 10:13:19,334 - INFO -     obj  2:     1.000000     2.000000     3.000000     0.000000     3.741657    26.565051           53          119          600
2024-06-12 10:13:19,334 - INFO -     obj  3:     1.000000     2.000000     3.000000     0.120712     3.741657    26.565051           53          220          519
2024-06-12 10:13:19,334 - INFO - Parser result: 0
2024-06-12 10:13:19,334 - INFO - totalBytesParsed: 23904
2024-06-12 10:13:19,334 - INFO - headerStartIndex    = 0
2024-06-12 10:13:19,334 - INFO - totalPacketNumBytes = 768
2024-06-12 10:13:19,334 - INFO - platform            = b'000a6843'
2024-06-12 10:13:19,334 - INFO - frameNumber         = 242
2024-06-12 10:13:19,334 - INFO - timeCpuCycles       = 2498488222
2024-06-12 10:13:19,334 - INFO - numDetObj           = 5
2024-06-12 10:13:19,334 - INFO - numTlv              = 5
2024-06-12 10:13:19,334 - INFO - subFrameNumber      = 0
2024-06-12 10:13:19,334 - INFO - The 1st TLV
2024-06-12 10:13:19,334 - INFO -     type 1
2024-06-12 10:13:19,334 - INFO -     len 80 bytes
2024-06-12 10:13:19,334 - INFO - The 2nd TLV
2024-06-12 10:13:19,334 - INFO -     type 7
2024-06-12 10:13:19,334 - INFO -     len 20 bytes
2024-06-12 10:13:19,334 - INFO -                   x(m)         y(m)         z(m)        v(m/s)    Com0range(m)  azimuth(deg)  elevAngle(deg)  snr(0.1dB)    noise(0.1dB)
2024-06-12 10:13:19,334 - INFO -     obj  0:     1.000000     2.000000     3.000000     0.000000     3.741657    26.565051           53          152          573
2024-06-12 10:13:19,334 - INFO -     obj  1:     1.000000     2.000000     3.000000     0.000000     3.741657    26.565051           53          176          515
2024-06-12 10:13:19,334 - INFO -     obj  2:     1.000000     2.000000     3.000000     0.000000     3.741657    26.565051           53          424          466
2024-06-12 10:13:19,334 - INFO -     obj  3:     1.000000     2.000000     3.000000     0.000000     3.741657    26.565051           53          135          597
2024-06-12 10:13:19,334 - INFO -     obj  4:     1.000000     2.000000     3.000000     0.241424     3.741657    26.565051           53          249          522
2024-06-12 10:13:19,334 - INFO - Parser result: 0
2024-06-12 10:13:19,334 - INFO - totalBytesParsed: 24672
2024-06-12 10:13:19,334 - INFO - headerStartIndex    = 0
2024-06-12 10:13:19,334 - INFO - totalPacketNumBytes = 704
2024-06-12 10:13:19,334 - INFO - platform            = b'000a6843'
2024-06-12 10:13:19,334 - INFO - frameNumber         = 243
2024-06-12 10:13:19,334 - INFO - timeCpuCycles       = 2538412461
2024-06-12 10:13:19,334 - INFO - numDetObj           = 3
2024-06-12 10:13:19,334 - INFO - numTlv              = 5
2024-06-12 10:13:19,334 - INFO - subFrameNumber      = 0
2024-06-12 10:13:19,334 - INFO - The 1st TLV
2024-06-12 10:13:19,334 - INFO -     type 1
2024-06-12 10:13:19,334 - INFO -     len 48 bytes
2024-06-12 10:13:19,334 - INFO - The 2nd TLV
2024-06-12 10:13:19,334 - INFO -     type 7
2024-06-12 10:13:19,334 - INFO -     len 12 bytes
2024-06-12 10:13:19,334 - INFO -                   x(m)         y(m)         z(m)        v(m/s)    Com0range(m)  azimuth(deg)  elevAngle(deg)  snr(0.1dB)    noise(0.1dB)
2024-06-12 10:13:19,334 - INFO -     obj  0:     1.000000     2.000000     3.000000     0.000000     3.741657    26.565051           53          200          583
2024-06-12 10:13:19,334 - INFO -     obj  1:     1.000000     2.000000     3.000000     0.000000     3.741657    26.565051           53          120          528
2024-06-12 10:13:19,334 - INFO -     obj  2:     1.000000     2.000000     3.000000     0.000000     3.741657    26.565051           53          431          459
2024-06-12 10:13:19,334 - INFO - Parser result: 0
2024-06-12 10:13:19,334 - INFO - totalBytesParsed: 25376
2024-06-12 10:13:19,334 - INFO - headerStartIndex    = 0
2024-06-12 10:13:19,334 - INFO - totalPacketNumBytes = 736
2024-06-12 10:13:19,334 - INFO - platform            = b'000a6843'
2024-06-12 10:13:19,334 - INFO - frameNumber         = 244
2024-06-12 10:13:19,334 - INFO - timeCpuCycles       = 2578473356
2024-06-12 10:13:19,334 - INFO - numDetObj           = 4
2024-06-12 10:13:19,334 - INFO - numTlv              = 5
2024-06-12 10:13:19,334 - INFO - subFrameNumber      = 0
2024-06-12 10:13:19,334 - INFO - The 1st TLV
2024-06-12 10:13:19,334 - INFO -     type 1
2024-06-12 10:13:19,334 - INFO -     len 64 bytes
2024-06-12 10:13:19,334 - INFO - The 2nd TLV
2024-06-12 10:13:19,334 - INFO -     type 7
2024-06-12 10:13:19,334 - INFO -     len 16 bytes
2024-06-12 10:13:19,334 - INFO -                   x(m)         y(m)         z(m)        v(m/s)    Com0range(m)  azimuth(deg)  elevAngle(deg)  snr(0.1dB)    noise(0.1dB)
2024-06-12 10:13:19,334 - INFO -     obj  0:     1.000000     2.000000     3.000000     0.000000     3.741657    26.565051           53          191          575
2024-06-12 10:13:19,334 - INFO -     obj  1:     1.000000     2.000000     3.000000     0.000000     3.741657    26.565051           53          124          494
2024-06-12 10:13:19,334 - INFO -     obj  2:     1.000000     2.000000     3.000000     0.000000     3.741657    26.565051           53          432          458
2024-06-12 10:13:19,334 - INFO -     obj  3:     1.000000     2.000000     3.000000     0.000000     3.741657    26.565051           53          113          603
2024-06-12 10:13:19,334 - INFO - Parser result: 0
2024-06-12 10:13:19,334 - INFO - totalBytesParsed: 26112
2024-06-12 10:13:19,334 - INFO - headerStartIndex    = 0
2024-06-12 10:13:19,334 - INFO - totalPacketNumBytes = 736
2024-06-12 10:13:19,334 - INFO - platform            = b'000a6843'
2024-06-12 10:13:19,334 - INFO - frameNumber         = 245
2024-06-12 10:13:19,334 - INFO - timeCpuCycles       = 2618459349
2024-06-12 10:13:19,334 - INFO - numDetObj           = 4
2024-06-12 10:13:19,334 - INFO - numTlv              = 5
2024-06-12 10:13:19,334 - INFO - subFrameNumber      = 0
2024-06-12 10:13:19,334 - INFO - The 1st TLV
2024-06-12 10:13:19,334 - INFO -     type 1
2024-06-12 10:13:19,334 - INFO -     len 64 bytes
2024-06-12 10:13:19,334 - INFO - The 2nd TLV
2024-06-12 10:13:19,334 - INFO -     type 7
2024-06-12 10:13:19,334 - INFO -     len 16 bytes
2024-06-12 10:13:19,334 - INFO -                   x(m)         y(m)         z(m)        v(m/s)    Com0range(m)  azimuth(deg)  elevAngle(deg)  snr(0.1dB)    noise(0.1dB)
2024-06-12 10:13:19,334 - INFO -     obj  0:     1.000000     2.000000     3.000000     0.000000     3.741657    26.565051           53          207          549
2024-06-12 10:13:19,334 - INFO -     obj  1:     1.000000     2.000000     3.000000     0.000000     3.741657    26.565051           53          115          512
2024-06-12 10:13:19,334 - INFO -     obj  2:     1.000000     2.000000     3.000000     0.000000     3.741657    26.565051           53          424          466
2024-06-12 10:13:19,334 - INFO -     obj  3:     1.000000     2.000000     3.000000     0.000000     3.741657    26.565051           53          119          601
2024-06-12 10:13:19,334 - INFO - Parser result: 0
2024-06-12 10:13:19,350 - INFO - totalBytesParsed: 26848
2024-06-12 10:13:19,350 - INFO - headerStartIndex    = 0
2024-06-12 10:13:19,350 - INFO - totalPacketNumBytes = 768
2024-06-12 10:13:19,350 - INFO - platform            = b'000a6843'
2024-06-12 10:13:19,350 - INFO - frameNumber         = 246
2024-06-12 10:13:19,350 - INFO - timeCpuCycles       = 2658463034
2024-06-12 10:13:19,350 - INFO - numDetObj           = 5
2024-06-12 10:13:19,350 - INFO - numTlv              = 5
2024-06-12 10:13:19,350 - INFO - subFrameNumber      = 0
2024-06-12 10:13:19,350 - INFO - The 1st TLV
2024-06-12 10:13:19,350 - INFO -     type 1
2024-06-12 10:13:19,350 - INFO -     len 80 bytes
2024-06-12 10:13:19,350 - INFO - The 2nd TLV
2024-06-12 10:13:19,350 - INFO -     type 7
2024-06-12 10:13:19,350 - INFO -     len 20 bytes
2024-06-12 10:13:19,350 - INFO -                   x(m)         y(m)         z(m)        v(m/s)    Com0range(m)  azimuth(deg)  elevAngle(deg)  snr(0.1dB)    noise(0.1dB)
2024-06-12 10:13:19,350 - INFO -     obj  0:     1.000000     2.000000     3.000000     0.000000     3.741657    26.565051           53          113          587
2024-06-12 10:13:19,350 - INFO -     obj  1:     1.000000     2.000000     3.000000     0.000000     3.741657    26.565051           53          220          535
2024-06-12 10:13:19,350 - INFO -     obj  2:     1.000000     2.000000     3.000000     0.000000     3.741657    26.565051           53          431          459
2024-06-12 10:13:19,350 - INFO -     obj  3:     1.000000     2.000000     3.000000     0.000000     3.741657    26.565051           53          119          602
2024-06-12 10:13:19,351 - INFO -     obj  4:     1.000000     2.000000     3.000000     0.120712     3.741657    26.565051           53          118          660
2024-06-12 10:13:19,351 - INFO - Parser result: 0
2024-06-12 10:13:19,351 - INFO - totalBytesParsed: 27616
2024-06-12 10:13:19,351 - INFO - headerStartIndex    = 0
2024-06-12 10:13:19,351 - INFO - totalPacketNumBytes = 736
2024-06-12 10:13:19,351 - INFO - platform            = b'000a6843'
2024-06-12 10:13:19,351 - INFO - frameNumber         = 247
2024-06-12 10:13:19,351 - INFO - timeCpuCycles       = 2698439391
2024-06-12 10:13:19,351 - INFO - numDetObj           = 4
2024-06-12 10:13:19,351 - INFO - numTlv              = 5
2024-06-12 10:13:19,351 - INFO - subFrameNumber      = 0
2024-06-12 10:13:19,351 - INFO - The 1st TLV
2024-06-12 10:13:19,351 - INFO -     type 1
2024-06-12 10:13:19,351 - INFO -     len 64 bytes
2024-06-12 10:13:19,351 - INFO - The 2nd TLV
2024-06-12 10:13:19,351 - INFO -     type 7
2024-06-12 10:13:19,351 - INFO -     len 16 bytes
2024-06-12 10:13:19,351 - INFO -                   x(m)         y(m)         z(m)        v(m/s)    Com0range(m)  azimuth(deg)  elevAngle(deg)  snr(0.1dB)    noise(0.1dB)
2024-06-12 10:13:19,351 - INFO -     obj  0:     1.000000     2.000000     3.000000     0.000000     3.741657    26.565051           53          191          602
2024-06-12 10:13:19,351 - INFO -     obj  1:     1.000000     2.000000     3.000000     0.000000     3.741657    26.565051           53          177          527
2024-06-12 10:13:19,352 - INFO -     obj  2:     1.000000     2.000000     3.000000     0.000000     3.741657    26.565051           53          426          464
2024-06-12 10:13:19,352 - INFO -     obj  3:     1.000000     2.000000     3.000000     0.000000     3.741657    26.565051           53          136          596
2024-06-12 10:13:19,352 - INFO - Parser result: 0
2024-06-12 10:13:19,352 - INFO - totalBytesParsed: 28352
2024-06-12 10:13:19,352 - INFO - headerStartIndex    = 0
2024-06-12 10:13:19,352 - INFO - totalPacketNumBytes = 832
2024-06-12 10:13:19,352 - INFO - platform            = b'000a6843'
2024-06-12 10:13:19,352 - INFO - frameNumber         = 248
2024-06-12 10:13:19,352 - INFO - timeCpuCycles       = 2738495020
2024-06-12 10:13:19,352 - INFO - numDetObj           = 9
2024-06-12 10:13:19,352 - INFO - numTlv              = 5
2024-06-12 10:13:19,352 - INFO - subFrameNumber      = 0
2024-06-12 10:13:19,352 - INFO - The 1st TLV
2024-06-12 10:13:19,352 - INFO -     type 1
2024-06-12 10:13:19,352 - INFO -     len 144 bytes
2024-06-12 10:13:19,352 - INFO - The 2nd TLV
2024-06-12 10:13:19,352 - INFO -     type 7
2024-06-12 10:13:19,352 - INFO -     len 36 bytes
2024-06-12 10:13:19,352 - INFO -                   x(m)         y(m)         z(m)        v(m/s)    Com0range(m)  azimuth(deg)  elevAngle(deg)  snr(0.1dB)    noise(0.1dB)
2024-06-12 10:13:19,352 - INFO -     obj  0:     1.000000     2.000000     3.000000     0.000000     3.741657    26.565051           53          184          599
2024-06-12 10:13:19,352 - INFO -     obj  1:     1.000000     2.000000     3.000000     0.000000     3.741657    26.565051           53          199          560
2024-06-12 10:13:19,353 - INFO -     obj  2:     1.000000     2.000000     3.000000     0.000000     3.741657    26.565051           53          347          463
2024-06-12 10:13:19,353 - INFO -     obj  3:     1.000000     2.000000     3.000000     0.000000     3.741657    26.565051           53          142          559
2024-06-12 10:13:19,353 - INFO -     obj  4:     1.000000     2.000000     3.000000     0.000000     3.741657    26.565051           53          142          559
2024-06-12 10:13:19,353 - INFO -     obj  5:     1.000000     2.000000     3.000000    -0.603561     3.741657    26.565051           53          289          567
2024-06-12 10:13:19,353 - INFO -     obj  6:     1.000000     2.000000     3.000000    -0.241424     3.741657    26.565051           53          115          443
2024-06-12 10:13:19,353 - INFO -     obj  7:     1.000000     2.000000     3.000000    -0.241424     3.741657    26.565051           53          115          443
2024-06-12 10:13:19,353 - INFO -     obj  8:     1.000000     2.000000     3.000000    -0.241424     3.741657    26.565051           53          115          443
2024-06-12 10:13:19,353 - INFO - Parser result: 0
2024-06-12 10:13:19,353 - INFO - totalBytesParsed: 29184
2024-06-12 10:13:19,353 - INFO - headerStartIndex    = 0
2024-06-12 10:13:19,353 - INFO - totalPacketNumBytes = 736
2024-06-12 10:13:19,353 - INFO - platform            = b'000a6843'
2024-06-12 10:13:19,353 - INFO - frameNumber         = 249
2024-06-12 10:13:19,353 - INFO - timeCpuCycles       = 2778452820
2024-06-12 10:13:19,353 - INFO - numDetObj           = 4
2024-06-12 10:13:19,353 - INFO - numTlv              = 5
2024-06-12 10:13:19,353 - INFO - subFrameNumber      = 0
2024-06-12 10:13:19,353 - INFO - The 1st TLV
2024-06-12 10:13:19,353 - INFO -     type 1
2024-06-12 10:13:19,353 - INFO -     len 64 bytes
2024-06-12 10:13:19,353 - INFO - The 2nd TLV
2024-06-12 10:13:19,353 - INFO -     type 7
2024-06-12 10:13:19,353 - INFO -     len 16 bytes
2024-06-12 10:13:19,353 - INFO -                   x(m)         y(m)         z(m)        v(m/s)    Com0range(m)  azimuth(deg)  elevAngle(deg)  snr(0.1dB)    noise(0.1dB)
2024-06-12 10:13:19,353 - INFO -     obj  0:     1.000000     2.000000     3.000000     0.000000     3.741657    26.565051           53          170          584
2024-06-12 10:13:19,353 - INFO -     obj  1:     1.000000     2.000000     3.000000     0.000000     3.741657    26.565051           53          245          463
2024-06-12 10:13:19,353 - INFO -     obj  2:     1.000000     2.000000     3.000000     0.000000     3.741657    26.565051           53          152          513
2024-06-12 10:13:19,353 - INFO -     obj  3:     1.000000     2.000000     3.000000    -0.241424     3.741657    26.565051           53          265          614
2024-06-12 10:13:19,353 - INFO - Parser result: 0
2024-06-12 10:13:19,353 - INFO - totalBytesParsed: 29920
2024-06-12 10:13:19,353 - INFO - headerStartIndex    = 0
2024-06-12 10:13:19,353 - INFO - totalPacketNumBytes = 736
2024-06-12 10:13:19,353 - INFO - platform            = b'000a6843'
2024-06-12 10:13:19,353 - INFO - frameNumber         = 250
2024-06-12 10:13:19,353 - INFO - timeCpuCycles       = 2818396916
2024-06-12 10:13:19,353 - INFO - numDetObj           = 4
2024-06-12 10:13:19,353 - INFO - numTlv              = 5
2024-06-12 10:13:19,353 - INFO - subFrameNumber      = 0
2024-06-12 10:13:19,353 - INFO - The 1st TLV
2024-06-12 10:13:19,353 - INFO -     type 1
2024-06-12 10:13:19,353 - INFO -     len 64 bytes
2024-06-12 10:13:19,353 - INFO - The 2nd TLV
2024-06-12 10:13:19,353 - INFO -     type 7
2024-06-12 10:13:19,353 - INFO -     len 16 bytes
2024-06-12 10:13:19,353 - INFO -                   x(m)         y(m)         z(m)        v(m/s)    Com0range(m)  azimuth(deg)  elevAngle(deg)  snr(0.1dB)    noise(0.1dB)
2024-06-12 10:13:19,353 - INFO -     obj  0:     1.000000     2.000000     3.000000     0.000000     3.741657    26.565051           53          258          654
2024-06-12 10:13:19,353 - INFO -     obj  1:     1.000000     2.000000     3.000000     0.000000     3.741657    26.565051           53          113          464
2024-06-12 10:13:19,353 - INFO -     obj  2:     1.000000     2.000000     3.000000     0.000000     3.741657    26.565051           53          113          464
2024-06-12 10:13:19,353 - INFO -     obj  3:     1.000000     2.000000     3.000000     0.000000     3.741657    26.565051           53          113          464
2024-06-12 10:13:19,353 - INFO - Parser result: 0
2024-06-12 10:13:19,353 - INFO - totalBytesParsed: 30656
2024-06-12 10:13:19,353 - INFO - headerStartIndex    = 0
2024-06-12 10:13:19,353 - INFO - totalPacketNumBytes = 768
2024-06-12 10:13:19,353 - INFO - platform            = b'000a6843'
2024-06-12 10:13:19,353 - INFO - frameNumber         = 251
2024-06-12 10:13:19,353 - INFO - timeCpuCycles       = 2858465672
2024-06-12 10:13:19,353 - INFO - numDetObj           = 5
2024-06-12 10:13:19,353 - INFO - numTlv              = 5
2024-06-12 10:13:19,353 - INFO - subFrameNumber      = 0
2024-06-12 10:13:19,353 - INFO - The 1st TLV
2024-06-12 10:13:19,353 - INFO -     type 1
2024-06-12 10:13:19,353 - INFO -     len 80 bytes
2024-06-12 10:13:19,353 - INFO - The 2nd TLV
2024-06-12 10:13:19,353 - INFO -     type 7
2024-06-12 10:13:19,353 - INFO -     len 20 bytes
2024-06-12 10:13:19,353 - INFO -                   x(m)         y(m)         z(m)        v(m/s)    Com0range(m)  azimuth(deg)  elevAngle(deg)  snr(0.1dB)    noise(0.1dB)
2024-06-12 10:13:19,353 - INFO -     obj  0:     1.000000     2.000000     3.000000     0.000000     3.741657    26.565051           53          150          519
2024-06-12 10:13:19,353 - INFO -     obj  1:     1.000000     2.000000     3.000000     0.000000     3.741657    26.565051           53          120          478
2024-06-12 10:13:19,353 - INFO -     obj  2:     1.000000     2.000000     3.000000     0.000000     3.741657    26.565051           53          120          478
2024-06-12 10:13:19,353 - INFO -     obj  3:     1.000000     2.000000     3.000000     0.000000     3.741657    26.565051           53          140          462
2024-06-12 10:13:19,353 - INFO -     obj  4:     1.000000     2.000000     3.000000    -0.120712     3.741657    26.565051           53          305          629
2024-06-12 10:13:19,353 - INFO - Parser result: 0
2024-06-12 10:13:19,353 - INFO - totalBytesParsed: 31424
2024-06-12 10:13:19,353 - INFO - headerStartIndex    = 0
2024-06-12 10:13:19,353 - INFO - totalPacketNumBytes = 672
2024-06-12 10:13:19,353 - INFO - platform            = b'000a6843'
2024-06-12 10:13:19,353 - INFO - frameNumber         = 252
2024-06-12 10:13:19,353 - INFO - timeCpuCycles       = 2898363889
2024-06-12 10:13:19,353 - INFO - numDetObj           = 1
2024-06-12 10:13:19,353 - INFO - numTlv              = 5
2024-06-12 10:13:19,353 - INFO - subFrameNumber      = 0
2024-06-12 10:13:19,353 - INFO - The 1st TLV
2024-06-12 10:13:19,353 - INFO -     type 1
2024-06-12 10:13:19,353 - INFO -     len 16 bytes
2024-06-12 10:13:19,353 - INFO - The 2nd TLV
2024-06-12 10:13:19,353 - INFO -     type 7
2024-06-12 10:13:19,353 - INFO -     len 4 bytes
2024-06-12 10:13:19,353 - INFO -                   x(m)         y(m)         z(m)        v(m/s)    Com0range(m)  azimuth(deg)  elevAngle(deg)  snr(0.1dB)    noise(0.1dB)
2024-06-12 10:13:19,353 - INFO -     obj  0:     1.000000     2.000000     3.000000     0.000000     3.741657    26.565051           53          314          602
2024-06-12 10:13:19,353 - INFO - Parser result: 0
2024-06-12 10:13:19,353 - INFO - totalBytesParsed: 32096
2024-06-12 10:13:19,353 - INFO - headerStartIndex    = 0
2024-06-12 10:13:19,353 - INFO - totalPacketNumBytes = 704
2024-06-12 10:13:19,353 - INFO - platform            = b'000a6843'
2024-06-12 10:13:19,353 - INFO - frameNumber         = 253
2024-06-12 10:13:19,353 - INFO - timeCpuCycles       = 2938359398
2024-06-12 10:13:19,353 - INFO - numDetObj           = 2
2024-06-12 10:13:19,353 - INFO - numTlv              = 5
2024-06-12 10:13:19,353 - INFO - subFrameNumber      = 0
2024-06-12 10:13:19,353 - INFO - The 1st TLV
2024-06-12 10:13:19,353 - INFO -     type 1
2024-06-12 10:13:19,353 - INFO -     len 32 bytes
2024-06-12 10:13:19,353 - INFO - The 2nd TLV
2024-06-12 10:13:19,353 - INFO -     type 7
2024-06-12 10:13:19,353 - INFO -     len 8 bytes
2024-06-12 10:13:19,353 - INFO -                   x(m)         y(m)         z(m)        v(m/s)    Com0range(m)  azimuth(deg)  elevAngle(deg)  snr(0.1dB)    noise(0.1dB)
2024-06-12 10:13:19,353 - INFO -     obj  0:     1.000000     2.000000     3.000000     0.000000     3.741657    26.565051           53          322          585
2024-06-12 10:13:19,353 - INFO -     obj  1:     1.000000     2.000000     3.000000     0.000000     3.741657    26.565051           53          322          585
2024-06-12 10:13:19,353 - INFO - Parser result: 0
2024-06-12 10:13:19,353 - INFO - totalBytesParsed: 32800
2024-06-12 10:13:19,353 - INFO - headerStartIndex    = 0
2024-06-12 10:13:19,353 - INFO - totalPacketNumBytes = 704
2024-06-12 10:13:19,353 - INFO - platform            = b'000a6843'
2024-06-12 10:13:19,353 - INFO - frameNumber         = 254
2024-06-12 10:13:19,353 - INFO - timeCpuCycles       = 2978374486
2024-06-12 10:13:19,353 - INFO - numDetObj           = 3
2024-06-12 10:13:19,353 - INFO - numTlv              = 5
2024-06-12 10:13:19,353 - INFO - subFrameNumber      = 0
2024-06-12 10:13:19,353 - INFO - The 1st TLV
2024-06-12 10:13:19,353 - INFO -     type 1
2024-06-12 10:13:19,353 - INFO -     len 48 bytes
2024-06-12 10:13:19,353 - INFO - The 2nd TLV
2024-06-12 10:13:19,353 - INFO -     type 7
2024-06-12 10:13:19,353 - INFO -     len 12 bytes
2024-06-12 10:13:19,353 - INFO -                   x(m)         y(m)         z(m)        v(m/s)    Com0range(m)  azimuth(deg)  elevAngle(deg)  snr(0.1dB)    noise(0.1dB)
2024-06-12 10:13:19,353 - INFO -     obj  0:     1.000000     2.000000     3.000000     0.000000     3.741657    26.565051           53          340          585
2024-06-12 10:13:19,353 - INFO -     obj  1:     1.000000     2.000000     3.000000     0.000000     3.741657    26.565051           53          340          585
2024-06-12 10:13:19,353 - INFO -     obj  2:     1.000000     2.000000     3.000000     0.000000     3.741657    26.565051           53          340          585
2024-06-12 10:13:19,353 - INFO - Parser result: 0
2024-06-12 10:13:19,353 - INFO - totalBytesParsed: 33504
2024-06-12 10:13:19,353 - INFO - headerStartIndex    = 0
2024-06-12 10:13:19,353 - INFO - totalPacketNumBytes = 768
2024-06-12 10:13:19,353 - INFO - platform            = b'000a6843'
2024-06-12 10:13:19,353 - INFO - frameNumber         = 255
2024-06-12 10:13:19,353 - INFO - timeCpuCycles       = 3018482300
2024-06-12 10:13:19,353 - INFO - numDetObj           = 6
2024-06-12 10:13:19,353 - INFO - numTlv              = 5
2024-06-12 10:13:19,353 - INFO - subFrameNumber      = 0
2024-06-12 10:13:19,353 - INFO - The 1st TLV
2024-06-12 10:13:19,353 - INFO -     type 1
2024-06-12 10:13:19,353 - INFO -     len 96 bytes
2024-06-12 10:13:19,353 - INFO - The 2nd TLV
2024-06-12 10:13:19,353 - INFO -     type 7
2024-06-12 10:13:19,353 - INFO -     len 24 bytes
2024-06-12 10:13:19,353 - INFO -                   x(m)         y(m)         z(m)        v(m/s)    Com0range(m)  azimuth(deg)  elevAngle(deg)  snr(0.1dB)    noise(0.1dB)
2024-06-12 10:13:19,353 - INFO -     obj  0:     1.000000     2.000000     3.000000     0.000000     3.741657    26.565051           53          150          603
2024-06-12 10:13:19,353 - INFO -     obj  1:     1.000000     2.000000     3.000000     0.000000     3.741657    26.565051           53          171          486
2024-06-12 10:13:19,353 - INFO -     obj  2:     1.000000     2.000000     3.000000     0.000000     3.741657    26.565051           53          177          454
2024-06-12 10:13:19,353 - INFO -     obj  3:     1.000000     2.000000     3.000000     0.000000     3.741657    26.565051           53          164          510
2024-06-12 10:13:19,353 - INFO -     obj  4:     1.000000     2.000000     3.000000     0.603561     3.741657    26.565051           53          324          579
2024-06-12 10:13:19,353 - INFO -     obj  5:     1.000000     2.000000     3.000000     0.724273     3.741657    26.565051           53          238          421
2024-06-12 10:13:19,353 - INFO - Parser result: 0
2024-06-12 10:13:19,353 - INFO - totalBytesParsed: 34272
2024-06-12 10:13:19,353 - INFO - headerStartIndex    = 0
2024-06-12 10:13:19,353 - INFO - totalPacketNumBytes = 832
2024-06-12 10:13:19,353 - INFO - platform            = b'000a6843'
2024-06-12 10:13:19,353 - INFO - frameNumber         = 256
2024-06-12 10:13:19,353 - INFO - timeCpuCycles       = 3058515977
2024-06-12 10:13:19,353 - INFO - numDetObj           = 8
2024-06-12 10:13:19,353 - INFO - numTlv              = 5
2024-06-12 10:13:19,353 - INFO - subFrameNumber      = 0
2024-06-12 10:13:19,353 - INFO - The 1st TLV
2024-06-12 10:13:19,353 - INFO -     type 1
2024-06-12 10:13:19,353 - INFO -     len 128 bytes
2024-06-12 10:13:19,353 - INFO - The 2nd TLV
2024-06-12 10:13:19,353 - INFO -     type 7
2024-06-12 10:13:19,353 - INFO -     len 32 bytes
2024-06-12 10:13:19,353 - INFO -                   x(m)         y(m)         z(m)        v(m/s)    Com0range(m)  azimuth(deg)  elevAngle(deg)  snr(0.1dB)    noise(0.1dB)
2024-06-12 10:13:19,353 - INFO -     obj  0:     1.000000     2.000000     3.000000     0.000000     3.741657    26.565051           53          181          588
2024-06-12 10:13:19,353 - INFO -     obj  1:     1.000000     2.000000     3.000000     0.000000     3.741657    26.565051           53          181          588
2024-06-12 10:13:19,353 - INFO -     obj  2:     1.000000     2.000000     3.000000     0.000000     3.741657    26.565051           53          206          555
2024-06-12 10:13:19,353 - INFO -     obj  3:     1.000000     2.000000     3.000000     0.000000     3.741657    26.565051           53          429          457
2024-06-12 10:13:19,353 - INFO -     obj  4:     1.000000     2.000000     3.000000     0.000000     3.741657    26.565051           53          114          600
2024-06-12 10:13:19,353 - INFO -     obj  5:     1.000000     2.000000     3.000000     0.120712     3.741657    26.565051           53          214          554
2024-06-12 10:13:19,353 - INFO -     obj  6:     1.000000     2.000000     3.000000     0.482849     3.741657    26.565051           53          277          539
2024-06-12 10:13:19,353 - INFO -     obj  7:     1.000000     2.000000     3.000000     0.844985     3.741657    26.565051           53          260          566
2024-06-12 10:13:19,353 - INFO - Parser result: 0
2024-06-12 10:13:19,353 - INFO - totalBytesParsed: 35104
2024-06-12 10:13:19,353 - INFO - headerStartIndex    = 0
2024-06-12 10:13:19,353 - INFO - totalPacketNumBytes = 768
2024-06-12 10:13:19,353 - INFO - platform            = b'000a6843'
2024-06-12 10:13:19,353 - INFO - frameNumber         = 257
2024-06-12 10:13:19,353 - INFO - timeCpuCycles       = 3098511715
2024-06-12 10:13:19,353 - INFO - numDetObj           = 6
2024-06-12 10:13:19,353 - INFO - numTlv              = 5
2024-06-12 10:13:19,353 - INFO - subFrameNumber      = 0
2024-06-12 10:13:19,353 - INFO - The 1st TLV
2024-06-12 10:13:19,353 - INFO -     type 1
2024-06-12 10:13:19,353 - INFO -     len 96 bytes
2024-06-12 10:13:19,353 - INFO - The 2nd TLV
2024-06-12 10:13:19,353 - INFO -     type 7
2024-06-12 10:13:19,353 - INFO -     len 24 bytes
2024-06-12 10:13:19,353 - INFO -                   x(m)         y(m)         z(m)        v(m/s)    Com0range(m)  azimuth(deg)  elevAngle(deg)  snr(0.1dB)    noise(0.1dB)
2024-06-12 10:13:19,353 - INFO -     obj  0:     1.000000     2.000000     3.000000     0.000000     3.741657    26.565051           53          180          606
2024-06-12 10:13:19,353 - INFO -     obj  1:     1.000000     2.000000     3.000000     0.000000     3.741657    26.565051           53          165          574
2024-06-12 10:13:19,353 - INFO -     obj  2:     1.000000     2.000000     3.000000     0.000000     3.741657    26.565051           53          418          472
2024-06-12 10:13:19,353 - INFO -     obj  3:     1.000000     2.000000     3.000000     0.000000     3.741657    26.565051           53          123          601
2024-06-12 10:13:19,353 - INFO -     obj  4:     1.000000     2.000000     3.000000     0.241424     3.741657    26.565051           53          193          549
2024-06-12 10:13:19,353 - INFO -     obj  5:     1.000000     2.000000     3.000000     0.241424     3.741657    26.565051           53          211          548
2024-06-12 10:13:19,353 - INFO - Parser result: 0
2024-06-12 10:13:19,353 - INFO - totalBytesParsed: 35872
2024-06-12 10:13:19,353 - INFO - headerStartIndex    = 0
2024-06-12 10:13:19,353 - INFO - totalPacketNumBytes = 736
2024-06-12 10:13:19,353 - INFO - platform            = b'000a6843'
2024-06-12 10:13:19,353 - INFO - frameNumber         = 258
2024-06-12 10:13:19,353 - INFO - timeCpuCycles       = 3138445581
2024-06-12 10:13:19,353 - INFO - numDetObj           = 4
2024-06-12 10:13:19,353 - INFO - numTlv              = 5
2024-06-12 10:13:19,353 - INFO - subFrameNumber      = 0
2024-06-12 10:13:19,353 - INFO - The 1st TLV
2024-06-12 10:13:19,353 - INFO -     type 1
2024-06-12 10:13:19,353 - INFO -     len 64 bytes
2024-06-12 10:13:19,353 - INFO - The 2nd TLV
2024-06-12 10:13:19,353 - INFO -     type 7
2024-06-12 10:13:19,353 - INFO -     len 16 bytes
2024-06-12 10:13:19,353 - INFO -                   x(m)         y(m)         z(m)        v(m/s)    Com0range(m)  azimuth(deg)  elevAngle(deg)  snr(0.1dB)    noise(0.1dB)
2024-06-12 10:13:19,353 - INFO -     obj  0:     1.000000     2.000000     3.000000     0.000000     3.741657    26.565051           53          190          565
2024-06-12 10:13:19,353 - INFO -     obj  1:     1.000000     2.000000     3.000000     0.000000     3.741657    26.565051           53          131          534
2024-06-12 10:13:19,353 - INFO -     obj  2:     1.000000     2.000000     3.000000     0.000000     3.741657    26.565051           53          417          473
2024-06-12 10:13:19,353 - INFO -     obj  3:     1.000000     2.000000     3.000000     0.000000     3.741657    26.565051           53          126          602
2024-06-12 10:13:19,353 - INFO - Parser result: 0
2024-06-12 10:13:19,353 - INFO - totalBytesParsed: 36608
2024-06-12 10:13:19,353 - INFO - headerStartIndex    = 0
2024-06-12 10:13:19,353 - INFO - totalPacketNumBytes = 768
2024-06-12 10:13:19,353 - INFO - platform            = b'000a6843'
2024-06-12 10:13:19,353 - INFO - frameNumber         = 259
2024-06-12 10:13:19,353 - INFO - timeCpuCycles       = 3178460972
2024-06-12 10:13:19,353 - INFO - numDetObj           = 5
2024-06-12 10:13:19,353 - INFO - numTlv              = 5
2024-06-12 10:13:19,353 - INFO - subFrameNumber      = 0
2024-06-12 10:13:19,353 - INFO - The 1st TLV
2024-06-12 10:13:19,353 - INFO -     type 1
2024-06-12 10:13:19,353 - INFO -     len 80 bytes
2024-06-12 10:13:19,353 - INFO - The 2nd TLV
2024-06-12 10:13:19,353 - INFO -     type 7
2024-06-12 10:13:19,353 - INFO -     len 20 bytes
2024-06-12 10:13:19,353 - INFO -                   x(m)         y(m)         z(m)        v(m/s)    Com0range(m)  azimuth(deg)  elevAngle(deg)  snr(0.1dB)    noise(0.1dB)
2024-06-12 10:13:19,353 - INFO -     obj  0:     1.000000     2.000000     3.000000     0.000000     3.741657    26.565051           53          179          558
2024-06-12 10:13:19,353 - INFO -     obj  1:     1.000000     2.000000     3.000000     0.000000     3.741657    26.565051           53          428          462
2024-06-12 10:13:19,353 - INFO -     obj  2:     1.000000     2.000000     3.000000     0.000000     3.741657    26.565051           53          129          602
2024-06-12 10:13:19,353 - INFO -     obj  3:     1.000000     2.000000     3.000000    -0.482849     3.741657    26.565051           53          243          482
2024-06-12 10:13:19,353 - INFO -     obj  4:     1.000000     2.000000     3.000000    -0.241424     3.741657    26.565051           53          239          508
2024-06-12 10:13:19,353 - INFO - Parser result: 0
2024-06-12 10:13:19,353 - INFO - totalBytesParsed: 37376
2024-06-12 10:13:19,353 - INFO - headerStartIndex    = 0
2024-06-12 10:13:19,353 - INFO - totalPacketNumBytes = 704
2024-06-12 10:13:19,353 - INFO - platform            = b'000a6843'
2024-06-12 10:13:19,353 - INFO - frameNumber         = 260
2024-06-12 10:13:19,353 - INFO - timeCpuCycles       = 3218416612
2024-06-12 10:13:19,353 - INFO - numDetObj           = 3
2024-06-12 10:13:19,353 - INFO - numTlv              = 5
2024-06-12 10:13:19,353 - INFO - subFrameNumber      = 0
2024-06-12 10:13:19,353 - INFO - ********** Frame Fail, readNumBytes may not long enough ***********
2024-06-12 10:13:19,353 - INFO - Parser result: 1
2024-06-12 10:13:19,353 - INFO - numFramesParsed: 50
