2024-07-29 23:02:57,560 readNumBytes: 5184
2024-07-29 23:02:57,572 Header_Start_Index                   = 0
2024-07-29 23:02:57,572 Total Packet Length(number of bytes) = 393280
2024-07-29 23:02:57,572 Platform                             = 000a6843
2024-07-29 23:02:57,572 Frame Number                         = 15
2024-07-29 23:02:57,572 Time (CPU Cycles)                    = 121512247
2024-07-29 23:02:57,572 Number of Detected Objects           = 1
2024-07-29 23:02:57,572 Number of TLVs                       = 1
2024-07-29 23:02:57,572 SubFrameNumber                       = 0
2024-07-29 23:02:57,572 Frame Fail, readNumBytes may not be long enough
2024-07-29 23:02:57,572 The 1st TLV
2024-07-29 23:02:57,572 TLV type = 10
2024-07-29 23:02:57,572 TLV length = 393216 bytes
2024-07-29 23:02:57,573 Length of the captured radar cube data = 5136 bytes
2024-07-29 23:02:57,573 Complex data size = 4
2024-07-29 23:02:57,573 Number of complex numbers/radarcube data elements = 98304
2024-07-29 23:02:57,574 Attempt to read beyond buffer size at index 1284
2024-07-29 23:02:57,574 Radar Cube Data (Imag, Real):
2024-07-29 23:02:57,574   Imaginary: 21536, Real: 2048
2024-07-29 23:02:57,574   Imaginary: 5356, Real: 1
2024-07-29 23:02:57,574   Imaginary: 12302, Real: 0
2024-07-29 23:02:57,574   Imaginary: 1, Real: 0
2024-07-29 23:02:57,574   Imaginary: 258, Real: 772
2024-07-29 23:02:57,574   Imaginary: 1286, Real: 1800
2024-07-29 23:02:57,574   Imaginary: 512, Real: 774
2024-07-29 23:02:57,574   Imaginary: 64, Real: 6
2024-07-29 23:02:57,574   Imaginary: 26691, Real: 10
2024-07-29 23:02:57,574   Imaginary: 16, Real: 0
2024-07-29 23:02:57,574   Imaginary: 4487, Real: 2236
2024-07-29 23:02:57,574   Imaginary: 2, Real: 0
2024-07-29 23:02:57,574   Imaginary: 1, Real: 0
2024-07-29 23:02:57,574   Imaginary: 0, Real: 0
2024-07-29 23:02:57,574   Imaginary: 10, Real: 0
2024-07-29 23:02:57,574   Imaginary: 0, Real: 6
2024-07-29 23:02:57,574   Imaginary: 21536, Real: 2048
2024-07-29 23:02:57,574   Imaginary: 24968, Real: 1
2024-07-29 23:02:57,574   Imaginary: 21821, Real: 0
2024-07-29 23:02:57,574   Imaginary: 2, Real: 0
2024-07-29 23:02:57,574   Imaginary: 258, Real: 772
2024-07-29 23:02:57,574   Imaginary: 1286, Real: 1800
2024-07-29 23:02:57,574   Imaginary: 512, Real: 774
2024-07-29 23:02:57,574   Imaginary: 64, Real: 6
2024-07-29 23:02:57,574   Imaginary: 26691, Real: 10
2024-07-29 23:02:57,574   Imaginary: 17, Real: 0
2024-07-29 23:02:57,574   Imaginary: -32073, Real: 2617
2024-07-29 23:02:57,574   Imaginary: 2, Real: 0
2024-07-29 23:02:57,574   Imaginary: 1, Real: 0
2024-07-29 23:02:57,574   Imaginary: 0, Real: 0
2024-07-29 23:02:57,574   Imaginary: 10, Real: 0
2024-07-29 23:02:57,574   Imaginary: 0, Real: 6
2024-07-29 23:02:57,574   Imaginary: 21536, Real: 2048
2024-07-29 23:02:57,574   Imaginary: 24704, Real: 1
2024-07-29 23:02:57,574   Imaginary: 20918, Real: 0
2024-07-29 23:02:57,574   Imaginary: 2, Real: 0
2024-07-29 23:02:57,574   Imaginary: 258, Real: 772
2024-07-29 23:02:57,574   Imaginary: 1286, Real: 1800
2024-07-29 23:02:57,574   Imaginary: 512, Real: 774
2024-07-29 23:02:57,574   Imaginary: 64, Real: 6
2024-07-29 23:02:57,574   Imaginary: 26691, Real: 10
2024-07-29 23:02:57,574   Imaginary: 18, Real: 0
2024-07-29 23:02:57,574   Imaginary: -30130, Real: 2998
2024-07-29 23:02:57,574   Imaginary: 1, Real: 0
2024-07-29 23:02:57,574   Imaginary: 1, Real: 0
2024-07-29 23:02:57,574   Imaginary: 0, Real: 0
2024-07-29 23:02:57,574   Imaginary: 10, Real: 0
2024-07-29 23:02:57,574   Imaginary: 0, Real: 6
2024-07-29 23:02:57,574   Imaginary: 21536, Real: 2048
2024-07-29 23:02:57,574   Imaginary: 5515, Real: 1
2024-07-29 23:02:57,574   Imaginary: 12292, Real: 0
2024-07-29 23:02:57,574   Imaginary: 1, Real: 0
2024-07-29 23:02:57,574   Imaginary: 258, Real: 772
2024-07-29 23:02:57,574   Imaginary: 1286, Real: 1800
2024-07-29 23:02:57,574   Imaginary: 512, Real: 774
2024-07-29 23:02:57,574   Imaginary: 64, Real: 6
2024-07-29 23:02:57,574   Imaginary: 26691, Real: 10
2024-07-29 23:02:57,574   Imaginary: 19, Real: 0
2024-07-29 23:02:57,574   Imaginary: -261, Real: 3379
2024-07-29 23:02:57,574   Imaginary: 1, Real: 0
2024-07-29 23:02:57,574   Imaginary: 1, Real: 0
2024-07-29 23:02:57,574   Imaginary: 0, Real: 0
2024-07-29 23:02:57,574   Imaginary: 10, Real: 0
2024-07-29 23:02:57,574   Imaginary: 0, Real: 6
2024-07-29 23:02:57,574   Imaginary: 21536, Real: 2048
2024-07-29 23:02:57,574   Imaginary: 4716, Real: 1
2024-07-29 23:02:57,574   Imaginary: 12302, Real: 0
2024-07-29 23:02:57,574   Imaginary: 1, Real: 0
2024-07-29 23:02:57,574   Imaginary: 258, Real: 772
2024-07-29 23:02:57,574   Imaginary: 1286, Real: 1800
2024-07-29 23:02:57,574   Imaginary: 512, Real: 774
2024-07-29 23:02:57,574   Imaginary: 64, Real: 6
2024-07-29 23:02:57,574   Imaginary: 26691, Real: 10
2024-07-29 23:02:57,574   Imaginary: 20, Real: 0
2024-07-29 23:02:57,574   Imaginary: 30751, Real: 3761
2024-07-29 23:02:57,574   Imaginary: 1, Real: 0
2024-07-29 23:02:57,574   Imaginary: 1, Real: 0
2024-07-29 23:02:57,574   Imaginary: 0, Real: 0
2024-07-29 23:02:57,574   Imaginary: 10, Real: 0
2024-07-29 23:02:57,574   Imaginary: 0, Real: 6
2024-07-29 23:02:57,574   Imaginary: 21536, Real: 2048
2024-07-29 23:02:57,574   Imaginary: 4754, Real: 1
2024-07-29 23:02:57,574   Imaginary: 12310, Real: 0
2024-07-29 23:02:57,574   Imaginary: 1, Real: 0
2024-07-29 23:02:57,574   Imaginary: 258, Real: 772
2024-07-29 23:02:57,574   Imaginary: 1286, Real: 1800
2024-07-29 23:02:57,574   Imaginary: 512, Real: 774
2024-07-29 23:02:57,574   Imaginary: 64, Real: 6
2024-07-29 23:02:57,574   Imaginary: 26691, Real: 10
2024-07-29 23:02:57,574   Imaginary: 21, Real: 0
2024-07-29 23:02:57,574   Imaginary: -4437, Real: 4142
2024-07-29 23:02:57,574   Imaginary: 1, Real: 0
2024-07-29 23:02:57,574   Imaginary: 1, Real: 0
2024-07-29 23:02:57,574   Imaginary: 0, Real: 0
2024-07-29 23:02:57,574   Imaginary: 10, Real: 0
2024-07-29 23:02:57,574   Imaginary: 0, Real: 6
2024-07-29 23:02:57,574   Imaginary: 21536, Real: 2048
2024-07-29 23:02:57,574   Imaginary: 4616, Real: 1
2024-07-29 23:02:57,574   Imaginary: 12299, Real: 0
2024-07-29 23:02:57,574   Imaginary: 1, Real: 0
2024-07-29 23:02:57,574   Imaginary: 258, Real: 772
2024-07-29 23:02:57,574   Imaginary: 1286, Real: 1800
2024-07-29 23:02:57,574   Imaginary: 512, Real: 774
2024-07-29 23:02:57,574   Imaginary: 64, Real: 6
2024-07-29 23:02:57,574   Imaginary: 26691, Real: 10
2024-07-29 23:02:57,574   Imaginary: 22, Real: 0
2024-07-29 23:02:57,574   Imaginary: 27263, Real: 4524
2024-07-29 23:02:57,574   Imaginary: 1, Real: 0
2024-07-29 23:02:57,574   Imaginary: 1, Real: 0
2024-07-29 23:02:57,574   Imaginary: 0, Real: 0
2024-07-29 23:02:57,574   Imaginary: 10, Real: 0
2024-07-29 23:02:57,574   Imaginary: 0, Real: 6
2024-07-29 23:02:57,574   Imaginary: 21536, Real: 2048
2024-07-29 23:02:57,574   Imaginary: 4940, Real: 1
2024-07-29 23:02:57,574   Imaginary: 12292, Real: 0
2024-07-29 23:02:57,574   Imaginary: 1, Real: 0
2024-07-29 23:02:57,574   Imaginary: 258, Real: 772
2024-07-29 23:02:57,574   Imaginary: 1286, Real: 1800
2024-07-29 23:02:57,574   Imaginary: 512, Real: 774
2024-07-29 23:02:57,574   Imaginary: 64, Real: 6
2024-07-29 23:02:57,574   Imaginary: 26691, Real: 10
2024-07-29 23:02:57,574   Imaginary: 23, Real: 0
2024-07-29 23:02:57,574   Imaginary: -8005, Real: 4905
2024-07-29 23:02:57,574   Imaginary: 1, Real: 0
2024-07-29 23:02:57,574   Imaginary: 1, Real: 0
2024-07-29 23:02:57,574   Imaginary: 0, Real: 0
2024-07-29 23:02:57,574   Imaginary: 10, Real: 0
2024-07-29 23:02:57,574   Imaginary: 0, Real: 6
2024-07-29 23:02:57,574   Imaginary: 21536, Real: 2048
2024-07-29 23:02:57,574   Imaginary: 4609, Real: 1
2024-07-29 23:02:57,574   Imaginary: 12299, Real: 0
2024-07-29 23:02:57,574   Imaginary: 1, Real: 0
2024-07-29 23:02:57,574   Imaginary: 258, Real: 772
2024-07-29 23:02:57,574   Imaginary: 1286, Real: 1800
2024-07-29 23:02:57,574   Imaginary: 512, Real: 774
2024-07-29 23:02:57,574   Imaginary: 64, Real: 6
2024-07-29 23:02:57,574   Imaginary: 26691, Real: 10
2024-07-29 23:02:57,574   Imaginary: 24, Real: 0
2024-07-29 23:02:57,574   Imaginary: 22381, Real: 5287
2024-07-29 23:02:57,574   Imaginary: 1, Real: 0
2024-07-29 23:02:57,574   Imaginary: 1, Real: 0
2024-07-29 23:02:57,574   Imaginary: 0, Real: 0
2024-07-29 23:02:57,574   Imaginary: 10, Real: 0
2024-07-29 23:02:57,574   Imaginary: 0, Real: 6
2024-07-29 23:02:57,574   Imaginary: 21536, Real: 2048
2024-07-29 23:02:57,574   Imaginary: 4623, Real: 1
2024-07-29 23:02:57,574   Imaginary: 12299, Real: 0
2024-07-29 23:02:57,574   Imaginary: 1, Real: 0
2024-07-29 23:02:57,574   Imaginary: 258, Real: 772
2024-07-29 23:02:57,574   Imaginary: 1286, Real: 1800
2024-07-29 23:02:57,574   Imaginary: 512, Real: 774
2024-07-29 23:02:57,574   Imaginary: 64, Real: 6
2024-07-29 23:02:57,574   Imaginary: 26691, Real: 10
2024-07-29 23:02:57,574   Imaginary: 25, Real: 0
2024-07-29 23:02:57,574   Imaginary: -11615, Real: 5668
2024-07-29 23:02:57,574   Imaginary: 1, Real: 0
2024-07-29 23:02:57,574   Imaginary: 1, Real: 0
2024-07-29 23:02:57,574   Imaginary: 0, Real: 0
2024-07-29 23:02:57,574   Imaginary: 10, Real: 0
2024-07-29 23:02:57,574   Imaginary: 0, Real: 6
2024-07-29 23:02:57,574   Imaginary: 21536, Real: 2048
2024-07-29 23:02:57,574   Imaginary: 5436, Real: 1
2024-07-29 23:02:57,574   Imaginary: 12295, Real: 0
2024-07-29 23:02:57,574   Imaginary: 1, Real: 0
2024-07-29 23:02:57,574   Imaginary: 258, Real: 772
2024-07-29 23:02:57,574   Imaginary: 1286, Real: 1800
2024-07-29 23:02:57,574   Imaginary: 512, Real: 774
2024-07-29 23:02:57,574   Imaginary: 64, Real: 6
2024-07-29 23:02:57,574   Imaginary: 26691, Real: 10
2024-07-29 23:02:57,574   Imaginary: 26, Real: 0
2024-07-29 23:02:57,574   Imaginary: 19429, Real: 6050
2024-07-29 23:02:57,574   Imaginary: 1, Real: 0
2024-07-29 23:02:57,574   Imaginary: 1, Real: 0
2024-07-29 23:02:57,574   Imaginary: 0, Real: 0
2024-07-29 23:02:57,574   Imaginary: 10, Real: 0
2024-07-29 23:02:57,574   Imaginary: 0, Real: 6
2024-07-29 23:02:57,574   Imaginary: 21536, Real: 2048
2024-07-29 23:02:57,574   Imaginary: 5438, Real: 1
2024-07-29 23:02:57,574   Imaginary: 12302, Real: 0
2024-07-29 23:02:57,574   Imaginary: 1, Real: 0
2024-07-29 23:02:57,574   Imaginary: 258, Real: 772
2024-07-29 23:02:57,574   Imaginary: 1286, Real: 1800
2024-07-29 23:02:57,574   Imaginary: 512, Real: 774
2024-07-29 23:02:57,574   Imaginary: 64, Real: 6
2024-07-29 23:02:57,574   Imaginary: 26691, Real: 10
2024-07-29 23:02:57,574   Imaginary: 27, Real: 0
2024-07-29 23:02:57,574   Imaginary: -15843, Real: 6431
2024-07-29 23:02:57,574   Imaginary: 1, Real: 0
2024-07-29 23:02:57,574   Imaginary: 1, Real: 0
2024-07-29 23:02:57,574   Imaginary: 0, Real: 0
2024-07-29 23:02:57,574   Imaginary: 10, Real: 0
2024-07-29 23:02:57,574   Imaginary: 0, Real: 6
2024-07-29 23:02:57,574   Imaginary: 21536, Real: 2048
2024-07-29 23:02:57,574   Imaginary: 5101, Real: 1
2024-07-29 23:02:57,574   Imaginary: 12299, Real: 0
2024-07-29 23:02:57,574   Imaginary: 1, Real: 0
2024-07-29 23:02:57,574   Imaginary: 258, Real: 772
2024-07-29 23:02:57,574   Imaginary: 1286, Real: 1800
2024-07-29 23:02:57,574   Imaginary: 512, Real: 774
2024-07-29 23:02:57,574   Imaginary: 64, Real: 6
2024-07-29 23:02:57,574   Imaginary: 26691, Real: 10
2024-07-29 23:02:57,574   Imaginary: 28, Real: 0
2024-07-29 23:02:57,574   Imaginary: -18786, Real: 6813
2024-07-29 23:02:57,574   Imaginary: 2, Real: 0
2024-07-29 23:02:57,574   Imaginary: 1, Real: 0
2024-07-29 23:02:57,574   Imaginary: 0, Real: 0
2024-07-29 23:02:57,574   Imaginary: 10, Real: 0
2024-07-29 23:02:57,574   Imaginary: 0, Real: 6
2024-07-29 23:02:57,574   Imaginary: 21536, Real: 2048
2024-07-29 23:02:57,574   Imaginary: 26020, Real: 1
2024-07-29 23:02:57,574   Imaginary: 21821, Real: 0
2024-07-29 23:02:57,574   Imaginary: 2, Real: 0
2024-07-29 23:02:57,574   Imaginary: 258, Real: 772
2024-07-29 23:02:57,574   Imaginary: 1286, Real: 1800
2024-07-29 23:02:57,574   Imaginary: 512, Real: 774
2024-07-29 23:02:57,574   Imaginary: 64, Real: 6
2024-07-29 23:02:57,574   Imaginary: 26691, Real: 10
2024-07-29 23:02:57,574   Imaginary: 29, Real: 0
2024-07-29 23:02:57,574   Imaginary: -19207, Real: 7194
2024-07-29 23:02:57,574   Imaginary: 1, Real: 0
2024-07-29 23:02:57,574   Imaginary: 1, Real: 0
2024-07-29 23:02:57,574   Imaginary: 0, Real: 0
2024-07-29 23:02:57,574   Imaginary: 10, Real: 0
2024-07-29 23:02:57,574   Imaginary: 0, Real: 6
2024-07-29 23:02:57,574   Imaginary: 21536, Real: 2048
2024-07-29 23:02:57,574   Imaginary: 5312, Real: 1
2024-07-29 23:02:57,574   Imaginary: 12299, Real: 0
2024-07-29 23:02:57,574   Imaginary: 1, Real: 0
2024-07-29 23:02:57,574   Imaginary: 258, Real: 772
2024-07-29 23:02:57,574   Imaginary: 1286, Real: 1800
2024-07-29 23:02:57,574   Imaginary: 512, Real: 774
2024-07-29 23:02:57,574   Imaginary: 64, Real: 6
2024-07-29 23:02:57,574   Imaginary: 26691, Real: 10
2024-07-29 23:02:57,574   Imaginary: 30, Real: 0
2024-07-29 23:02:57,574   Imaginary: 10919, Real: 7576
2024-07-29 23:02:57,574   Imaginary: 1, Real: 0
2024-07-29 23:02:57,574   Imaginary: 1, Real: 0
2024-07-29 23:02:57,574   Imaginary: 0, Real: 0
2024-07-29 23:02:57,574   Imaginary: 10, Real: 0
2024-07-29 23:02:57,574   Imaginary: 0, Real: 6
2024-07-29 23:02:57,574   Imaginary: 21536, Real: 2048
2024-07-29 23:02:57,574   Imaginary: 5175, Real: 1
2024-07-29 23:02:57,574   Imaginary: 12299, Real: 0
2024-07-29 23:02:57,574   Imaginary: 1, Real: 0
2024-07-29 23:02:57,574   Imaginary: 258, Real: 772
2024-07-29 23:02:57,574   Imaginary: 1286, Real: 1800
2024-07-29 23:02:57,574   Imaginary: 512, Real: 774
2024-07-29 23:02:57,574   Imaginary: 64, Real: 6
2024-07-29 23:02:57,574   Imaginary: 26691, Real: 10
2024-07-29 23:02:57,574   Imaginary: 31, Real: 0
2024-07-29 23:02:57,574   Imaginary: -24461, Real: 7957
2024-07-29 23:02:57,574   Imaginary: 1, Real: 0
2024-07-29 23:02:57,574   Imaginary: 1, Real: 0
2024-07-29 23:02:57,574   Imaginary: 0, Real: 0
2024-07-29 23:02:57,574   Imaginary: 10, Real: 0
2024-07-29 23:02:57,574   Imaginary: 0, Real: 6
2024-07-29 23:02:57,574   Imaginary: 21536, Real: 2048
2024-07-29 23:02:57,574   Imaginary: 4714, Real: 1
2024-07-29 23:02:57,574   Imaginary: 12210, Real: 0
2024-07-29 23:02:57,574   Imaginary: 1, Real: 0
2024-07-29 23:02:57,574   Imaginary: 258, Real: 772
2024-07-29 23:02:57,574   Imaginary: 1286, Real: 1800
2024-07-29 23:02:57,574   Imaginary: 512, Real: 774
2024-07-29 23:02:57,574   Imaginary: 64, Real: 6
2024-07-29 23:02:57,574   Imaginary: 26691, Real: 10
2024-07-29 23:02:57,574   Imaginary: 32, Real: 0
2024-07-29 23:02:57,574   Imaginary: 6313, Real: 8339
2024-07-29 23:02:57,574   Imaginary: 1, Real: 0
2024-07-29 23:02:57,574   Imaginary: 1, Real: 0
2024-07-29 23:02:57,574   Imaginary: 0, Real: 0
2024-07-29 23:02:57,574   Imaginary: 10, Real: 0
2024-07-29 23:02:57,574   Imaginary: 0, Real: 6
2024-07-29 23:02:57,574   Imaginary: 21536, Real: 2048
2024-07-29 23:02:57,574   Imaginary: 4711, Real: 1
2024-07-29 23:02:57,574   Imaginary: 12210, Real: 0
2024-07-29 23:02:57,574   Imaginary: 1, Real: 0
2024-07-29 23:02:57,574   Imaginary: 258, Real: 772
2024-07-29 23:02:57,574   Imaginary: 1286, Real: 1800
2024-07-29 23:02:57,574   Imaginary: 512, Real: 774
2024-07-29 23:02:57,574   Imaginary: 64, Real: 6
2024-07-29 23:02:57,574   Imaginary: 26691, Real: 10
2024-07-29 23:02:57,574   Imaginary: 33, Real: 0
2024-07-29 23:02:57,574   Imaginary: -27861, Real: 8720
2024-07-29 23:02:57,574   Imaginary: 1, Real: 0
2024-07-29 23:02:57,574   Imaginary: 1, Real: 0
2024-07-29 23:02:57,574   Imaginary: 0, Real: 0
2024-07-29 23:02:57,574   Imaginary: 10, Real: 0
2024-07-29 23:02:57,574   Imaginary: 0, Real: 6
2024-07-29 23:02:57,574   Imaginary: 21536, Real: 2048
2024-07-29 23:02:57,574   Imaginary: 5156, Real: 1
2024-07-29 23:02:57,574   Imaginary: 12293, Real: 0
2024-07-29 23:02:57,574   Imaginary: 1, Real: 0
2024-07-29 23:02:57,574   Imaginary: 258, Real: 772
2024-07-29 23:02:57,574   Imaginary: 1286, Real: 1800
2024-07-29 23:02:57,574   Imaginary: 512, Real: 774
2024-07-29 23:02:57,574   Imaginary: 64, Real: 6
2024-07-29 23:02:57,574   Imaginary: 26691, Real: 10
2024-07-29 23:02:57,574   Imaginary: 34, Real: 0
2024-07-29 23:02:57,574   Imaginary: 3111, Real: 9102
2024-07-29 23:02:57,574   Imaginary: 1, Real: 0
2024-07-29 23:02:57,574   Imaginary: 1, Real: 0
2024-07-29 23:02:57,574   Imaginary: 0, Real: 0
2024-07-29 23:02:57,574   Imaginary: 10, Real: 0
2024-07-29 23:02:57,574   Imaginary: 0, Real: 6
2024-07-29 23:02:57,574   Imaginary: 21536, Real: 2048
2024-07-29 23:02:57,574   Imaginary: 5193, Real: 1
2024-07-29 23:02:57,574   Imaginary: 12299, Real: 0
2024-07-29 23:02:57,574   Imaginary: 1, Real: 0
2024-07-29 23:02:57,574   Imaginary: 258, Real: 772
2024-07-29 23:02:57,574   Imaginary: 1286, Real: 1800
2024-07-29 23:02:57,574   Imaginary: 512, Real: 774
2024-07-29 23:02:57,574   Imaginary: 64, Real: 6
2024-07-29 23:02:57,574   Imaginary: 26691, Real: 10
2024-07-29 23:02:57,574   Imaginary: 35, Real: 0
2024-07-29 23:02:57,574   Imaginary: -31163, Real: 9483
2024-07-29 23:02:57,574   Imaginary: 1, Real: 0
2024-07-29 23:02:57,574   Imaginary: 1, Real: 0
2024-07-29 23:02:57,574   Imaginary: 0, Real: 0
2024-07-29 23:02:57,574   Imaginary: 10, Real: 0
2024-07-29 23:02:57,574   Imaginary: 0, Real: 6
2024-07-29 23:02:57,574   Imaginary: 21536, Real: 2048
2024-07-29 23:02:57,574   Imaginary: 5137, Real: 1
2024-07-29 23:02:57,574   Imaginary: 12210, Real: 0
2024-07-29 23:02:57,574   Imaginary: 1, Real: 0
2024-07-29 23:02:57,574   Imaginary: 258, Real: 772
2024-07-29 23:02:57,574   Imaginary: 1286, Real: 1800
2024-07-29 23:02:57,574   Imaginary: 512, Real: 774
2024-07-29 23:02:57,574   Imaginary: 64, Real: 6
2024-07-29 23:02:57,574   Imaginary: 26691, Real: 10
2024-07-29 23:02:57,574   Imaginary: 36, Real: 0
2024-07-29 23:02:57,574   Imaginary: -729, Real: 9864
2024-07-29 23:02:57,574   Imaginary: 1, Real: 0
2024-07-29 23:02:57,574   Imaginary: 1, Real: 0
2024-07-29 23:02:57,574   Imaginary: 0, Real: 0
2024-07-29 23:02:57,574   Imaginary: 10, Real: 0
2024-07-29 23:02:57,574   Imaginary: 0, Real: 6
2024-07-29 23:02:57,574   Imaginary: 21536, Real: 2048
2024-07-29 23:02:57,574   Imaginary: 5234, Real: 1
2024-07-29 23:02:57,574   Imaginary: 12299, Real: 0
2024-07-29 23:02:57,574   Imaginary: 1, Real: 0
2024-07-29 23:02:57,574   Imaginary: 258, Real: 772
2024-07-29 23:02:57,574   Imaginary: 1286, Real: 1800
2024-07-29 23:02:57,574   Imaginary: 512, Real: 774
2024-07-29 23:02:57,574   Imaginary: 64, Real: 6
2024-07-29 23:02:57,574   Imaginary: 26691, Real: 10
2024-07-29 23:02:57,574   Imaginary: 37, Real: 0
2024-07-29 23:02:57,574   Imaginary: 30502, Real: 10246
2024-07-29 23:02:57,574   Imaginary: 1, Real: 0
2024-07-29 23:02:57,574   Imaginary: 1, Real: 0
2024-07-29 23:02:57,574   Imaginary: 0, Real: 0
2024-07-29 23:02:57,574   Imaginary: 10, Real: 0
2024-07-29 23:02:57,574   Imaginary: 0, Real: 6
2024-07-29 23:02:57,574   Imaginary: 21536, Real: 2048
2024-07-29 23:02:57,574   Imaginary: 5467, Real: 1
2024-07-29 23:02:57,574   Imaginary: 12302, Real: 0
2024-07-29 23:02:57,574   Imaginary: 1, Real: 0
2024-07-29 23:02:57,574   Imaginary: 258, Real: 772
2024-07-29 23:02:57,574   Imaginary: 1286, Real: 1800
2024-07-29 23:02:57,574   Imaginary: 512, Real: 774
2024-07-29 23:02:57,574   Imaginary: 64, Real: 6
2024-07-29 23:02:57,574   Imaginary: 26691, Real: 10
2024-07-29 23:02:57,574   Imaginary: 38, Real: 0
2024-07-29 23:02:57,574   Imaginary: -5075, Real: 10627
2024-07-29 23:02:57,590   Imaginary: 1, Real: 0
2024-07-29 23:02:57,590   Imaginary: 1, Real: 0
2024-07-29 23:02:57,590   Imaginary: 0, Real: 0
2024-07-29 23:02:57,590   Imaginary: 10, Real: 0
2024-07-29 23:02:57,590   Imaginary: 0, Real: 6
2024-07-29 23:02:57,590   Imaginary: 21536, Real: 2048
2024-07-29 23:02:57,590   Imaginary: 5255, Real: 1
2024-07-29 23:02:57,590   Imaginary: 12210, Real: 0
2024-07-29 23:02:57,590   Imaginary: 1, Real: 0
2024-07-29 23:02:57,590   Imaginary: 258, Real: 772
2024-07-29 23:02:57,590   Imaginary: 1286, Real: 1800
2024-07-29 23:02:57,590   Imaginary: 512, Real: 774
2024-07-29 23:02:57,590   Imaginary: 64, Real: 6
2024-07-29 23:02:57,590   Imaginary: 26691, Real: 10
2024-07-29 23:02:57,590   Imaginary: 39, Real: 0
2024-07-29 23:02:57,590   Imaginary: -10518, Real: 11009
2024-07-29 23:02:57,590   Imaginary: 2, Real: 0
2024-07-29 23:02:57,590   Imaginary: 1, Real: 0
2024-07-29 23:02:57,590   Imaginary: 0, Real: 0
2024-07-29 23:02:57,590   Imaginary: 10, Real: 0
2024-07-29 23:02:57,590   Imaginary: 0, Real: 6
2024-07-29 23:02:57,590   Imaginary: 21536, Real: 2048
2024-07-29 23:02:57,590   Imaginary: 25152, Real: 1
2024-07-29 23:02:57,590   Imaginary: 20931, Real: 0
2024-07-29 23:02:57,590   Imaginary: 2, Real: 0
2024-07-29 23:02:57,590   Imaginary: 258, Real: 772
2024-07-29 23:02:57,590   Imaginary: 1286, Real: 1800
2024-07-29 23:02:57,590   Imaginary: 512, Real: 774
2024-07-29 23:02:57,590   Imaginary: 64, Real: 6
2024-07-29 23:02:57,590   Imaginary: 26691, Real: 10
2024-07-29 23:02:57,590   Imaginary: 40, Real: 0
2024-07-29 23:02:57,590   Imaginary: -7688, Real: 11390
2024-07-29 23:02:57,590   Imaginary: 1, Real: 0
2024-07-29 23:02:57,590   Imaginary: 1, Real: 0
2024-07-29 23:02:57,590   Imaginary: 0, Real: 0
2024-07-29 23:02:57,590   Imaginary: 10, Real: 0
2024-07-29 23:02:57,590   Imaginary: 0, Real: 6
2024-07-29 23:02:57,590   Imaginary: 21536, Real: 2048
2024-07-29 23:02:57,590   Imaginary: 5752, Real: 1
2024-07-29 23:02:57,590   Imaginary: 12211, Real: 0
2024-07-29 23:02:57,590   Imaginary: 1, Real: 0
2024-07-29 23:02:57,590   Imaginary: 258, Real: 772
2024-07-29 23:02:57,590   Imaginary: 1286, Real: 1800
2024-07-29 23:02:57,590   Imaginary: 512, Real: 774
2024-07-29 23:02:57,590   Imaginary: 64, Real: 6
2024-07-29 23:02:57,590   Imaginary: 26691, Real: 10
2024-07-29 23:02:57,590   Imaginary: 41, Real: 0
2024-07-29 23:02:57,590   Imaginary: 21404, Real: 11772
2024-07-29 23:02:57,590   Imaginary: 1, Real: 0
2024-07-29 23:02:57,590   Imaginary: 1, Real: 0
2024-07-29 23:02:57,590   Imaginary: 0, Real: 0
2024-07-29 23:02:57,590   Imaginary: 10, Real: 0
2024-07-29 23:02:57,590   Imaginary: 0, Real: 6
2024-07-29 23:02:57,590   Imaginary: 21536, Real: 2048
2024-07-29 23:02:57,590   Imaginary: 4647, Real: 1
2024-07-29 23:02:57,590   Imaginary: 12290, Real: 0
2024-07-29 23:02:57,590   Imaginary: 1, Real: 0
2024-07-29 23:02:57,590   Imaginary: 258, Real: 772
2024-07-29 23:02:57,590   Imaginary: 1286, Real: 1800
2024-07-29 23:02:57,590   Imaginary: 512, Real: 774
2024-07-29 23:02:57,590   Imaginary: 64, Real: 6
2024-07-29 23:02:57,590   Imaginary: 26691, Real: 10
2024-07-29 23:02:57,590   Imaginary: 42, Real: 0
2024-07-29 23:02:57,590   Imaginary: -12929, Real: 12153
2024-07-29 23:02:57,590   Imaginary: 1, Real: 0
2024-07-29 23:02:57,590   Imaginary: 1, Real: 0
2024-07-29 23:02:57,590   Imaginary: 0, Real: 0
2024-07-29 23:02:57,590   Imaginary: 10, Real: 0
2024-07-29 23:02:57,590   Imaginary: 0, Real: 6
2024-07-29 23:02:57,590   Imaginary: 21536, Real: 2048
2024-07-29 23:02:57,590   Imaginary: 5147, Real: 1
2024-07-29 23:02:57,590   Imaginary: 12292, Real: 0
2024-07-29 23:02:57,590   Imaginary: 1, Real: 0
2024-07-29 23:02:57,590   Imaginary: 258, Real: 772
2024-07-29 23:02:57,590   Imaginary: 1286, Real: 1800
2024-07-29 23:02:57,590   Imaginary: 512, Real: 774
2024-07-29 23:02:57,590   Imaginary: 64, Real: 6
2024-07-29 23:02:57,590   Imaginary: 26691, Real: 10
2024-07-29 23:02:57,590   Imaginary: 43, Real: 0
2024-07-29 23:02:57,590   Imaginary: 18300, Real: 12535
2024-07-29 23:02:57,590   Imaginary: 1, Real: 0
2024-07-29 23:02:57,590   Imaginary: 1, Real: 0
2024-07-29 23:02:57,590   Imaginary: 0, Real: 0
2024-07-29 23:02:57,590   Imaginary: 10, Real: 0
2024-07-29 23:02:57,590   Imaginary: 0, Real: 6
2024-07-29 23:02:57,590   Imaginary: 21536, Real: 2048
2024-07-29 23:02:57,590   Imaginary: 5462, Real: 1
2024-07-29 23:02:57,590   Imaginary: 12299, Real: 0
2024-07-29 23:02:57,590   Imaginary: 1, Real: 0
2024-07-29 23:02:57,590   Imaginary: 258, Real: 772
2024-07-29 23:02:57,590   Imaginary: 1286, Real: 1800
2024-07-29 23:02:57,590   Imaginary: 512, Real: 774
2024-07-29 23:02:57,590   Imaginary: 64, Real: 6
2024-07-29 23:02:57,590   Imaginary: 26691, Real: 10
2024-07-29 23:02:57,590   Imaginary: 44, Real: 0
2024-07-29 23:02:57,590   Imaginary: -16914, Real: 12916
2024-07-29 23:02:57,590   Imaginary: 1, Real: 0
2024-07-29 23:02:57,590   Imaginary: 1, Real: 0
2024-07-29 23:02:57,590   Imaginary: 0, Real: 0
2024-07-29 23:02:57,590   Imaginary: 10, Real: 0
2024-07-29 23:02:57,590   Imaginary: 0, Real: 6
2024-07-29 23:02:57,590   Imaginary: 21536, Real: 2048
2024-07-29 23:02:57,590   Imaginary: 5125, Real: 1
2024-07-29 23:02:57,590   Imaginary: 12299, Real: 0
2024-07-29 23:02:57,590   Imaginary: 1, Real: 0
2024-07-29 23:02:57,590   Imaginary: 258, Real: 772
2024-07-29 23:02:57,590   Imaginary: 1286, Real: 1800
2024-07-29 23:02:57,590   Imaginary: 512, Real: 774
2024-07-29 23:02:57,590   Imaginary: 64, Real: 6
2024-07-29 23:02:57,590   Imaginary: 26691, Real: 10
2024-07-29 23:02:57,590   Imaginary: 45, Real: 0
2024-07-29 23:02:57,590   Imaginary: 13527, Real: 13298
2024-07-29 23:02:57,590   Imaginary: 1, Real: 0
2024-07-29 23:02:57,590   Imaginary: 1, Real: 0
2024-07-29 23:02:57,590   Imaginary: 0, Real: 0
2024-07-29 23:02:57,590   Imaginary: 10, Real: 0
2024-07-29 23:02:57,590   Imaginary: 0, Real: 6
2024-07-29 23:02:57,590   Imaginary: 21536, Real: 2048
2024-07-29 23:02:57,590   Imaginary: 4660, Real: 1
2024-07-29 23:02:57,590   Imaginary: 12299, Real: 0
2024-07-29 23:02:57,590   Imaginary: 1, Real: 0
2024-07-29 23:02:57,590   Imaginary: 258, Real: 772
2024-07-29 23:02:57,590   Imaginary: 1286, Real: 1800
2024-07-29 23:02:57,590   Imaginary: 512, Real: 774
2024-07-29 23:02:57,590   Imaginary: 64, Real: 6
2024-07-29 23:02:57,590   Imaginary: 26691, Real: 10
2024-07-29 23:02:57,590   Imaginary: 46, Real: 0
2024-07-29 23:02:57,590   Imaginary: -20774, Real: 13679
2024-07-29 23:02:57,590   Imaginary: 1, Real: 0
2024-07-29 23:02:57,590   Imaginary: 1, Real: 0
2024-07-29 23:02:57,590   Imaginary: 0, Real: 0
2024-07-29 23:02:57,590   Imaginary: 10, Real: 0
2024-07-29 23:02:57,590   Imaginary: 0, Real: 6
2024-07-29 23:02:57,590   Imaginary: 21536, Real: 2048
2024-07-29 23:02:57,590   Imaginary: 5137, Real: 1
2024-07-29 23:02:57,590   Imaginary: 12292, Real: 0
2024-07-29 23:02:57,590   Imaginary: 1, Real: 0
2024-07-29 23:02:57,590   Imaginary: 258, Real: 772
2024-07-29 23:02:57,590   Imaginary: 1286, Real: 1800
2024-07-29 23:02:57,590   Imaginary: 512, Real: 774
2024-07-29 23:02:57,590   Imaginary: 64, Real: 6
2024-07-29 23:02:57,590   Imaginary: 26691, Real: 10
2024-07-29 23:02:57,590   Imaginary: 47, Real: 0
2024-07-29 23:02:57,590   Imaginary: 10135, Real: 14061
2024-07-29 23:02:57,590   Imaginary: 1, Real: 0
2024-07-29 23:02:57,590   Imaginary: 1, Real: 0
2024-07-29 23:02:57,590   Imaginary: 0, Real: 0
2024-07-29 23:02:57,590   Imaginary: 10, Real: 0
2024-07-29 23:02:57,590   Imaginary: 0, Real: 6
2024-07-29 23:02:57,590   Imaginary: 21536, Real: 2048
2024-07-29 23:02:57,590   Imaginary: 5358, Real: 1
2024-07-29 23:02:57,590   Imaginary: 12299, Real: 0
2024-07-29 23:02:57,590   Imaginary: 1, Real: 0
2024-07-29 23:02:57,590   Imaginary: 258, Real: 772
2024-07-29 23:02:57,590   Imaginary: 1286, Real: 1800
2024-07-29 23:02:57,590   Imaginary: 512, Real: 774
2024-07-29 23:02:57,590   Imaginary: 64, Real: 6
2024-07-29 23:02:57,590   Imaginary: 26691, Real: 10
2024-07-29 23:02:57,590   Imaginary: 48, Real: 0
2024-07-29 23:02:57,590   Imaginary: -25138, Real: 14442
2024-07-29 23:02:57,590   Imaginary: 1, Real: 0
2024-07-29 23:02:57,590   Imaginary: 1, Real: 0
2024-07-29 23:02:57,590   Imaginary: 0, Real: 0
2024-07-29 23:02:57,590   Imaginary: 10, Real: 0
2024-07-29 23:02:57,590   Imaginary: 0, Real: 6
2024-07-29 23:02:57,590   Imaginary: 21536, Real: 2048
2024-07-29 23:02:57,590   Imaginary: 4635, Real: 1
2024-07-29 23:02:57,590   Imaginary: 12299, Real: 0
2024-07-29 23:02:57,590   Imaginary: 1, Real: 0
2024-07-29 23:02:57,590   Imaginary: 258, Real: 772
2024-07-29 23:02:57,590   Imaginary: 1286, Real: 1800
2024-07-29 23:02:57,590   Imaginary: 512, Real: 774
2024-07-29 23:02:57,590   Imaginary: 64, Real: 6
2024-07-29 23:02:57,590   Imaginary: 26691, Real: 10
2024-07-29 23:02:57,590   Imaginary: 49, Real: 0
2024-07-29 23:02:57,590   Imaginary: 6770, Real: 14824
2024-07-29 23:02:57,590   Imaginary: 1, Real: 0
2024-07-29 23:02:57,590   Imaginary: 1, Real: 0
2024-07-29 23:02:57,590   Imaginary: 0, Real: 0
2024-07-29 23:02:57,590   Imaginary: 10, Real: 0
2024-07-29 23:02:57,590   Imaginary: 0, Real: 6
2024-07-29 23:02:57,590   Imaginary: 21536, Real: 2048
2024-07-29 23:02:57,590   Imaginary: 5087, Real: 1
2024-07-29 23:02:57,590   Imaginary: 12290, Real: 0
2024-07-29 23:02:57,590   Imaginary: 1, Real: 0
2024-07-29 23:02:57,590   Imaginary: 258, Real: 772
2024-07-29 23:02:57,590   Imaginary: 1286, Real: 1800
2024-07-29 23:02:57,590   Imaginary: 512, Real: 774
2024-07-29 23:02:57,590   Imaginary: 64, Real: 6
2024-07-29 23:02:57,590   Imaginary: 26691, Real: 10
2024-07-29 23:02:57,590   Imaginary: 50, Real: 0
2024-07-29 23:02:57,590   Imaginary: 2022, Real: 15206
2024-07-29 23:02:57,590   Imaginary: 2, Real: 0
2024-07-29 23:02:57,590   Imaginary: 1, Real: 0
2024-07-29 23:02:57,590   Imaginary: 0, Real: 0
2024-07-29 23:02:57,590   Imaginary: 10, Real: 0
2024-07-29 23:02:57,590   Imaginary: 0, Real: 6
2024-07-29 23:02:57,590   Imaginary: 21536, Real: 2048
2024-07-29 23:02:57,590   Imaginary: 24631, Real: 1
2024-07-29 23:02:57,590   Imaginary: 21824, Real: 0
2024-07-29 23:02:57,590   Imaginary: 2, Real: 0
2024-07-29 23:02:57,590   Imaginary: 258, Real: 772
2024-07-29 23:02:57,590   Imaginary: 1286, Real: 1800
2024-07-29 23:02:57,590   Imaginary: 512, Real: 774
2024-07-29 23:02:57,590   Imaginary: 64, Real: 6
2024-07-29 23:02:57,590   Imaginary: 26691, Real: 10
2024-07-29 23:02:57,590   Imaginary: 51, Real: 0
2024-07-29 23:02:57,590   Imaginary: 31900, Real: 15587
2024-07-29 23:02:57,590   Imaginary: 2, Real: 0
2024-07-29 23:02:57,590   Imaginary: 1, Real: 0
2024-07-29 23:02:57,590   Imaginary: 0, Real: 0
2024-07-29 23:02:57,590   Imaginary: 10, Real: 0
2024-07-29 23:02:57,590   Imaginary: 0, Real: 6
2024-07-29 23:02:57,590   Imaginary: 21536, Real: 2048
2024-07-29 23:02:57,590   Imaginary: 24164, Real: 1
2024-07-29 23:02:57,590   Imaginary: 21865, Real: 0
2024-07-29 23:02:57,590   Imaginary: 2, Real: 0
2024-07-29 23:02:57,590   Imaginary: 258, Real: 772
2024-07-29 23:02:57,590   Imaginary: 1286, Real: 1800
2024-07-29 23:02:57,590   Imaginary: 512, Real: 774
2024-07-29 23:02:57,590   Imaginary: 64, Real: 6
2024-07-29 23:02:57,590   Imaginary: 26691, Real: 10
2024-07-29 23:02:57,590   Imaginary: 52, Real: 0
2024-07-29 23:02:57,590   Imaginary: 32607, Real: 15968
2024-07-29 23:02:57,590   Imaginary: 1, Real: 0
2024-07-29 23:02:57,590   Imaginary: 1, Real: 0
2024-07-29 23:02:57,590   Imaginary: 0, Real: 0
2024-07-29 23:02:57,590   Imaginary: 10, Real: 0
2024-07-29 23:02:57,590   Imaginary: 0, Real: 6
2024-07-29 23:02:57,590   Imaginary: 21536, Real: 2048
2024-07-29 23:02:57,590   Imaginary: 4639, Real: 1
2024-07-29 23:02:57,590   Imaginary: 12210, Real: 0
2024-07-29 23:02:57,590   Imaginary: 1, Real: 0
2024-07-29 23:02:57,590   Imaginary: 258, Real: 772
2024-07-29 23:02:57,590   Imaginary: 1286, Real: 1800
2024-07-29 23:02:57,590   Imaginary: 512, Real: 774
2024-07-29 23:02:57,590   Imaginary: 64, Real: 6
2024-07-29 23:02:57,590   Imaginary: 26691, Real: 10
2024-07-29 23:02:57,590   Imaginary: 53, Real: 0
2024-07-29 23:02:57,590   Imaginary: -1908, Real: 16349
2024-07-29 23:02:57,590   Imaginary: 1, Real: 0
2024-07-29 23:02:57,590   Imaginary: 1, Real: 0
2024-07-29 23:02:57,590   Imaginary: 0, Real: 0
2024-07-29 23:02:57,590   Imaginary: 10, Real: 0
2024-07-29 23:02:57,590   Imaginary: 0, Real: 6
2024-07-29 23:02:57,590   Imaginary: 21536, Real: 2048
2024-07-29 23:02:57,590   Imaginary: 5212, Real: 1
2024-07-29 23:02:57,590   Imaginary: 12299, Real: 0
2024-07-29 23:02:57,590   Imaginary: 1, Real: 0
2024-07-29 23:02:57,590   Imaginary: 258, Real: 772
2024-07-29 23:02:57,590   Imaginary: 1286, Real: 1800
2024-07-29 23:02:57,590   Imaginary: 512, Real: 774
2024-07-29 23:02:57,590   Imaginary: 64, Real: 6
2024-07-29 23:02:57,590   Imaginary: 26691, Real: 10
2024-07-29 23:02:57,590   Imaginary: 54, Real: 0
2024-07-29 23:02:57,590   Imaginary: 30263, Real: 16731
2024-07-29 23:02:57,590   Imaginary: 1, Real: 0
2024-07-29 23:02:57,590   Imaginary: 1, Real: 0
2024-07-29 23:02:57,590   Imaginary: 0, Real: 0
2024-07-29 23:02:57,590   Imaginary: 10, Real: 0
2024-07-29 23:02:57,590   Imaginary: 0, Real: 6
2024-07-29 23:02:57,590   Imaginary: 21536, Real: 2048
2024-07-29 23:02:57,590   Imaginary: 6367, Real: 1
2024-07-29 23:02:57,590   Imaginary: 12299, Real: 0
2024-07-29 23:02:57,590   Imaginary: 1, Real: 0
2024-07-29 23:02:57,590   Imaginary: 258, Real: 772
2024-07-29 23:02:57,590   Imaginary: 1286, Real: 1800
2024-07-29 23:02:57,590   Imaginary: 512, Real: 774
2024-07-29 23:02:57,590   Imaginary: 64, Real: 6
2024-07-29 23:02:57,590   Imaginary: 26691, Real: 10
2024-07-29 23:02:57,590   Imaginary: 55, Real: 0
2024-07-29 23:02:57,590   Imaginary: -5908, Real: 17112
2024-07-29 23:02:57,590   Imaginary: 1, Real: 0
2024-07-29 23:02:57,590   Imaginary: 1, Real: 0
2024-07-29 23:02:57,590   Imaginary: 0, Real: 0
2024-07-29 23:02:57,590   Imaginary: 10, Real: 0
2024-07-29 23:02:57,590   Imaginary: 0, Real: 6
2024-07-29 23:02:57,590   Imaginary: 21536, Real: 2048
2024-07-29 23:02:57,590   Imaginary: 4981, Real: 1
2024-07-29 23:02:57,590   Imaginary: 12299, Real: 0
2024-07-29 23:02:57,590   Imaginary: 1, Real: 0
2024-07-29 23:02:57,590   Imaginary: 258, Real: 772
2024-07-29 23:02:57,590   Imaginary: 1286, Real: 1800
2024-07-29 23:02:57,590   Imaginary: 512, Real: 774
2024-07-29 23:02:57,590   Imaginary: 64, Real: 6
2024-07-29 23:02:57,590   Imaginary: 26691, Real: 10
2024-07-29 23:02:57,590   Imaginary: 56, Real: 0
2024-07-29 23:02:57,590   Imaginary: 25176, Real: 17494
2024-07-29 23:02:57,590   Imaginary: 1, Real: 0
2024-07-29 23:02:57,590   Imaginary: 1, Real: 0
2024-07-29 23:02:57,590   Imaginary: 0, Real: 0
2024-07-29 23:02:57,590   Imaginary: 10, Real: 0
2024-07-29 23:02:57,590   Imaginary: 0, Real: 6
2024-07-29 23:02:57,590   Imaginary: 21536, Real: 2048
2024-07-29 23:02:57,590   Imaginary: 5290, Real: 1
2024-07-29 23:02:57,590   Imaginary: 12299, Real: 0
2024-07-29 23:02:57,590   Imaginary: 1, Real: 0
2024-07-29 23:02:57,590   Imaginary: 258, Real: 772
2024-07-29 23:02:57,590   Imaginary: 1286, Real: 1800
2024-07-29 23:02:57,590   Imaginary: 512, Real: 774
2024-07-29 23:02:57,590   Imaginary: 64, Real: 6
2024-07-29 23:02:57,590   Imaginary: 26691, Real: 10
2024-07-29 23:02:57,590   Imaginary: 57, Real: 0
2024-07-29 23:02:57,590   Imaginary: -8960, Real: 17875
2024-07-29 23:02:57,590   Imaginary: 1, Real: 0
2024-07-29 23:02:57,590   Imaginary: 1, Real: 0
2024-07-29 23:02:57,590   Imaginary: 0, Real: 0
2024-07-29 23:02:57,590   Imaginary: 10, Real: 0
2024-07-29 23:02:57,590   Imaginary: 0, Real: 6
2024-07-29 23:02:57,590   Imaginary: 21536, Real: 2048
2024-07-29 23:02:57,590   Imaginary: 6003, Real: 1
2024-07-29 23:02:57,590   Imaginary: 12295, Real: 0
2024-07-29 23:02:57,590   Imaginary: 1, Real: 0
2024-07-29 23:02:57,590   Imaginary: 258, Real: 772
2024-07-29 23:02:57,590   Imaginary: 1286, Real: 1800
2024-07-29 23:02:57,590   Imaginary: 512, Real: 774
2024-07-29 23:02:57,590   Imaginary: 64, Real: 6
2024-07-29 23:02:57,590   Imaginary: 26691, Real: 10
2024-07-29 23:02:57,590   Imaginary: 58, Real: 0
2024-07-29 23:02:57,590   Imaginary: 21257, Real: 18257
2024-07-29 23:02:57,590   Imaginary: 1, Real: 0
2024-07-29 23:02:57,590   Imaginary: 1, Real: 0
2024-07-29 23:02:57,590   Imaginary: 0, Real: 0
2024-07-29 23:02:57,590   Imaginary: 10, Real: 0
2024-07-29 23:02:57,590   Imaginary: 0, Real: 6
2024-07-29 23:02:57,590   Imaginary: 21536, Real: 2048
2024-07-29 23:02:57,590   Imaginary: 5336, Real: 1
2024-07-29 23:02:57,590   Imaginary: 12299, Real: 0
2024-07-29 23:02:57,590   Imaginary: 1, Real: 0
2024-07-29 23:02:57,590   Imaginary: 258, Real: 772
2024-07-29 23:02:57,590   Imaginary: 1286, Real: 1800
2024-07-29 23:02:57,590   Imaginary: 512, Real: 774
2024-07-29 23:02:57,590   Imaginary: 64, Real: 6
2024-07-29 23:02:57,590   Imaginary: 26691, Real: 10
2024-07-29 23:02:57,590   Imaginary: 59, Real: 0
2024-07-29 23:02:57,590   Imaginary: -14290, Real: 18638
2024-07-29 23:02:57,590   Imaginary: 1, Real: 0
2024-07-29 23:02:57,590   Imaginary: 1, Real: 0
2024-07-29 23:02:57,590   Imaginary: 0, Real: 0
2024-07-29 23:02:57,590   Imaginary: 10, Real: 0
2024-07-29 23:02:57,590   Imaginary: 0, Real: 6
2024-07-29 23:02:57,590   Imaginary: 21536, Real: 2048
2024-07-29 23:02:57,590   Imaginary: 4624, Real: 1
2024-07-29 23:02:57,590   Imaginary: 12299, Real: 0
2024-07-29 23:02:57,590   Imaginary: 1, Real: 0
2024-07-29 23:02:57,590   Imaginary: 258, Real: 772
2024-07-29 23:02:57,590   Imaginary: 1286, Real: 1800
2024-07-29 23:02:57,590   Imaginary: 512, Real: 774
2024-07-29 23:02:57,590   Imaginary: 64, Real: 6
2024-07-29 23:02:57,590   Imaginary: 26691, Real: 10
2024-07-29 23:02:57,590   Imaginary: 60, Real: 0
2024-07-29 23:02:57,590   Imaginary: 17069, Real: 19020
2024-07-29 23:02:57,590   Imaginary: 1, Real: 0
2024-07-29 23:02:57,590   Imaginary: 1, Real: 0
2024-07-29 23:02:57,590   Imaginary: 0, Real: 0
2024-07-29 23:02:57,590   Imaginary: 10, Real: 0
2024-07-29 23:02:57,590   Imaginary: 0, Real: 6
2024-07-29 23:02:57,590   Imaginary: 21536, Real: 2048
2024-07-29 23:02:57,590   Imaginary: 5314, Real: 1
2024-07-29 23:02:57,590   Imaginary: 12299, Real: 0
2024-07-29 23:02:57,590   Imaginary: 1, Real: 0
2024-07-29 23:02:57,590   Imaginary: 258, Real: 772
2024-07-29 23:02:57,590   Imaginary: 1286, Real: 1800
2024-07-29 23:02:57,590   Imaginary: 512, Real: 774
2024-07-29 23:02:57,590   Imaginary: 64, Real: 6
2024-07-29 23:02:57,590   Imaginary: 26691, Real: 10
2024-07-29 23:02:57,590   Imaginary: 61, Real: 0
2024-07-29 23:02:57,590   Imaginary: -17550, Real: 19401
2024-07-29 23:02:57,590   Imaginary: 1, Real: 0
2024-07-29 23:02:57,590   Imaginary: 1, Real: 0
2024-07-29 23:02:57,590   Imaginary: 0, Real: 0
2024-07-29 23:02:57,590   Imaginary: 10, Real: 0
2024-07-29 23:02:57,590   Imaginary: 0, Real: 6
2024-07-29 23:02:57,590   Imaginary: 21536, Real: 2048
2024-07-29 23:02:57,590   Imaginary: 5333, Real: 1
2024-07-29 23:02:57,590   Imaginary: 12299, Real: 0
2024-07-29 23:02:57,590   Imaginary: 1, Real: 0
2024-07-29 23:02:57,590   Imaginary: 258, Real: 772
2024-07-29 23:02:57,590   Imaginary: 1286, Real: 1800
2024-07-29 23:02:57,590   Imaginary: 512, Real: 774
2024-07-29 23:02:57,590   Imaginary: 64, Real: 6
2024-07-29 23:02:57,590   Imaginary: 26691, Real: 10
2024-07-29 23:02:57,590   Imaginary: 62, Real: 0
2024-07-29 23:02:57,590   Imaginary: 12983, Real: 19783
2024-07-29 23:02:57,590   Imaginary: 1, Real: 0
2024-07-29 23:02:57,590   Imaginary: 1, Real: 0
2024-07-29 23:02:57,590   Imaginary: 0, Real: 0
2024-07-29 23:02:57,590   Imaginary: 10, Real: 0
2024-07-29 23:02:57,590   Imaginary: 0, Real: 6
2024-07-29 23:02:57,590   Imaginary: 21536, Real: 2048
2024-07-29 23:02:57,590   Imaginary: 5181, Real: 1
2024-07-29 23:02:57,590   Imaginary: 12299, Real: 0
2024-07-29 23:02:57,590   Imaginary: 1, Real: 0
2024-07-29 23:02:57,590   Imaginary: 258, Real: 772
2024-07-29 23:02:57,590   Imaginary: 1286, Real: 1800
2024-07-29 23:02:57,590   Imaginary: 512, Real: 774
2024-07-29 23:02:57,590   Imaginary: 64, Real: 6
2024-07-29 23:02:57,590   Imaginary: 26691, Real: 10
2024-07-29 23:02:57,590   Imaginary: 63, Real: 0
2024-07-29 23:02:57,590   Imaginary: -21496, Real: 20164
2024-07-29 23:02:57,590   Imaginary: 1, Real: 0
2024-07-29 23:02:57,590   Imaginary: 1, Real: 0
2024-07-29 23:02:57,590   Imaginary: 0, Real: 0
2024-07-29 23:02:57,590   Imaginary: 10, Real: 0
2024-07-29 23:02:57,590   Imaginary: 0, Real: 6
2024-07-29 23:02:57,590   Imaginary: 21536, Real: 2048
2024-07-29 23:02:57,590   Imaginary: 5150, Real: 1
2024-07-29 23:02:57,590   Imaginary: 12299, Real: 0
2024-07-29 23:02:57,590   Imaginary: 1, Real: 0
2024-07-29 23:02:57,590   Imaginary: 258, Real: 772
2024-07-29 23:02:57,590   Imaginary: 1286, Real: 1800
2024-07-29 23:02:57,590   Imaginary: 512, Real: 774
2024-07-29 23:02:57,590   Imaginary: 64, Real: 6
2024-07-29 23:02:57,590   Imaginary: 26691, Real: 10
2024-07-29 23:02:57,590   Imaginary: 64, Real: 0
2024-07-29 23:02:57,590   Imaginary: 9506, Real: 20546
2024-07-29 23:02:57,590   Imaginary: 1, Real: 0
2024-07-29 23:02:57,590   Imaginary: 1, Real: 0
2024-07-29 23:02:57,590   Imaginary: 0, Real: 0
2024-07-29 23:02:57,590   Imaginary: 10, Real: 0
2024-07-29 23:02:57,590   Imaginary: 0, Real: 6
2024-07-29 23:02:57,590   Imaginary: 21536, Real: 2048
2024-07-29 23:02:57,590   Imaginary: 5154, Real: 1
2024-07-29 23:02:57,590   Imaginary: 12299, Real: 0
2024-07-29 23:02:57,590   Imaginary: 1, Real: 0
2024-07-29 23:02:57,606   Imaginary: 258, Real: 772
2024-07-29 23:02:57,606   Imaginary: 1286, Real: 1800
2024-07-29 23:02:57,606   Imaginary: 512, Real: 774
2024-07-29 23:02:57,606   Imaginary: 64, Real: 6
2024-07-29 23:02:57,606   Imaginary: 26691, Real: 10
2024-07-29 23:02:57,606   Imaginary: 65, Real: 0
2024-07-29 23:02:57,606   Imaginary: -25362, Real: 20927
2024-07-29 23:02:57,606   Imaginary: 1, Real: 0
2024-07-29 23:02:57,606   Imaginary: 1, Real: 0
2024-07-29 23:02:57,606   Imaginary: 0, Real: 0
2024-07-29 23:02:57,606   Imaginary: 10, Real: 0
2024-07-29 23:02:57,606   Imaginary: 0, Real: 6
2024-07-29 23:02:57,606   Imaginary: 21536, Real: 2048
2024-07-29 23:02:57,606   Imaginary: 5181, Real: 1
2024-07-29 23:02:57,606   Imaginary: 12293, Real: 0
2024-07-29 23:02:57,606   Imaginary: 1, Real: 0
2024-07-29 23:02:57,606   Imaginary: 258, Real: 772
2024-07-29 23:02:57,606   Imaginary: 1286, Real: 1800
2024-07-29 23:02:57,606   Imaginary: 512, Real: 774
2024-07-29 23:02:57,606   Imaginary: 64, Real: 6
2024-07-29 23:02:57,606   Imaginary: 26691, Real: 10
2024-07-29 23:02:57,606   Imaginary: 66, Real: 0
2024-07-29 23:02:57,606   Imaginary: 4632, Real: 21309
2024-07-29 23:02:57,606   Imaginary: 1, Real: 0
2024-07-29 23:02:57,606   Imaginary: 1, Real: 0
2024-07-29 23:02:57,606   Imaginary: 0, Real: 0
2024-07-29 23:02:57,606   Imaginary: 10, Real: 0
2024-07-29 23:02:57,606   Imaginary: 0, Real: 6
2024-07-29 23:02:57,606   Imaginary: 21536, Real: 2048
2024-07-29 23:02:57,606   Imaginary: 4643, Real: 1
2024-07-29 23:02:57,606   Imaginary: 12299, Real: 0
2024-07-29 23:02:57,606   Imaginary: 1, Real: 0
2024-07-29 23:02:57,606   Imaginary: 258, Real: 772
2024-07-29 23:02:57,606   Imaginary: 1286, Real: 1800
2024-07-29 23:02:57,606   Imaginary: 512, Real: 774
2024-07-29 23:02:57,606   Imaginary: 64, Real: 6
2024-07-29 23:02:57,606   Imaginary: 26691, Real: 10
2024-07-29 23:02:57,606   Imaginary: 67, Real: 0
2024-07-29 23:02:57,606   Imaginary: -29524, Real: 21690
2024-07-29 23:02:57,606   Imaginary: 1, Real: 0
2024-07-29 23:02:57,606   Imaginary: 1, Real: 0
2024-07-29 23:02:57,606   Imaginary: 0, Real: 0
2024-07-29 23:02:57,606   Imaginary: 10, Real: 0
2024-07-29 23:02:57,606   Imaginary: 0, Real: 6
2024-07-29 23:02:57,606   Imaginary: 21536, Real: 2048
2024-07-29 23:02:57,606   Imaginary: 5280, Real: 1
2024-07-29 23:02:57,606   Imaginary: 12292, Real: 0
2024-07-29 23:02:57,606   Imaginary: 1, Real: 0
2024-07-29 23:02:57,606   Imaginary: 258, Real: 772
2024-07-29 23:02:57,606   Imaginary: 1286, Real: 1800
2024-07-29 23:02:57,606   Imaginary: 512, Real: 774
2024-07-29 23:02:57,606   Imaginary: 64, Real: 6
2024-07-29 23:02:57,606   Imaginary: 26691, Real: 10
2024-07-29 23:02:57,606   Imaginary: 68, Real: 0
2024-07-29 23:02:57,606   Imaginary: 779, Real: 22072
2024-07-29 23:02:57,606   Imaginary: 1, Real: 0
2024-07-29 23:02:57,606   Imaginary: 1, Real: 0
2024-07-29 23:02:57,606   Imaginary: 0, Real: 0
2024-07-29 23:02:57,606   Imaginary: 10, Real: 0
2024-07-29 23:02:57,606   Imaginary: 0, Real: 6
2024-07-29 23:02:57,606   Imaginary: 21536, Real: 2048
2024-07-29 23:02:57,606   Imaginary: 4682, Real: 1
2024-07-29 23:02:57,606   Imaginary: 12299, Real: 0
2024-07-29 23:02:57,606   Imaginary: 1, Real: 0
2024-07-29 23:02:57,606   Imaginary: 258, Real: 772
2024-07-29 23:02:57,606   Imaginary: 1286, Real: 1800
2024-07-29 23:02:57,606   Imaginary: 512, Real: 774
2024-07-29 23:02:57,606   Imaginary: 64, Real: 6
2024-07-29 23:02:57,606   Imaginary: 26691, Real: 10
2024-07-29 23:02:57,606   Imaginary: 69, Real: 0
2024-07-29 23:02:57,606   Imaginary: 31929, Real: 22453
2024-07-29 23:02:57,606   Imaginary: 1, Real: 0
2024-07-29 23:02:57,606   Imaginary: 1, Real: 0
2024-07-29 23:02:57,606   Imaginary: 0, Real: 0
2024-07-29 23:02:57,606   Imaginary: 10, Real: 0
2024-07-29 23:02:57,606   Imaginary: 0, Real: 6
2024-07-29 23:02:57,606   Imaginary: 21536, Real: 2048
2024-07-29 23:02:57,606   Imaginary: 5154, Real: 1
2024-07-29 23:02:57,606   Imaginary: 12292, Real: 0
2024-07-29 23:02:57,606   Imaginary: 1, Real: 0
2024-07-29 23:02:57,606   Imaginary: 258, Real: 772
2024-07-29 23:02:57,606   Imaginary: 1286, Real: 1800
2024-07-29 23:02:57,606   Imaginary: 512, Real: 774
2024-07-29 23:02:57,606   Imaginary: 64, Real: 6
2024-07-29 23:02:57,606   Imaginary: 26691, Real: 10
2024-07-29 23:02:57,606   Imaginary: 70, Real: 0
2024-07-29 23:02:57,606   Imaginary: -2905, Real: 22834
2024-07-29 23:02:57,606   Imaginary: 1, Real: 0
2024-07-29 23:02:57,606   Imaginary: 1, Real: 0
2024-07-29 23:02:57,606   Imaginary: 0, Real: 0
2024-07-29 23:02:57,606   Imaginary: 10, Real: 0
2024-07-29 23:02:57,606   Imaginary: 0, Real: 6
2024-07-29 23:02:57,606   Imaginary: 21536, Real: 2048
2024-07-29 23:02:57,606   Imaginary: 5182, Real: 1
2024-07-29 23:02:57,606   Imaginary: 12299, Real: 0
2024-07-29 23:02:57,606   Imaginary: 1, Real: 0
2024-07-29 23:02:57,606   Imaginary: 258, Real: 772
2024-07-29 23:02:57,606   Imaginary: 1286, Real: 1800
2024-07-29 23:02:57,606   Imaginary: 512, Real: 774
2024-07-29 23:02:57,606   Imaginary: 64, Real: 6
2024-07-29 23:02:57,606   Imaginary: 26691, Real: 10
2024-07-29 23:02:57,606   Imaginary: 71, Real: 0
2024-07-29 23:02:57,606   Imaginary: 27679, Real: 23216
2024-07-29 23:02:57,606   Imaginary: 1, Real: 0
2024-07-29 23:02:57,606   Imaginary: 1, Real: 0
2024-07-29 23:02:57,606   Imaginary: 0, Real: 0
2024-07-29 23:02:57,606   Imaginary: 10, Real: 0
2024-07-29 23:02:57,606   Imaginary: 0, Real: 6
2024-07-29 23:02:57,606   Imaginary: 21536, Real: 2048
2024-07-29 23:02:57,606   Imaginary: 5166, Real: 1
2024-07-29 23:02:57,606   Imaginary: 12210, Real: 0
2024-07-29 23:02:57,606   Imaginary: 1, Real: 0
2024-07-29 23:02:57,606   Imaginary: 258, Real: 772
2024-07-29 23:02:57,606   Imaginary: 1286, Real: 1800
2024-07-29 23:02:57,606   Imaginary: 512, Real: 774
2024-07-29 23:02:57,606   Imaginary: 64, Real: 6
2024-07-29 23:02:57,606   Imaginary: 26691, Real: 10
2024-07-29 23:02:57,606   Imaginary: 72, Real: 0
2024-07-29 23:02:57,606   Imaginary: -6972, Real: 23597
2024-07-29 23:02:57,606   Imaginary: 1, Real: 0
2024-07-29 23:02:57,606   Imaginary: 1, Real: 0
2024-07-29 23:02:57,606   Imaginary: 0, Real: 0
2024-07-29 23:02:57,606   Imaginary: 10, Real: 0
2024-07-29 23:02:57,606   Imaginary: 0, Real: 6
2024-07-29 23:02:57,606   Imaginary: 21536, Real: 2048
2024-07-29 23:02:57,606   Imaginary: 5248, Real: 1
2024-07-29 23:02:57,606   Imaginary: 12210, Real: 0
2024-07-29 23:02:57,606   Imaginary: 1, Real: 0
2024-07-29 23:02:57,606   Imaginary: 258, Real: 772
2024-07-29 23:02:57,606   Imaginary: 1286, Real: 1800
2024-07-29 23:02:57,606   Imaginary: 512, Real: 774
2024-07-29 23:02:57,606   Imaginary: 64, Real: 6
2024-07-29 23:02:57,606   Imaginary: 26691, Real: 10
2024-07-29 23:02:57,606   Imaginary: 73, Real: 0
2024-07-29 23:02:57,606   Imaginary: 23891, Real: 23979
2024-07-29 23:02:57,606   Imaginary: 1, Real: 0
2024-07-29 23:02:57,606   Imaginary: 1, Real: 0
2024-07-29 23:02:57,606   Imaginary: 0, Real: 0
2024-07-29 23:02:57,606   Imaginary: 10, Real: 0
2024-07-29 23:02:57,606   Imaginary: 0, Real: 6
2024-07-29 23:02:57,606   Imaginary: 21536, Real: 2048
2024-07-29 23:02:57,606   Imaginary: 5302, Real: 1
2024-07-29 23:02:57,606   Imaginary: 12291, Real: 0
2024-07-29 23:02:57,606   Imaginary: 1, Real: 0
2024-07-29 23:02:57,606   Imaginary: 258, Real: 772
2024-07-29 23:02:57,606   Imaginary: 1286, Real: 1800
2024-07-29 23:02:57,606   Imaginary: 512, Real: 774
2024-07-29 23:02:57,606   Imaginary: 64, Real: 6
2024-07-29 23:02:57,606   Imaginary: 26691, Real: 10
2024-07-29 23:02:57,606   Imaginary: 74, Real: 0
2024-07-29 23:02:57,606   Imaginary: -11492, Real: 24360
2024-07-29 23:02:57,606   Imaginary: 1, Real: 0
2024-07-29 23:02:57,606   Imaginary: 1, Real: 0
2024-07-29 23:02:57,606   Imaginary: 0, Real: 0
2024-07-29 23:02:57,606   Imaginary: 10, Real: 0
2024-07-29 23:02:57,606   Imaginary: 0, Real: 6
2024-07-29 23:02:57,606   Imaginary: 21536, Real: 2048
2024-07-29 23:02:57,606   Imaginary: 4691, Real: 1
2024-07-29 23:02:57,606   Imaginary: 12210, Real: 0
2024-07-29 23:02:57,606   Imaginary: 1, Real: 0
2024-07-29 23:02:57,606   Imaginary: 258, Real: 772
2024-07-29 23:02:57,606   Imaginary: 1286, Real: 1800
2024-07-29 23:02:57,606   Imaginary: 512, Real: 774
2024-07-29 23:02:57,606   Imaginary: 64, Real: 6
2024-07-29 23:02:57,606   Imaginary: 26691, Real: 10
2024-07-29 23:02:57,606   Imaginary: 75, Real: 0
2024-07-29 23:02:57,606   Imaginary: 19502, Real: 24742
2024-07-29 23:02:57,606   Imaginary: 1, Real: 0
2024-07-29 23:02:57,606   Imaginary: 1, Real: 0
2024-07-29 23:02:57,606   Imaginary: 0, Real: 0
2024-07-29 23:02:57,606   Imaginary: 10, Real: 0
2024-07-29 23:02:57,606   Imaginary: 0, Real: 6
2024-07-29 23:02:57,606   Imaginary: 21536, Real: 2048
2024-07-29 23:02:57,606   Imaginary: 4614, Real: 1
2024-07-29 23:02:57,606   Imaginary: 12302, Real: 0
2024-07-29 23:02:57,606   Imaginary: 1, Real: 0
2024-07-29 23:02:57,606   Imaginary: 258, Real: 772
2024-07-29 23:02:57,606   Imaginary: 1286, Real: 1800
2024-07-29 23:02:57,606   Imaginary: 512, Real: 774
2024-07-29 23:02:57,606   Imaginary: 64, Real: 6
2024-07-29 23:02:57,606   Imaginary: 26691, Real: 10
2024-07-29 23:02:57,606   Imaginary: 76, Real: 0
2024-07-29 23:02:57,606   Imaginary: -15294, Real: 25123
2024-07-29 23:02:57,606   Imaginary: 1, Real: 0
2024-07-29 23:02:57,606   Imaginary: 1, Real: 0
2024-07-29 23:02:57,606   Imaginary: 0, Real: 0
2024-07-29 23:02:57,606   Imaginary: 10, Real: 0
2024-07-29 23:02:57,606   Imaginary: 0, Real: 6
2024-07-29 23:02:57,606   Imaginary: 21536, Real: 2048
2024-07-29 23:02:57,606   Imaginary: 4690, Real: 1
2024-07-29 23:02:57,606   Imaginary: 12299, Real: 0
2024-07-29 23:02:57,606   Imaginary: 1, Real: 0
2024-07-29 23:02:57,606   Imaginary: 258, Real: 772
2024-07-29 23:02:57,606   Imaginary: 1286, Real: 1800
2024-07-29 23:02:57,606   Imaginary: 512, Real: 774
2024-07-29 23:02:57,606   Imaginary: 64, Real: 6
2024-07-29 23:02:57,606   Imaginary: 26691, Real: 10
2024-07-29 23:02:57,606   Imaginary: 77, Real: 0
2024-07-29 23:02:57,606   Imaginary: 15385, Real: 25505
2024-07-29 23:02:57,606   Imaginary: 1, Real: 0
2024-07-29 23:02:57,606   Imaginary: 1, Real: 0
2024-07-29 23:02:57,606   Imaginary: 0, Real: 0
2024-07-29 23:02:57,606   Imaginary: 10, Real: 0
2024-07-29 23:02:57,606   Imaginary: 0, Real: 6
2024-07-29 23:02:57,606   Imaginary: 21536, Real: 2048
2024-07-29 23:02:57,606   Imaginary: 4680, Real: 1
2024-07-29 23:02:57,606   Imaginary: 12299, Real: 0
2024-07-29 23:02:57,606   Imaginary: 1, Real: 0
2024-07-29 23:02:57,606   Imaginary: 258, Real: 772
2024-07-29 23:02:57,606   Imaginary: 1286, Real: 1800
2024-07-29 23:02:57,606   Imaginary: 512, Real: 774
2024-07-29 23:02:57,606   Imaginary: 64, Real: 6
2024-07-29 23:02:57,606   Imaginary: 26691, Real: 10
2024-07-29 23:02:57,606   Imaginary: 78, Real: 0
2024-07-29 23:02:57,606   Imaginary: -19398, Real: 25886
2024-07-29 23:02:57,606   Imaginary: 1, Real: 0
2024-07-29 23:02:57,606   Imaginary: 1, Real: 0
2024-07-29 23:02:57,606   Imaginary: 0, Real: 0
2024-07-29 23:02:57,606   Imaginary: 10, Real: 0
2024-07-29 23:02:57,606   Imaginary: 0, Real: 6
2024-07-29 23:02:57,606   Imaginary: 21536, Real: 2048
2024-07-29 23:02:57,606   Imaginary: 4738, Real: 1
2024-07-29 23:02:57,606   Imaginary: 12210, Real: 0
2024-07-29 23:02:57,606   Imaginary: 1, Real: 0
2024-07-29 23:02:57,606   Imaginary: 258, Real: 772
2024-07-29 23:02:57,606   Imaginary: 1286, Real: 1800
2024-07-29 23:02:57,606   Imaginary: 512, Real: 774
2024-07-29 23:02:57,606   Imaginary: 64, Real: 6
2024-07-29 23:02:57,606   Imaginary: 26691, Real: 10
2024-07-29 23:02:57,606   Imaginary: 79, Real: 0
2024-07-29 23:02:57,606   Imaginary: 12130, Real: 26268
2024-07-29 23:02:57,606   Imaginary: 1, Real: 0
2024-07-29 23:02:57,606   Imaginary: 1, Real: 0
2024-07-29 23:02:57,606   Imaginary: 0, Real: 0
2024-07-29 23:02:57,606   Imaginary: 10, Real: 0
2024-07-29 23:02:57,606   Imaginary: 0, Real: 6
2024-07-29 23:02:57,606   Imaginary: 21536, Real: 2048
2024-07-29 23:02:57,606   Imaginary: 5468, Real: 1
2024-07-29 23:02:57,606   Imaginary: 12210, Real: 0
2024-07-29 23:02:57,606   Imaginary: 1, Real: 0
2024-07-29 23:02:57,606   Imaginary: 258, Real: 772
2024-07-29 23:02:57,606   Imaginary: 1286, Real: 1800
2024-07-29 23:02:57,606   Imaginary: 512, Real: 774
2024-07-29 23:02:57,606   Imaginary: 64, Real: 6
2024-07-29 23:02:57,606   Imaginary: 26691, Real: 10
2024-07-29 23:02:57,606   Imaginary: 80, Real: 0
2024-07-29 23:02:57,606   Imaginary: -23044, Real: 26649
2024-07-29 23:02:57,606   Imaginary: 1, Real: 0
2024-07-29 23:02:57,606   Imaginary: 1, Real: 0
2024-07-29 23:02:57,606   Imaginary: 0, Real: 0
2024-07-29 23:02:57,606   Imaginary: 10, Real: 0
2024-07-29 23:02:57,606   Imaginary: 0, Real: 6
2024-07-29 23:02:57,606   Imaginary: 21536, Real: 2048
2024-07-29 23:02:57,606   Imaginary: 4871, Real: 1
2024-07-29 23:02:57,606   Imaginary: 12299, Real: 0
2024-07-29 23:02:57,606   Imaginary: 1, Real: 0
2024-07-29 23:02:57,606   Imaginary: 258, Real: 772
2024-07-29 23:02:57,606   Imaginary: 1286, Real: 1800
2024-07-29 23:02:57,606   Imaginary: 512, Real: 774
2024-07-29 23:02:57,606   Imaginary: 64, Real: 6
2024-07-29 23:02:57,606   Imaginary: 26691, Real: 10
2024-07-29 23:02:57,606   Imaginary: 81, Real: 0
2024-07-29 23:02:57,606   Imaginary: 7321, Real: 27031
2024-07-29 23:02:57,606   Imaginary: 1, Real: 0
2024-07-29 23:02:57,606   Imaginary: 1, Real: 0
2024-07-29 23:02:57,606   Imaginary: 0, Real: 0
2024-07-29 23:02:57,606   Imaginary: 10, Real: 0
2024-07-29 23:02:57,606   Imaginary: 0, Real: 6
2024-07-29 23:02:57,606   Imaginary: 21536, Real: 2048
2024-07-29 23:02:57,606   Imaginary: 4605, Real: 1
2024-07-29 23:02:57,606   Imaginary: 12290, Real: 0
2024-07-29 23:02:57,606   Imaginary: 1, Real: 0
2024-07-29 23:02:57,606   Imaginary: 258, Real: 772
2024-07-29 23:02:57,606   Imaginary: 1286, Real: 1800
2024-07-29 23:02:57,606   Imaginary: 512, Real: 774
2024-07-29 23:02:57,606   Imaginary: 64, Real: 6
2024-07-29 23:02:57,606   Imaginary: 26691, Real: 10
2024-07-29 23:02:57,606   Imaginary: 82, Real: 0
2024-07-29 23:02:57,606   Imaginary: -27340, Real: 27412
2024-07-29 23:02:57,606   Imaginary: 1, Real: 0
2024-07-29 23:02:57,606   Imaginary: 1, Real: 0
2024-07-29 23:02:57,606   Imaginary: 0, Real: 0
2024-07-29 23:02:57,606   Imaginary: 10, Real: 0
2024-07-29 23:02:57,606   Imaginary: 0, Real: 6
2024-07-29 23:02:57,606   Imaginary: 21536, Real: 2048
2024-07-29 23:02:57,606   Imaginary: 4721, Real: 1
2024-07-29 23:02:57,606   Imaginary: 12210, Real: 0
2024-07-29 23:02:57,606   Imaginary: 1, Real: 0
2024-07-29 23:02:57,606   Imaginary: 258, Real: 772
2024-07-29 23:02:57,606   Imaginary: 1286, Real: 1800
2024-07-29 23:02:57,606   Imaginary: 512, Real: 774
2024-07-29 23:02:57,606   Imaginary: 64, Real: 6
2024-07-29 23:02:57,606   Imaginary: 26691, Real: 10
2024-07-29 23:02:57,606   Imaginary: 83, Real: 0
2024-07-29 23:02:57,606   Imaginary: 3473, Real: 27794
2024-07-29 23:02:57,606   Imaginary: 1, Real: 0
2024-07-29 23:02:57,606   Imaginary: 1, Real: 0
2024-07-29 23:02:57,606   Imaginary: 0, Real: 0
2024-07-29 23:02:57,606   Imaginary: 10, Real: 0
2024-07-29 23:02:57,606   Imaginary: 0, Real: 6
2024-07-29 23:02:57,606   Imaginary: 21536, Real: 2048
2024-07-29 23:02:57,606   Imaginary: 4766, Real: 1
2024-07-29 23:02:57,606   Imaginary: 12210, Real: 0
2024-07-29 23:02:57,606   Imaginary: 1, Real: 0
2024-07-29 23:02:57,606   Imaginary: 258, Real: 772
2024-07-29 23:02:57,606   Imaginary: 1286, Real: 1800
2024-07-29 23:02:57,606   Imaginary: 512, Real: 774
2024-07-29 23:02:57,606   Imaginary: 64, Real: 6
2024-07-29 23:02:57,606   Imaginary: 26691, Real: 10
2024-07-29 23:02:57,606   Imaginary: 84, Real: 0
2024-07-29 23:02:57,606   Imaginary: -31373, Real: 28175
2024-07-29 23:02:57,606   Imaginary: 1, Real: 0
2024-07-29 23:02:57,606   Imaginary: 1, Real: 0
2024-07-29 23:02:57,606   Imaginary: 0, Real: 0
2024-07-29 23:02:57,606   Imaginary: 10, Real: 0
2024-07-29 23:02:57,606   Imaginary: 0, Real: 6
2024-07-29 23:02:57,606   Imaginary: 21536, Real: 2048
2024-07-29 23:02:57,606   Imaginary: 4662, Real: 1
2024-07-29 23:02:57,606   Imaginary: 12210, Real: 0
2024-07-29 23:02:57,606   Imaginary: 1, Real: 0
2024-07-29 23:02:57,606   Imaginary: 258, Real: 772
2024-07-29 23:02:57,606   Imaginary: 1286, Real: 1800
2024-07-29 23:02:57,606   Imaginary: 512, Real: 774
2024-07-29 23:02:57,606   Imaginary: 64, Real: 6
2024-07-29 23:02:57,606   Imaginary: 26691, Real: 10
2024-07-29 23:02:57,606   Imaginary: 85, Real: 0
2024-07-29 23:02:57,606   Imaginary: 242, Real: 28557
2024-07-29 23:02:57,606   Imaginary: 1, Real: 0
2024-07-29 23:02:57,606   Imaginary: 1, Real: 0
2024-07-29 23:02:57,606   Imaginary: 0, Real: 0
2024-07-29 23:02:57,606   Imaginary: 10, Real: 0
2024-07-29 23:02:57,606   Imaginary: 0, Real: 6
2024-07-29 23:02:57,606   Imaginary: 21536, Real: 2048
2024-07-29 23:02:57,606   Imaginary: 5493, Real: 1
2024-07-29 23:02:57,606   Imaginary: 12203, Real: 0
2024-07-29 23:02:57,606   Imaginary: 1, Real: 0
2024-07-29 23:02:57,606   Imaginary: 258, Real: 772
2024-07-29 23:02:57,606   Imaginary: 1286, Real: 1800
2024-07-29 23:02:57,606   Imaginary: 512, Real: 774
2024-07-29 23:02:57,606   Imaginary: 64, Real: 6
2024-07-29 23:02:57,606   Imaginary: 26691, Real: 10
2024-07-29 23:02:57,606   Imaginary: 86, Real: 0
2024-07-29 23:02:57,606   Imaginary: 30565, Real: 28938
2024-07-29 23:02:57,606   Imaginary: 1, Real: 0
2024-07-29 23:02:57,606   Imaginary: 1, Real: 0
2024-07-29 23:02:57,606   Imaginary: 0, Real: 0
2024-07-29 23:02:57,606   Imaginary: 10, Real: 0
2024-07-29 23:02:57,606   Imaginary: 0, Real: 6
2024-07-29 23:02:57,606   Imaginary: 21536, Real: 2048
2024-07-29 23:02:57,606   Imaginary: 4644, Real: 1
2024-07-29 23:02:57,606   Imaginary: 12299, Real: 0
2024-07-29 23:02:57,606   Imaginary: 1, Real: 0
2024-07-29 23:02:57,606   Imaginary: 258, Real: 772
2024-07-29 23:02:57,606   Imaginary: 1286, Real: 1800
2024-07-29 23:02:57,606   Imaginary: 512, Real: 774
2024-07-29 23:02:57,606   Imaginary: 64, Real: 6
2024-07-29 23:02:57,606   Imaginary: 26691, Real: 10
2024-07-29 23:02:57,606   Imaginary: 87, Real: 0
2024-07-29 23:02:57,606   Imaginary: -4420, Real: 29319
2024-07-29 23:02:57,606   Imaginary: 1, Real: 0
2024-07-29 23:02:57,606   Imaginary: 1, Real: 0
2024-07-29 23:02:57,606   Imaginary: 0, Real: 0
2024-07-29 23:02:57,606   Imaginary: 10, Real: 0
2024-07-29 23:02:57,606   Imaginary: 0, Real: 6
2024-07-29 23:02:57,606   Imaginary: 21536, Real: 2048
2024-07-29 23:02:57,606   Imaginary: 4815, Real: 1
2024-07-29 23:02:57,606   Imaginary: 12210, Real: 0
2024-07-29 23:02:57,606   Imaginary: 1, Real: 0
2024-07-29 23:02:57,606   Imaginary: 258, Real: 772
2024-07-29 23:02:57,606   Imaginary: 1286, Real: 1800
2024-07-29 23:02:57,606   Imaginary: 512, Real: 774
2024-07-29 23:02:57,606   Imaginary: 64, Real: 6
2024-07-29 23:02:57,606   Imaginary: 26691, Real: 10
2024-07-29 23:02:57,606   Imaginary: 88, Real: 0
2024-07-29 23:02:57,606   Imaginary: 26409, Real: 29701
2024-07-29 23:02:57,606   Imaginary: 1, Real: 0
2024-07-29 23:02:57,606   Imaginary: 1, Real: 0
2024-07-29 23:02:57,606   Imaginary: 0, Real: 0
2024-07-29 23:02:57,606   Imaginary: 10, Real: 0
2024-07-29 23:02:57,606   Imaginary: 0, Real: 6
2024-07-29 23:02:57,606   Imaginary: 21536, Real: 2048
2024-07-29 23:02:57,606   Imaginary: 4866, Real: 1
2024-07-29 23:02:57,606   Imaginary: 12210, Real: 0
2024-07-29 23:02:57,606   Imaginary: 1, Real: 0
2024-07-29 23:02:57,606   Imaginary: 258, Real: 772
2024-07-29 23:02:57,606   Imaginary: 1286, Real: 1800
2024-07-29 23:02:57,606   Imaginary: 512, Real: 774
2024-07-29 23:02:57,606   Imaginary: 64, Real: 6
2024-07-29 23:02:57,621   Imaginary: 26691, Real: 10
2024-07-29 23:02:57,621   Imaginary: 89, Real: 0
2024-07-29 23:02:57,621   Imaginary: -8513, Real: 30082
2024-07-29 23:02:57,621   Imaginary: 1, Real: 0
2024-07-29 23:02:57,621   Imaginary: 1, Real: 0
2024-07-29 23:02:57,621   Imaginary: 0, Real: 0
2024-07-29 23:02:57,621   Imaginary: 10, Real: 0
2024-07-29 23:02:57,621   Imaginary: 0, Real: 6
2024-07-29 23:02:57,621   Imaginary: 21536, Real: 2048
2024-07-29 23:02:57,621   Imaginary: 4641, Real: 1
2024-07-29 23:02:57,621   Imaginary: 12291, Real: 0
2024-07-29 23:02:57,621   Imaginary: 1, Real: 0
2024-07-29 23:02:57,621   Imaginary: 258, Real: 772
2024-07-29 23:02:57,621   Imaginary: 1286, Real: 1800
2024-07-29 23:02:57,621   Imaginary: 512, Real: 774
2024-07-29 23:02:57,621   Imaginary: 64, Real: 6
2024-07-29 23:02:57,621   Imaginary: 26691, Real: 10
2024-07-29 23:02:57,621   Imaginary: 90, Real: 0
2024-07-29 23:02:57,621   Imaginary: 22307, Real: 30464
2024-07-29 23:02:57,621   Imaginary: 1, Real: 0
2024-07-29 23:02:57,621   Imaginary: 1, Real: 0
2024-07-29 23:02:57,621   Imaginary: 0, Real: 0
2024-07-29 23:02:57,621   Imaginary: 10, Real: 0
2024-07-29 23:02:57,621   Imaginary: 0, Real: 6
2024-07-29 23:02:57,621   Imaginary: 21536, Real: 2048
2024-07-29 23:02:57,621   Imaginary: 4715, Real: 1
2024-07-29 23:02:57,622   Imaginary: 12210, Real: 0
2024-07-29 23:02:57,622   Imaginary: 1, Real: 0
2024-07-29 23:02:57,622   Imaginary: 258, Real: 772
2024-07-29 23:02:57,622   Imaginary: 1286, Real: 1800
2024-07-29 23:02:57,622   Imaginary: 512, Real: 774
2024-07-29 23:02:57,622   Imaginary: 64, Real: 6
2024-07-29 23:02:57,622   Imaginary: 26691, Real: 10
2024-07-29 23:02:57,622   Imaginary: 91, Real: 0
2024-07-29 23:02:57,622   Imaginary: -12409, Real: 30845
2024-07-29 23:02:57,622   Imaginary: 1, Real: 0
2024-07-29 23:02:57,622   Imaginary: 1, Real: 0
2024-07-29 23:02:57,622   Imaginary: 0, Real: 0
2024-07-29 23:02:57,622   Imaginary: 10, Real: 0
2024-07-29 23:02:57,622   Imaginary: 0, Real: 6
2024-07-29 23:02:57,622   Imaginary: 21536, Real: 2048
2024-07-29 23:02:57,622   Imaginary: 4751, Real: 1
2024-07-29 23:02:57,622   Imaginary: 12210, Real: 0
2024-07-29 23:02:57,622   Imaginary: 1, Real: 0
2024-07-29 23:02:57,622   Imaginary: 258, Real: 772
2024-07-29 23:02:57,622   Imaginary: 1286, Real: 1800
2024-07-29 23:02:57,622   Imaginary: 512, Real: 774
2024-07-29 23:02:57,622   Imaginary: 64, Real: 6
2024-07-29 23:02:57,622   Imaginary: 26691, Real: 10
2024-07-29 23:02:57,622   Imaginary: 92, Real: 0
2024-07-29 23:02:57,622   Imaginary: 18529, Real: 31227
2024-07-29 23:02:57,622   Imaginary: 1, Real: 0
2024-07-29 23:02:57,622   Imaginary: 1, Real: 0
2024-07-29 23:02:57,622   Imaginary: 0, Real: 0
2024-07-29 23:02:57,622   Imaginary: 10, Real: 0
2024-07-29 23:02:57,622   Imaginary: 0, Real: 6
2024-07-29 23:02:57,622   Imaginary: 21536, Real: 2048
2024-07-29 23:02:57,622   Imaginary: 4905, Real: 1
2024-07-29 23:02:57,622   Imaginary: 12210, Real: 0
2024-07-29 23:02:57,622   Imaginary: 1, Real: 0
2024-07-29 23:02:57,622   Imaginary: 258, Real: 772
2024-07-29 23:02:57,622   Imaginary: 1286, Real: 1800
2024-07-29 23:02:57,622   Imaginary: 512, Real: 774
2024-07-29 23:02:57,622   Imaginary: 64, Real: 6
2024-07-29 23:02:57,622   Imaginary: 26691, Real: 10
2024-07-29 23:02:57,622   Imaginary: 93, Real: 0
2024-07-29 23:02:57,622   Imaginary: -16234, Real: 31608
2024-07-29 23:02:57,622   Imaginary: 1, Real: 0
2024-07-29 23:02:57,622   Imaginary: 1, Real: 0
2024-07-29 23:02:57,622   Imaginary: 0, Real: 0
2024-07-29 23:02:57,622   Imaginary: 10, Real: 0
2024-07-29 23:02:57,622   Imaginary: 0, Real: 6
2024-07-29 23:02:57,622   Imaginary: 21536, Real: 2048
2024-07-29 23:02:57,622   Imaginary: 4805, Real: 1
2024-07-29 23:02:57,622   Imaginary: 12299, Real: 0
2024-07-29 23:02:57,622   Imaginary: 1, Real: 0
2024-07-29 23:02:57,622   Imaginary: 258, Real: 772
2024-07-29 23:02:57,622   Imaginary: 1286, Real: 1800
2024-07-29 23:02:57,622   Imaginary: 512, Real: 774
2024-07-29 23:02:57,622   Imaginary: 64, Real: 6
2024-07-29 23:02:57,622   Imaginary: 26691, Real: 10
2024-07-29 23:02:57,622   Imaginary: 94, Real: 0
2024-07-29 23:02:57,622   Imaginary: 14725, Real: 31990
2024-07-29 23:02:57,622   Imaginary: 1, Real: 0
2024-07-29 23:02:57,622   Imaginary: 1, Real: 0
2024-07-29 23:02:57,622   Imaginary: 0, Real: 0
2024-07-29 23:02:57,622   Imaginary: 10, Real: 0
2024-07-29 23:02:57,622   Imaginary: 0, Real: 6
2024-07-29 23:02:57,622   Imaginary: 21536, Real: 2048
2024-07-29 23:02:57,622   Imaginary: 4877, Real: 1
2024-07-29 23:02:57,622   Imaginary: 12299, Real: 0
2024-07-29 23:02:57,622   Imaginary: 1, Real: 0
2024-07-29 23:02:57,622   Imaginary: 258, Real: 772
2024-07-29 23:02:57,622   Imaginary: 1286, Real: 1800
2024-07-29 23:02:57,622   Imaginary: 512, Real: 774
2024-07-29 23:02:57,622   Imaginary: 64, Real: 6
2024-07-29 23:02:57,622   Imaginary: 26691, Real: 10
2024-07-29 23:02:57,622   Imaginary: 95, Real: 0
2024-07-29 23:02:57,622   Imaginary: -19480, Real: 32371
2024-07-29 23:02:57,622   Imaginary: 1, Real: 0
2024-07-29 23:02:57,622   Imaginary: 1, Real: 0
2024-07-29 23:02:57,622   Imaginary: 0, Real: 0
2024-07-29 23:02:57,622   Imaginary: 10, Real: 0
2024-07-29 23:02:57,622   Imaginary: 0, Real: 6
2024-07-29 23:02:57,622   Imaginary: 21536, Real: 2048
2024-07-29 23:02:57,622   Imaginary: 5600, Real: 1
2024-07-29 23:02:57,622   Imaginary: 12210, Real: 0
2024-07-29 23:02:57,622   Imaginary: 1, Real: 0
2024-07-29 23:02:57,622 Number of elements printed = 1284
