2024-07-29 23:02:15,132 readNumBytes: 2624
2024-07-29 23:02:15,135 Header_Start_Index                   = 0
2024-07-29 23:02:15,135 Total Packet Length(number of bytes) = 393280
2024-07-29 23:02:15,135 Platform                             = 000a6843
2024-07-29 23:02:15,135 Frame Number                         = 10
2024-07-29 23:02:15,135 Time (CPU Cycles)                    = 1535350566
2024-07-29 23:02:15,135 Number of Detected Objects           = 1
2024-07-29 23:02:15,135 Number of TLVs                       = 1
2024-07-29 23:02:15,135 SubFrameNumber                       = 0
2024-07-29 23:02:15,135 Frame Fail, readNumBytes may not be long enough
2024-07-29 23:02:15,135 The 1st TLV
2024-07-29 23:02:15,135 TLV type = 10
2024-07-29 23:02:15,136 TLV length = 393216 bytes
2024-07-29 23:02:15,136 Length of the captured radar cube data = 2576 bytes
2024-07-29 23:02:15,136 Complex data size = 4
2024-07-29 23:02:15,136 Number of complex numbers/radarcube data elements = 98304
2024-07-29 23:02:15,136 Attempt to read beyond buffer size at index 644
2024-07-29 23:02:15,136 Radar Cube Data (Imag, Real):
2024-07-29 23:02:15,136   Imaginary: 21536, Real: 2048
2024-07-29 23:02:15,136   Imaginary: 4502, Real: 1
2024-07-29 23:02:15,136   Imaginary: 13186, Real: 0
2024-07-29 23:02:15,136   Imaginary: 1, Real: 0
2024-07-29 23:02:15,136   Imaginary: 258, Real: 772
2024-07-29 23:02:15,136   Imaginary: 1286, Real: 1800
2024-07-29 23:02:15,136   Imaginary: 512, Real: 774
2024-07-29 23:02:15,136   Imaginary: 64, Real: 6
2024-07-29 23:02:15,136   Imaginary: 26691, Real: 10
2024-07-29 23:02:15,136   Imaginary: 11, Real: 0
2024-07-29 23:02:15,136   Imaginary: -2739, Real: 24190
2024-07-29 23:02:15,136   Imaginary: 2, Real: 0
2024-07-29 23:02:15,136   Imaginary: 1, Real: 0
2024-07-29 23:02:15,136   Imaginary: 0, Real: 0
2024-07-29 23:02:15,136   Imaginary: 10, Real: 0
2024-07-29 23:02:15,136   Imaginary: 0, Real: 6
2024-07-29 23:02:15,136   Imaginary: 21536, Real: 2048
2024-07-29 23:02:15,136   Imaginary: 23634, Real: 1
2024-07-29 23:02:15,136   Imaginary: 21780, Real: 0
2024-07-29 23:02:15,136   Imaginary: 2, Real: 0
2024-07-29 23:02:15,136   Imaginary: 258, Real: 772
2024-07-29 23:02:15,136   Imaginary: 1286, Real: 1800
2024-07-29 23:02:15,136   Imaginary: 512, Real: 774
2024-07-29 23:02:15,136   Imaginary: 64, Real: 6
2024-07-29 23:02:15,136   Imaginary: 26691, Real: 10
2024-07-29 23:02:15,136   Imaginary: 12, Real: 0
2024-07-29 23:02:15,136   Imaginary: -5488, Real: 24953
2024-07-29 23:02:15,136   Imaginary: 2, Real: 0
2024-07-29 23:02:15,136   Imaginary: 1, Real: 0
2024-07-29 23:02:15,136   Imaginary: 0, Real: 0
2024-07-29 23:02:15,136   Imaginary: 10, Real: 0
2024-07-29 23:02:15,136   Imaginary: 0, Real: 6
2024-07-29 23:02:15,136   Imaginary: 21536, Real: 2048
2024-07-29 23:02:15,136   Imaginary: 24387, Real: 1
2024-07-29 23:02:15,136   Imaginary: 21818, Real: 0
2024-07-29 23:02:15,136   Imaginary: 2, Real: 0
2024-07-29 23:02:15,136   Imaginary: 258, Real: 772
2024-07-29 23:02:15,136   Imaginary: 1286, Real: 1800
2024-07-29 23:02:15,136   Imaginary: 512, Real: 774
2024-07-29 23:02:15,136   Imaginary: 64, Real: 6
2024-07-29 23:02:15,136   Imaginary: 26691, Real: 10
2024-07-29 23:02:15,136   Imaginary: 13, Real: 0
2024-07-29 23:02:15,136   Imaginary: -8181, Real: 25716
2024-07-29 23:02:15,136   Imaginary: 2, Real: 0
2024-07-29 23:02:15,136   Imaginary: 1, Real: 0
2024-07-29 23:02:15,136   Imaginary: 0, Real: 0
2024-07-29 23:02:15,136   Imaginary: 10, Real: 0
2024-07-29 23:02:15,136   Imaginary: 0, Real: 6
2024-07-29 23:02:15,136   Imaginary: 21536, Real: 2048
2024-07-29 23:02:15,136   Imaginary: 25157, Real: 1
2024-07-29 23:02:15,136   Imaginary: 21818, Real: 0
2024-07-29 23:02:15,136   Imaginary: 2, Real: 0
2024-07-29 23:02:15,136   Imaginary: 258, Real: 772
2024-07-29 23:02:15,136   Imaginary: 1286, Real: 1800
2024-07-29 23:02:15,136   Imaginary: 512, Real: 774
2024-07-29 23:02:15,136   Imaginary: 64, Real: 6
2024-07-29 23:02:15,136   Imaginary: 26691, Real: 10
2024-07-29 23:02:15,136   Imaginary: 14, Real: 0
2024-07-29 23:02:15,136   Imaginary: -6903, Real: 26479
2024-07-29 23:02:15,136   Imaginary: 2, Real: 0
2024-07-29 23:02:15,136   Imaginary: 1, Real: 0
2024-07-29 23:02:15,136   Imaginary: 0, Real: 0
2024-07-29 23:02:15,136   Imaginary: 10, Real: 0
2024-07-29 23:02:15,136   Imaginary: 0, Real: 6
2024-07-29 23:02:15,136   Imaginary: 21536, Real: 2048
2024-07-29 23:02:15,136   Imaginary: 24722, Real: 1
2024-07-29 23:02:15,136   Imaginary: 21896, Real: 0
2024-07-29 23:02:15,136   Imaginary: 2, Real: 0
2024-07-29 23:02:15,136   Imaginary: 258, Real: 772
2024-07-29 23:02:15,136   Imaginary: 1286, Real: 1800
2024-07-29 23:02:15,136   Imaginary: 512, Real: 774
2024-07-29 23:02:15,136   Imaginary: 64, Real: 6
2024-07-29 23:02:15,136   Imaginary: 26691, Real: 10
2024-07-29 23:02:15,136   Imaginary: 15, Real: 0
2024-07-29 23:02:15,136   Imaginary: 620, Real: 27243
2024-07-29 23:02:15,136   Imaginary: 3, Real: 0
2024-07-29 23:02:15,136   Imaginary: 1, Real: 0
2024-07-29 23:02:15,136   Imaginary: 0, Real: 0
2024-07-29 23:02:15,136   Imaginary: 10, Real: 0
2024-07-29 23:02:15,136   Imaginary: 0, Real: 6
2024-07-29 23:02:15,136   Imaginary: 21536, Real: 2048
2024-07-29 23:02:15,136   Imaginary: -29664, Real: 1
2024-07-29 23:02:15,136   Imaginary: 22619, Real: 0
2024-07-29 23:02:15,136   Imaginary: 3, Real: 0
2024-07-29 23:02:15,136   Imaginary: 258, Real: 772
2024-07-29 23:02:15,136   Imaginary: 1286, Real: 1800
2024-07-29 23:02:15,136   Imaginary: 512, Real: 774
2024-07-29 23:02:15,136   Imaginary: 64, Real: 6
2024-07-29 23:02:15,136   Imaginary: 26691, Real: 10
2024-07-29 23:02:15,136   Imaginary: 16, Real: 0
2024-07-29 23:02:15,136   Imaginary: 17364, Real: 28005
2024-07-29 23:02:15,136   Imaginary: 1, Real: 0
2024-07-29 23:02:15,136   Imaginary: 1, Real: 0
2024-07-29 23:02:15,136   Imaginary: 0, Real: 0
2024-07-29 23:02:15,136   Imaginary: 10, Real: 0
2024-07-29 23:02:15,136   Imaginary: 0, Real: 6
2024-07-29 23:02:15,136   Imaginary: 21536, Real: 2048
2024-07-29 23:02:15,136   Imaginary: 5441, Real: 1
2024-07-29 23:02:15,136   Imaginary: 13173, Real: 0
2024-07-29 23:02:15,136   Imaginary: 1, Real: 0
2024-07-29 23:02:15,136   Imaginary: 258, Real: 772
2024-07-29 23:02:15,136   Imaginary: 1286, Real: 1800
2024-07-29 23:02:15,136   Imaginary: 512, Real: 774
2024-07-29 23:02:15,136   Imaginary: 64, Real: 6
2024-07-29 23:02:15,136   Imaginary: 26691, Real: 10
2024-07-29 23:02:15,136   Imaginary: 17, Real: 0
2024-07-29 23:02:15,136   Imaginary: 18164, Real: 28769
2024-07-29 23:02:15,136   Imaginary: 4, Real: 0
2024-07-29 23:02:15,136   Imaginary: 1, Real: 0
2024-07-29 23:02:15,136   Imaginary: 0, Real: 0
2024-07-29 23:02:15,136   Imaginary: 10, Real: 0
2024-07-29 23:02:15,136   Imaginary: 0, Real: 6
2024-07-29 23:02:15,136   Imaginary: 21536, Real: 2048
2024-07-29 23:02:15,136   Imaginary: -6775, Real: 1
2024-07-29 23:02:15,136   Imaginary: 30410, Real: 0
2024-07-29 23:02:15,136   Imaginary: 4, Real: 0
2024-07-29 23:02:15,136   Imaginary: 258, Real: 772
2024-07-29 23:02:15,136   Imaginary: 1286, Real: 1800
2024-07-29 23:02:15,136   Imaginary: 512, Real: 774
2024-07-29 23:02:15,136   Imaginary: 64, Real: 6
2024-07-29 23:02:15,136   Imaginary: 26691, Real: 10
2024-07-29 23:02:15,136   Imaginary: 18, Real: 0
2024-07-29 23:02:15,136   Imaginary: 12780, Real: 29531
2024-07-29 23:02:15,136   Imaginary: 1, Real: 0
2024-07-29 23:02:15,136   Imaginary: 1, Real: 0
2024-07-29 23:02:15,136   Imaginary: 0, Real: 0
2024-07-29 23:02:15,136   Imaginary: 10, Real: 0
2024-07-29 23:02:15,136   Imaginary: 0, Real: 6
2024-07-29 23:02:15,136   Imaginary: 21536, Real: 2048
2024-07-29 23:02:15,136   Imaginary: 4512, Real: 1
2024-07-29 23:02:15,136   Imaginary: 13182, Real: 0
2024-07-29 23:02:15,136   Imaginary: 1, Real: 0
2024-07-29 23:02:15,136   Imaginary: 258, Real: 772
2024-07-29 23:02:15,136   Imaginary: 1286, Real: 1800
2024-07-29 23:02:15,136   Imaginary: 512, Real: 774
2024-07-29 23:02:15,136   Imaginary: 64, Real: 6
2024-07-29 23:02:15,136   Imaginary: 26691, Real: 10
2024-07-29 23:02:15,136   Imaginary: 19, Real: 0
2024-07-29 23:02:15,136   Imaginary: 31902, Real: 30294
2024-07-29 23:02:15,136   Imaginary: 1, Real: 0
2024-07-29 23:02:15,136   Imaginary: 1, Real: 0
2024-07-29 23:02:15,136   Imaginary: 0, Real: 0
2024-07-29 23:02:15,136   Imaginary: 10, Real: 0
2024-07-29 23:02:15,136   Imaginary: 0, Real: 6
2024-07-29 23:02:15,136   Imaginary: 21536, Real: 2048
2024-07-29 23:02:15,136   Imaginary: 23990, Real: 1
2024-07-29 23:02:15,136   Imaginary: 21818, Real: 0
2024-07-29 23:02:15,136   Imaginary: 1, Real: 0
2024-07-29 23:02:15,136   Imaginary: 258, Real: 772
2024-07-29 23:02:15,136   Imaginary: 1286, Real: 1800
2024-07-29 23:02:15,136   Imaginary: 512, Real: 774
2024-07-29 23:02:15,136   Imaginary: 64, Real: 6
2024-07-29 23:02:15,136   Imaginary: 26691, Real: 10
2024-07-29 23:02:15,136   Imaginary: 20, Real: 0
2024-07-29 23:02:15,136   Imaginary: -32398, Real: 31057
2024-07-29 23:02:15,136   Imaginary: 2, Real: 0
2024-07-29 23:02:15,136   Imaginary: 1, Real: 0
2024-07-29 23:02:15,136   Imaginary: 0, Real: 0
2024-07-29 23:02:15,136   Imaginary: 10, Real: 0
2024-07-29 23:02:15,136   Imaginary: 0, Real: 6
2024-07-29 23:02:15,136   Imaginary: 21536, Real: 2048
2024-07-29 23:02:15,136   Imaginary: 24243, Real: 1
2024-07-29 23:02:15,136   Imaginary: 22619, Real: 0
2024-07-29 23:02:15,136   Imaginary: 2, Real: 0
2024-07-29 23:02:15,136   Imaginary: 258, Real: 772
2024-07-29 23:02:15,136   Imaginary: 1286, Real: 1800
2024-07-29 23:02:15,136   Imaginary: 512, Real: 774
2024-07-29 23:02:15,136   Imaginary: 64, Real: 6
2024-07-29 23:02:15,136   Imaginary: 26691, Real: 10
2024-07-29 23:02:15,136   Imaginary: 21, Real: 0
2024-07-29 23:02:15,136   Imaginary: 25979, Real: 31820
2024-07-29 23:02:15,136   Imaginary: 2, Real: 0
2024-07-29 23:02:15,136   Imaginary: 1, Real: 0
2024-07-29 23:02:15,136   Imaginary: 0, Real: 0
2024-07-29 23:02:15,136   Imaginary: 10, Real: 0
2024-07-29 23:02:15,136   Imaginary: 0, Real: 6
2024-07-29 23:02:15,136   Imaginary: 21536, Real: 2048
2024-07-29 23:02:15,136   Imaginary: 24765, Real: 1
2024-07-29 23:02:15,136   Imaginary: 21791, Real: 0
2024-07-29 23:02:15,136   Imaginary: 2, Real: 0
2024-07-29 23:02:15,136   Imaginary: 258, Real: 772
2024-07-29 23:02:15,136   Imaginary: 1286, Real: 1800
2024-07-29 23:02:15,136   Imaginary: 512, Real: 774
2024-07-29 23:02:15,136   Imaginary: 64, Real: 6
2024-07-29 23:02:15,136   Imaginary: 26691, Real: 10
2024-07-29 23:02:15,136   Imaginary: 22, Real: 0
2024-07-29 23:02:15,136   Imaginary: -7693, Real: 32582
2024-07-29 23:02:15,136   Imaginary: 1, Real: 0
2024-07-29 23:02:15,136   Imaginary: 1, Real: 0
2024-07-29 23:02:15,136   Imaginary: 0, Real: 0
2024-07-29 23:02:15,136   Imaginary: 10, Real: 0
2024-07-29 23:02:15,136   Imaginary: 0, Real: 6
2024-07-29 23:02:15,136   Imaginary: 21536, Real: 2048
2024-07-29 23:02:15,136   Imaginary: 4912, Real: 1
2024-07-29 23:02:15,136   Imaginary: 13182, Real: 0
2024-07-29 23:02:15,136   Imaginary: 1, Real: 0
2024-07-29 23:02:15,136   Imaginary: 258, Real: 772
2024-07-29 23:02:15,136   Imaginary: 1286, Real: 1800
2024-07-29 23:02:15,136   Imaginary: 512, Real: 774
2024-07-29 23:02:15,136   Imaginary: 64, Real: 6
2024-07-29 23:02:15,136   Imaginary: 26691, Real: 10
2024-07-29 23:02:15,136   Imaginary: 23, Real: 0
2024-07-29 23:02:15,136   Imaginary: 18665, Real: -32190
2024-07-29 23:02:15,136   Imaginary: 2, Real: 0
2024-07-29 23:02:15,136   Imaginary: 1, Real: 0
2024-07-29 23:02:15,136   Imaginary: 0, Real: 0
2024-07-29 23:02:15,136   Imaginary: 10, Real: 0
2024-07-29 23:02:15,136   Imaginary: 0, Real: 6
2024-07-29 23:02:15,136   Imaginary: 21536, Real: 2048
2024-07-29 23:02:15,136   Imaginary: 25454, Real: 1
2024-07-29 23:02:15,136   Imaginary: 22612, Real: 0
2024-07-29 23:02:15,136   Imaginary: 2, Real: 0
2024-07-29 23:02:15,136   Imaginary: 258, Real: 772
2024-07-29 23:02:15,136   Imaginary: 1286, Real: 1800
2024-07-29 23:02:15,136   Imaginary: 512, Real: 774
2024-07-29 23:02:15,136   Imaginary: 64, Real: 6
2024-07-29 23:02:15,136   Imaginary: 26691, Real: 10
2024-07-29 23:02:15,136   Imaginary: 24, Real: 0
2024-07-29 23:02:15,136   Imaginary: -2989, Real: -31427
2024-07-29 23:02:15,136   Imaginary: 4, Real: 0
2024-07-29 23:02:15,136   Imaginary: 1, Real: 0
2024-07-29 23:02:15,136   Imaginary: 0, Real: 0
2024-07-29 23:02:15,136   Imaginary: 10, Real: 0
2024-07-29 23:02:15,136   Imaginary: 0, Real: 6
2024-07-29 23:02:15,136   Imaginary: 21536, Real: 2048
2024-07-29 23:02:15,136   Imaginary: -1463, Real: 1
2024-07-29 23:02:15,136   Imaginary: 30923, Real: 0
2024-07-29 23:02:15,136   Imaginary: 4, Real: 0
2024-07-29 23:02:15,136   Imaginary: 258, Real: 772
2024-07-29 23:02:15,136   Imaginary: 1286, Real: 1800
2024-07-29 23:02:15,136   Imaginary: 512, Real: 774
2024-07-29 23:02:15,136   Imaginary: 64, Real: 6
2024-07-29 23:02:15,136   Imaginary: 26691, Real: 10
2024-07-29 23:02:15,136   Imaginary: 25, Real: 0
2024-07-29 23:02:15,136   Imaginary: -19861, Real: -30665
2024-07-29 23:02:15,136   Imaginary: 1, Real: 0
2024-07-29 23:02:15,136   Imaginary: 1, Real: 0
2024-07-29 23:02:15,136   Imaginary: 0, Real: 0
2024-07-29 23:02:15,136   Imaginary: 10, Real: 0
2024-07-29 23:02:15,136   Imaginary: 0, Real: 6
2024-07-29 23:02:15,136   Imaginary: 21536, Real: 2048
2024-07-29 23:02:15,136   Imaginary: 4458, Real: 1
2024-07-29 23:02:15,136   Imaginary: 13186, Real: 0
2024-07-29 23:02:15,136   Imaginary: 1, Real: 0
2024-07-29 23:02:15,136   Imaginary: 258, Real: 772
2024-07-29 23:02:15,136   Imaginary: 1286, Real: 1800
2024-07-29 23:02:15,136   Imaginary: 512, Real: 774
2024-07-29 23:02:15,136   Imaginary: 64, Real: 6
2024-07-29 23:02:15,136   Imaginary: 26691, Real: 10
2024-07-29 23:02:15,136   Imaginary: 26, Real: 0
2024-07-29 23:02:15,136   Imaginary: -14972, Real: -29901
2024-07-29 23:02:15,136   Imaginary: 4, Real: 0
2024-07-29 23:02:15,136   Imaginary: 1, Real: 0
2024-07-29 23:02:15,136   Imaginary: 0, Real: 0
2024-07-29 23:02:15,136   Imaginary: 10, Real: 0
2024-07-29 23:02:15,136   Imaginary: 0, Real: 6
2024-07-29 23:02:15,136   Imaginary: 21536, Real: 2048
2024-07-29 23:02:15,136   Imaginary: -5065, Real: 1
2024-07-29 23:02:15,136   Imaginary: 30788, Real: 0
2024-07-29 23:02:15,136   Imaginary: 4, Real: 0
2024-07-29 23:02:15,136   Imaginary: 258, Real: 772
2024-07-29 23:02:15,136   Imaginary: 1286, Real: 1800
2024-07-29 23:02:15,136   Imaginary: 512, Real: 774
2024-07-29 23:02:15,136   Imaginary: 64, Real: 6
2024-07-29 23:02:15,136   Imaginary: 26691, Real: 10
2024-07-29 23:02:15,136   Imaginary: 27, Real: 0
2024-07-29 23:02:15,136   Imaginary: 16059, Real: -29138
2024-07-29 23:02:15,136   Imaginary: 3, Real: 0
2024-07-29 23:02:15,136   Imaginary: 1, Real: 0
2024-07-29 23:02:15,136   Imaginary: 0, Real: 0
2024-07-29 23:02:15,136   Imaginary: 10, Real: 0
2024-07-29 23:02:15,136   Imaginary: 0, Real: 6
2024-07-29 23:02:15,136   Imaginary: 21536, Real: 2048
2024-07-29 23:02:15,136   Imaginary: -28034, Real: 1
2024-07-29 23:02:15,136   Imaginary: 22171, Real: 0
2024-07-29 23:02:15,136   Imaginary: 3, Real: 0
2024-07-29 23:02:15,136   Imaginary: 258, Real: 772
2024-07-29 23:02:15,136   Imaginary: 1286, Real: 1800
2024-07-29 23:02:15,136   Imaginary: 512, Real: 774
2024-07-29 23:02:15,136   Imaginary: 64, Real: 6
2024-07-29 23:02:15,136   Imaginary: 26691, Real: 10
2024-07-29 23:02:15,136   Imaginary: 28, Real: 0
2024-07-29 23:02:15,136   Imaginary: 13455, Real: -28375
2024-07-29 23:02:15,136   Imaginary: 2, Real: 0
2024-07-29 23:02:15,136   Imaginary: 1, Real: 0
2024-07-29 23:02:15,136   Imaginary: 0, Real: 0
2024-07-29 23:02:15,136   Imaginary: 10, Real: 0
2024-07-29 23:02:15,136   Imaginary: 0, Real: 6
2024-07-29 23:02:15,136   Imaginary: 21536, Real: 2048
2024-07-29 23:02:15,136   Imaginary: -25536, Real: 1
2024-07-29 23:02:15,136   Imaginary: 21888, Real: 0
2024-07-29 23:02:15,136   Imaginary: 2, Real: 0
2024-07-29 23:02:15,136   Imaginary: 258, Real: 772
2024-07-29 23:02:15,136   Imaginary: 1286, Real: 1800
2024-07-29 23:02:15,136   Imaginary: 512, Real: 774
2024-07-29 23:02:15,136   Imaginary: 64, Real: 6
2024-07-29 23:02:15,136   Imaginary: 26691, Real: 10
2024-07-29 23:02:15,136   Imaginary: 29, Real: 0
2024-07-29 23:02:15,136   Imaginary: -4692, Real: -27613
2024-07-29 23:02:15,136   Imaginary: 2, Real: 0
2024-07-29 23:02:15,136   Imaginary: 1, Real: 0
2024-07-29 23:02:15,136   Imaginary: 0, Real: 0
2024-07-29 23:02:15,136   Imaginary: 10, Real: 0
2024-07-29 23:02:15,136   Imaginary: 0, Real: 6
2024-07-29 23:02:15,136   Imaginary: 21536, Real: 2048
2024-07-29 23:02:15,136   Imaginary: 25290, Real: 1
2024-07-29 23:02:15,136   Imaginary: 21818, Real: 0
2024-07-29 23:02:15,136   Imaginary: 2, Real: 0
2024-07-29 23:02:15,136   Imaginary: 258, Real: 772
2024-07-29 23:02:15,136   Imaginary: 1286, Real: 1800
2024-07-29 23:02:15,136   Imaginary: 512, Real: 774
2024-07-29 23:02:15,136   Imaginary: 64, Real: 6
2024-07-29 23:02:15,136   Imaginary: 26691, Real: 10
2024-07-29 23:02:15,136   Imaginary: 30, Real: 0
2024-07-29 23:02:15,136   Imaginary: -14500, Real: -26850
2024-07-29 23:02:15,136   Imaginary: 2, Real: 0
2024-07-29 23:02:15,136   Imaginary: 1, Real: 0
2024-07-29 23:02:15,136   Imaginary: 0, Real: 0
2024-07-29 23:02:15,136   Imaginary: 10, Real: 0
2024-07-29 23:02:15,136   Imaginary: 0, Real: 6
2024-07-29 23:02:15,136   Imaginary: 21536, Real: 2048
2024-07-29 23:02:15,136   Imaginary: 20295, Real: 1
2024-07-29 23:02:15,136   Imaginary: 22601, Real: 0
2024-07-29 23:02:15,136   Imaginary: 2, Real: 0
2024-07-29 23:02:15,136   Imaginary: 258, Real: 772
2024-07-29 23:02:15,136   Imaginary: 1286, Real: 1800
2024-07-29 23:02:15,136   Imaginary: 512, Real: 774
2024-07-29 23:02:15,136   Imaginary: 64, Real: 6
2024-07-29 23:02:15,136   Imaginary: 26691, Real: 10
2024-07-29 23:02:15,136   Imaginary: 31, Real: 0
2024-07-29 23:02:15,136   Imaginary: 21566, Real: -26087
2024-07-29 23:02:15,136   Imaginary: 1, Real: 0
2024-07-29 23:02:15,136   Imaginary: 1, Real: 0
2024-07-29 23:02:15,136   Imaginary: 0, Real: 0
2024-07-29 23:02:15,136   Imaginary: 10, Real: 0
2024-07-29 23:02:15,136   Imaginary: 0, Real: 6
2024-07-29 23:02:15,136   Imaginary: 21536, Real: 2048
2024-07-29 23:02:15,136   Imaginary: 4982, Real: 1
2024-07-29 23:02:15,136   Imaginary: 13173, Real: 0
2024-07-29 23:02:15,136   Imaginary: 1, Real: 0
2024-07-29 23:02:15,136   Imaginary: 258, Real: 772
2024-07-29 23:02:15,136   Imaginary: 1286, Real: 1800
2024-07-29 23:02:15,136   Imaginary: 512, Real: 774
2024-07-29 23:02:15,136   Imaginary: 64, Real: 6
2024-07-29 23:02:15,136   Imaginary: 26691, Real: 10
2024-07-29 23:02:15,136   Imaginary: 32, Real: 0
2024-07-29 23:02:15,136   Imaginary: 17673, Real: -25324
2024-07-29 23:02:15,136   Imaginary: 1, Real: 0
2024-07-29 23:02:15,136   Imaginary: 1, Real: 0
2024-07-29 23:02:15,136   Imaginary: 0, Real: 0
2024-07-29 23:02:15,136   Imaginary: 10, Real: 0
2024-07-29 23:02:15,136   Imaginary: 0, Real: 6
2024-07-29 23:02:15,136   Imaginary: 21536, Real: 2048
2024-07-29 23:02:15,136   Imaginary: 4566, Real: 1
2024-07-29 23:02:15,136   Imaginary: 13182, Real: 0
2024-07-29 23:02:15,136   Imaginary: 1, Real: 0
2024-07-29 23:02:15,136   Imaginary: 258, Real: 772
2024-07-29 23:02:15,136   Imaginary: 1286, Real: 1800
2024-07-29 23:02:15,136   Imaginary: 512, Real: 774
2024-07-29 23:02:15,136   Imaginary: 64, Real: 6
2024-07-29 23:02:15,136   Imaginary: 26691, Real: 10
2024-07-29 23:02:15,136   Imaginary: 33, Real: 0
2024-07-29 23:02:15,136   Imaginary: 17815, Real: -24560
2024-07-29 23:02:15,136   Imaginary: 4, Real: 0
2024-07-29 23:02:15,136   Imaginary: 1, Real: 0
2024-07-29 23:02:15,152   Imaginary: 0, Real: 0
2024-07-29 23:02:15,152   Imaginary: 10, Real: 0
2024-07-29 23:02:15,152   Imaginary: 0, Real: 6
2024-07-29 23:02:15,152   Imaginary: 21536, Real: 2048
2024-07-29 23:02:15,152   Imaginary: -11683, Real: 1
2024-07-29 23:02:15,152   Imaginary: 31249, Real: 0
2024-07-29 23:02:15,152   Imaginary: 4, Real: 0
2024-07-29 23:02:15,152   Imaginary: 258, Real: 772
2024-07-29 23:02:15,152   Imaginary: 1286, Real: 1800
2024-07-29 23:02:15,152   Imaginary: 512, Real: 774
2024-07-29 23:02:15,152   Imaginary: 64, Real: 6
2024-07-29 23:02:15,152   Imaginary: 26691, Real: 10
2024-07-29 23:02:15,152   Imaginary: 34, Real: 0
2024-07-29 23:02:15,152   Imaginary: -26344, Real: -23798
2024-07-29 23:02:15,152   Imaginary: 2, Real: 0
2024-07-29 23:02:15,152   Imaginary: 1, Real: 0
2024-07-29 23:02:15,152   Imaginary: 0, Real: 0
2024-07-29 23:02:15,152   Imaginary: 10, Real: 0
2024-07-29 23:02:15,152   Imaginary: 0, Real: 6
2024-07-29 23:02:15,152   Imaginary: 21536, Real: 2048
2024-07-29 23:02:15,152   Imaginary: 22704, Real: 1
2024-07-29 23:02:15,152   Imaginary: 22602, Real: 0
2024-07-29 23:02:15,152   Imaginary: 2, Real: 0
2024-07-29 23:02:15,152   Imaginary: 258, Real: 772
2024-07-29 23:02:15,152   Imaginary: 1286, Real: 1800
2024-07-29 23:02:15,152   Imaginary: 512, Real: 774
2024-07-29 23:02:15,152   Imaginary: 64, Real: 6
2024-07-29 23:02:15,152   Imaginary: 26691, Real: 10
2024-07-29 23:02:15,152   Imaginary: 35, Real: 0
2024-07-29 23:02:15,152   Imaginary: -27402, Real: -23035
2024-07-29 23:02:15,152   Imaginary: 2, Real: 0
2024-07-29 23:02:15,152   Imaginary: 1, Real: 0
2024-07-29 23:02:15,152   Imaginary: 0, Real: 0
2024-07-29 23:02:15,152   Imaginary: 10, Real: 0
2024-07-29 23:02:15,152   Imaginary: 0, Real: 6
2024-07-29 23:02:15,152   Imaginary: 21536, Real: 2048
2024-07-29 23:02:15,152   Imaginary: 24893, Real: 1
2024-07-29 23:02:15,152   Imaginary: 22609, Real: 0
2024-07-29 23:02:15,152   Imaginary: 2, Real: 0
2024-07-29 23:02:15,152   Imaginary: 258, Real: 772
2024-07-29 23:02:15,152   Imaginary: 1286, Real: 1800
2024-07-29 23:02:15,152   Imaginary: 512, Real: 774
2024-07-29 23:02:15,152   Imaginary: 64, Real: 6
2024-07-29 23:02:15,152   Imaginary: 26691, Real: 10
2024-07-29 23:02:15,152   Imaginary: 36, Real: 0
2024-07-29 23:02:15,152   Imaginary: -18633, Real: -22272
2024-07-29 23:02:15,152   Imaginary: 3, Real: 0
2024-07-29 23:02:15,152   Imaginary: 1, Real: 0
2024-07-29 23:02:15,152   Imaginary: 0, Real: 0
2024-07-29 23:02:15,152   Imaginary: 10, Real: 0
2024-07-29 23:02:15,152   Imaginary: 0, Real: 6
2024-07-29 23:02:15,152   Imaginary: 21536, Real: 2048
2024-07-29 23:02:15,152   Imaginary: -25051, Real: 1
2024-07-29 23:02:15,152   Imaginary: 22158, Real: 0
2024-07-29 23:02:15,152   Imaginary: 3, Real: 0
2024-07-29 23:02:15,152   Imaginary: 258, Real: 772
2024-07-29 23:02:15,152   Imaginary: 1286, Real: 1800
2024-07-29 23:02:15,152   Imaginary: 512, Real: 774
2024-07-29 23:02:15,152   Imaginary: 64, Real: 6
2024-07-29 23:02:15,152   Imaginary: 26691, Real: 10
2024-07-29 23:02:15,152   Imaginary: 37, Real: 0
2024-07-29 23:02:15,152   Imaginary: 27145, Real: -21509
2024-07-29 23:02:15,152   Imaginary: 2, Real: 0
2024-07-29 23:02:15,152   Imaginary: 1, Real: 0
2024-07-29 23:02:15,152   Imaginary: 0, Real: 0
2024-07-29 23:02:15,152   Imaginary: 10, Real: 0
2024-07-29 23:02:15,152   Imaginary: 0, Real: 6
2024-07-29 23:02:15,152   Imaginary: 21536, Real: 2048
2024-07-29 23:02:15,152   Imaginary: 24356, Real: 1
2024-07-29 23:02:15,152   Imaginary: 22619, Real: 0
2024-07-29 23:02:15,152   Imaginary: 2, Real: 0
2024-07-29 23:02:15,152   Imaginary: 258, Real: 772
2024-07-29 23:02:15,152   Imaginary: 1286, Real: 1800
2024-07-29 23:02:15,152   Imaginary: 512, Real: 774
2024-07-29 23:02:15,152   Imaginary: 64, Real: 6
2024-07-29 23:02:15,152   Imaginary: 26691, Real: 10
2024-07-29 23:02:15,152   Imaginary: 38, Real: 0
2024-07-29 23:02:15,152   Imaginary: -27470, Real: -20746
2024-07-29 23:02:15,152   Imaginary: 3, Real: 0
2024-07-29 23:02:15,152   Imaginary: 1, Real: 0
2024-07-29 23:02:15,152   Imaginary: 0, Real: 0
2024-07-29 23:02:15,152   Imaginary: 10, Real: 0
2024-07-29 23:02:15,152   Imaginary: 0, Real: 6
2024-07-29 23:02:15,152   Imaginary: 21536, Real: 2048
2024-07-29 23:02:15,152   Imaginary: -26175, Real: 1
2024-07-29 23:02:15,152   Imaginary: 22258, Real: 0
2024-07-29 23:02:15,152   Imaginary: 3, Real: 0
2024-07-29 23:02:15,152   Imaginary: 258, Real: 772
2024-07-29 23:02:15,152   Imaginary: 1286, Real: 1800
2024-07-29 23:02:15,152   Imaginary: 512, Real: 774
2024-07-29 23:02:15,152   Imaginary: 64, Real: 6
2024-07-29 23:02:15,152   Imaginary: 26691, Real: 10
2024-07-29 23:02:15,152   Imaginary: 39, Real: 0
2024-07-29 23:02:15,152   Imaginary: -31583, Real: -19983
2024-07-29 23:02:15,152   Imaginary: 3, Real: 0
2024-07-29 23:02:15,152   Imaginary: 1, Real: 0
2024-07-29 23:02:15,152   Imaginary: 0, Real: 0
2024-07-29 23:02:15,152   Imaginary: 10, Real: 0
2024-07-29 23:02:15,152   Imaginary: 0, Real: 6
2024-07-29 23:02:15,152   Imaginary: 21536, Real: 2048
2024-07-29 23:02:15,152   Imaginary: -25841, Real: 1
2024-07-29 23:02:15,152   Imaginary: 22163, Real: 0
2024-07-29 23:02:15,152   Imaginary: 3, Real: 0
2024-07-29 23:02:15,152   Imaginary: 258, Real: 772
2024-07-29 23:02:15,152   Imaginary: 1286, Real: 1800
2024-07-29 23:02:15,152   Imaginary: 512, Real: 774
2024-07-29 23:02:15,152   Imaginary: 64, Real: 6
2024-07-29 23:02:15,152   Imaginary: 26691, Real: 10
2024-07-29 23:02:15,152   Imaginary: 40, Real: 0
2024-07-29 23:02:15,152   Imaginary: 16434, Real: -19220
2024-07-29 23:02:15,152   Imaginary: 2, Real: 0
2024-07-29 23:02:15,152   Imaginary: 1, Real: 0
2024-07-29 23:02:15,152   Imaginary: 0, Real: 0
2024-07-29 23:02:15,152   Imaginary: 10, Real: 0
2024-07-29 23:02:15,152   Imaginary: 0, Real: 6
2024-07-29 23:02:15,152   Imaginary: 21536, Real: 2048
2024-07-29 23:02:15,152   Imaginary: 24345, Real: 1
2024-07-29 23:02:15,152   Imaginary: 22609, Real: 0
2024-07-29 23:02:15,152   Imaginary: 2, Real: 0
2024-07-29 23:02:15,152   Imaginary: 258, Real: 772
2024-07-29 23:02:15,152   Imaginary: 1286, Real: 1800
2024-07-29 23:02:15,152   Imaginary: 512, Real: 774
2024-07-29 23:02:15,152   Imaginary: 64, Real: 6
2024-07-29 23:02:15,152   Imaginary: 26691, Real: 10
2024-07-29 23:02:15,152   Imaginary: 41, Real: 0
2024-07-29 23:02:15,152   Imaginary: 12213, Real: -18457
2024-07-29 23:02:15,152   Imaginary: 2, Real: 0
2024-07-29 23:02:15,152   Imaginary: 1, Real: 0
2024-07-29 23:02:15,152   Imaginary: 0, Real: 0
2024-07-29 23:02:15,152   Imaginary: 10, Real: 0
2024-07-29 23:02:15,152   Imaginary: 0, Real: 6
2024-07-29 23:02:15,152   Imaginary: 21536, Real: 2048
2024-07-29 23:02:15,152   Imaginary: 24832, Real: 1
2024-07-29 23:02:15,152   Imaginary: 22603, Real: 0
2024-07-29 23:02:15,152   Imaginary: 2, Real: 0
2024-07-29 23:02:15,152   Imaginary: 258, Real: 772
2024-07-29 23:02:15,152   Imaginary: 1286, Real: 1800
2024-07-29 23:02:15,152   Imaginary: 512, Real: 774
2024-07-29 23:02:15,152   Imaginary: 64, Real: 6
2024-07-29 23:02:15,152   Imaginary: 26691, Real: 10
2024-07-29 23:02:15,152   Imaginary: 42, Real: 0
2024-07-29 23:02:15,152   Imaginary: 8270, Real: -17694
2024-07-29 23:02:15,152   Imaginary: 2, Real: 0
2024-07-29 23:02:15,152   Imaginary: 1, Real: 0
2024-07-29 23:02:15,152   Imaginary: 0, Real: 0
2024-07-29 23:02:15,152   Imaginary: 10, Real: 0
2024-07-29 23:02:15,152   Imaginary: 0, Real: 6
2024-07-29 23:02:15,152   Imaginary: 21536, Real: 2048
2024-07-29 23:02:15,152   Imaginary: 25230, Real: 1
2024-07-29 23:02:15,152   Imaginary: 22615, Real: 0
2024-07-29 23:02:15,152   Imaginary: 2, Real: 0
2024-07-29 23:02:15,152   Imaginary: 258, Real: 772
2024-07-29 23:02:15,152   Imaginary: 1286, Real: 1800
2024-07-29 23:02:15,152   Imaginary: 512, Real: 774
2024-07-29 23:02:15,152   Imaginary: 64, Real: 6
2024-07-29 23:02:15,152   Imaginary: 26691, Real: 10
2024-07-29 23:02:15,152   Imaginary: 43, Real: 0
2024-07-29 23:02:15,152   Imaginary: 3997, Real: -16931
2024-07-29 23:02:15,152   Imaginary: 2, Real: 0
2024-07-29 23:02:15,152   Imaginary: 1, Real: 0
2024-07-29 23:02:15,152   Imaginary: 0, Real: 0
2024-07-29 23:02:15,152   Imaginary: 10, Real: 0
2024-07-29 23:02:15,152   Imaginary: 0, Real: 6
2024-07-29 23:02:15,152   Imaginary: 21536, Real: 2048
2024-07-29 23:02:15,152   Imaginary: 25027, Real: 1
2024-07-29 23:02:15,152   Imaginary: 22615, Real: 0
2024-07-29 23:02:15,152   Imaginary: 2, Real: 0
2024-07-29 23:02:15,152   Imaginary: 258, Real: 772
2024-07-29 23:02:15,152   Imaginary: 1286, Real: 1800
2024-07-29 23:02:15,152   Imaginary: 512, Real: 774
2024-07-29 23:02:15,152   Imaginary: 64, Real: 6
2024-07-29 23:02:15,152   Imaginary: 26691, Real: 10
2024-07-29 23:02:15,152   Imaginary: 44, Real: 0
2024-07-29 23:02:15,152   Imaginary: -990, Real: -16169
2024-07-29 23:02:15,152   Imaginary: 2, Real: 0
2024-07-29 23:02:15,152   Imaginary: 1, Real: 0
2024-07-29 23:02:15,152   Imaginary: 0, Real: 0
2024-07-29 23:02:15,152   Imaginary: 10, Real: 0
2024-07-29 23:02:15,152   Imaginary: 0, Real: 6
2024-07-29 23:02:15,152   Imaginary: 21536, Real: 2048
2024-07-29 23:02:15,152   Imaginary: 24429, Real: 1
2024-07-29 23:02:15,152   Imaginary: 22619, Real: 0
2024-07-29 23:02:15,152   Imaginary: 2, Real: 0
2024-07-29 23:02:15,152   Imaginary: 258, Real: 772
2024-07-29 23:02:15,152   Imaginary: 1286, Real: 1800
2024-07-29 23:02:15,152   Imaginary: 512, Real: 774
2024-07-29 23:02:15,152   Imaginary: 64, Real: 6
2024-07-29 23:02:15,152   Imaginary: 26691, Real: 10
2024-07-29 23:02:15,152   Imaginary: 45, Real: 0
2024-07-29 23:02:15,152   Imaginary: -3783, Real: -15406
2024-07-29 23:02:15,152   Imaginary: 2, Real: 0
2024-07-29 23:02:15,152   Imaginary: 1, Real: 0
2024-07-29 23:02:15,152   Imaginary: 0, Real: 0
2024-07-29 23:02:15,152   Imaginary: 10, Real: 0
2024-07-29 23:02:15,152   Imaginary: 0, Real: 6
2024-07-29 23:02:15,152   Imaginary: 21536, Real: 2048
2024-07-29 23:02:15,152   Imaginary: 24380, Real: 1
2024-07-29 23:02:15,152   Imaginary: 22619, Real: 0
2024-07-29 23:02:15,152   Imaginary: 2, Real: 0
2024-07-29 23:02:15,152   Imaginary: 258, Real: 772
2024-07-29 23:02:15,152   Imaginary: 1286, Real: 1800
2024-07-29 23:02:15,152   Imaginary: 512, Real: 774
2024-07-29 23:02:15,152   Imaginary: 64, Real: 6
2024-07-29 23:02:15,152   Imaginary: 26691, Real: 10
2024-07-29 23:02:15,152   Imaginary: 46, Real: 0
2024-07-29 23:02:15,152   Imaginary: -7550, Real: -14643
2024-07-29 23:02:15,152   Imaginary: 2, Real: 0
2024-07-29 23:02:15,152   Imaginary: 1, Real: 0
2024-07-29 23:02:15,152   Imaginary: 0, Real: 0
2024-07-29 23:02:15,152   Imaginary: 10, Real: 0
2024-07-29 23:02:15,152   Imaginary: 0, Real: 6
2024-07-29 23:02:15,152   Imaginary: 21536, Real: 2048
2024-07-29 23:02:15,152   Imaginary: 24921, Real: 1
2024-07-29 23:02:15,152   Imaginary: 22606, Real: 0
2024-07-29 23:02:15,152   Imaginary: 2, Real: 0
2024-07-29 23:02:15,152   Imaginary: 258, Real: 772
2024-07-29 23:02:15,152   Imaginary: 1286, Real: 1800
2024-07-29 23:02:15,152   Imaginary: 512, Real: 774
2024-07-29 23:02:15,152   Imaginary: 64, Real: 6
2024-07-29 23:02:15,152   Imaginary: 26691, Real: 10
2024-07-29 23:02:15,152   Imaginary: 47, Real: 0
2024-07-29 23:02:15,152   Imaginary: -10280, Real: -13880
2024-07-29 23:02:15,152   Imaginary: 2, Real: 0
2024-07-29 23:02:15,152   Imaginary: 1, Real: 0
2024-07-29 23:02:15,152   Imaginary: 0, Real: 0
2024-07-29 23:02:15,152   Imaginary: 10, Real: 0
2024-07-29 23:02:15,152   Imaginary: 0, Real: 6
2024-07-29 23:02:15,152   Imaginary: 21536, Real: 2048
2024-07-29 23:02:15,152   Imaginary: 26416, Real: 1
2024-07-29 23:02:15,152   Imaginary: 22619, Real: 0
2024-07-29 23:02:15,152   Imaginary: 2, Real: 0
2024-07-29 23:02:15,152   Imaginary: 258, Real: 772
2024-07-29 23:02:15,152   Imaginary: 1286, Real: 1800
2024-07-29 23:02:15,152   Imaginary: 512, Real: 774
2024-07-29 23:02:15,152   Imaginary: 64, Real: 6
2024-07-29 23:02:15,152   Imaginary: 26691, Real: 10
2024-07-29 23:02:15,152   Imaginary: 48, Real: 0
2024-07-29 23:02:15,152   Imaginary: -15763, Real: -13117
2024-07-29 23:02:15,152   Imaginary: 2, Real: 0
2024-07-29 23:02:15,152   Imaginary: 1, Real: 0
2024-07-29 23:02:15,152   Imaginary: 0, Real: 0
2024-07-29 23:02:15,152   Imaginary: 10, Real: 0
2024-07-29 23:02:15,152   Imaginary: 0, Real: 6
2024-07-29 23:02:15,152   Imaginary: 21536, Real: 2048
2024-07-29 23:02:15,152   Imaginary: 25113, Real: 1
2024-07-29 23:02:15,152   Imaginary: 22619, Real: 0
2024-07-29 23:02:15,152   Imaginary: 2, Real: 0
2024-07-29 23:02:15,152   Imaginary: 258, Real: 772
2024-07-29 23:02:15,152   Imaginary: 1286, Real: 1800
2024-07-29 23:02:15,152   Imaginary: 512, Real: 774
2024-07-29 23:02:15,152   Imaginary: 64, Real: 6
2024-07-29 23:02:15,152   Imaginary: 26691, Real: 10
2024-07-29 23:02:15,152   Imaginary: 49, Real: 0
2024-07-29 23:02:15,152   Imaginary: -20159, Real: -12354
2024-07-29 23:02:15,152   Imaginary: 2, Real: 0
2024-07-29 23:02:15,152   Imaginary: 1, Real: 0
2024-07-29 23:02:15,152   Imaginary: 0, Real: 0
2024-07-29 23:02:15,152   Imaginary: 10, Real: 0
2024-07-29 23:02:15,152   Imaginary: 0, Real: 6
2024-07-29 23:02:15,152   Imaginary: 21536, Real: 2048
2024-07-29 23:02:15,152   Imaginary: 25100, Real: 1
2024-07-29 23:02:15,152   Imaginary: 22619, Real: 0
2024-07-29 23:02:15,152   Imaginary: 2, Real: 0
2024-07-29 23:02:15,152   Imaginary: 258, Real: 772
2024-07-29 23:02:15,152   Imaginary: 1286, Real: 1800
2024-07-29 23:02:15,152   Imaginary: 512, Real: 774
2024-07-29 23:02:15,152   Imaginary: 64, Real: 6
2024-07-29 23:02:15,152   Imaginary: 26691, Real: 10
2024-07-29 23:02:15,152   Imaginary: 50, Real: 0
2024-07-29 23:02:15,152   Imaginary: -24680, Real: -11591
2024-07-29 23:02:15,152   Imaginary: 2, Real: 0
2024-07-29 23:02:15,152   Imaginary: 1, Real: 0
2024-07-29 23:02:15,152   Imaginary: 0, Real: 0
2024-07-29 23:02:15,152   Imaginary: 10, Real: 0
2024-07-29 23:02:15,152   Imaginary: 0, Real: 6
2024-07-29 23:02:15,152   Imaginary: 21536, Real: 2048
2024-07-29 23:02:15,152   Imaginary: 24442, Real: 1
2024-07-29 23:02:15,152   Imaginary: 22619, Real: 0
2024-07-29 23:02:15,152   Imaginary: 2, Real: 0
2024-07-29 23:02:15,152 Number of elements printed = 644
