2024-07-29 23:01:34,830 readNumBytes: 5700
2024-07-29 23:01:34,839 Header_Start_Index                   = 0
2024-07-29 23:01:34,839 Total Packet Length(number of bytes) = 393280
2024-07-29 23:01:34,839 Platform                             = 000a6843
2024-07-29 23:01:34,839 Frame Number                         = 12
2024-07-29 23:01:34,839 Time (CPU Cycles)                    = 378901958
2024-07-29 23:01:34,839 Number of Detected Objects           = 2
2024-07-29 23:01:34,839 Number of TLVs                       = 1
2024-07-29 23:01:34,839 SubFrameNumber                       = 0
2024-07-29 23:01:34,839 Frame Fail, readNumBytes may not be long enough
2024-07-29 23:01:34,839 The 1st TLV
2024-07-29 23:01:34,839 TLV type = 10
2024-07-29 23:01:34,839 TLV length = 393216 bytes
2024-07-29 23:01:34,839 Length of the captured radar cube data = 5652 bytes
2024-07-29 23:01:34,840 Complex data size = 4
2024-07-29 23:01:34,840 Number of complex numbers/radarcube data elements = 98304
2024-07-29 23:01:34,840 Attempt to read beyond buffer size at index 1413
2024-07-29 23:01:34,840 Radar Cube Data (Imag, Real):
2024-07-29 23:01:34,840   Imaginary: 21536, Real: 2048
2024-07-29 23:01:34,840   Imaginary: 24137, Real: 1
2024-07-29 23:01:34,840   Imaginary: 21071, Real: 0
2024-07-29 23:01:34,840   Imaginary: 2, Real: 0
2024-07-29 23:01:34,840   Imaginary: 258, Real: 772
2024-07-29 23:01:34,840   Imaginary: 1286, Real: 1800
2024-07-29 23:01:34,840   Imaginary: 512, Real: 774
2024-07-29 23:01:34,840   Imaginary: 64, Real: 6
2024-07-29 23:01:34,840   Imaginary: 26691, Real: 10
2024-07-29 23:01:34,840   Imaginary: 13, Real: 0
2024-07-29 23:01:34,840   Imaginary: -25771, Real: 6544
2024-07-29 23:01:34,840   Imaginary: 2, Real: 0
2024-07-29 23:01:34,840   Imaginary: 1, Real: 0
2024-07-29 23:01:34,840   Imaginary: 0, Real: 0
2024-07-29 23:01:34,840   Imaginary: 10, Real: 0
2024-07-29 23:01:34,840   Imaginary: 0, Real: 6
2024-07-29 23:01:34,840   Imaginary: 21536, Real: 2048
2024-07-29 23:01:34,840   Imaginary: 26761, Real: 1
2024-07-29 23:01:34,840   Imaginary: 21852, Real: 0
2024-07-29 23:01:34,840   Imaginary: 2, Real: 0
2024-07-29 23:01:34,840   Imaginary: 258, Real: 772
2024-07-29 23:01:34,840   Imaginary: 1286, Real: 1800
2024-07-29 23:01:34,840   Imaginary: 512, Real: 774
2024-07-29 23:01:34,840   Imaginary: 64, Real: 6
2024-07-29 23:01:34,840   Imaginary: 26691, Real: 10
2024-07-29 23:01:34,840   Imaginary: 14, Real: 0
2024-07-29 23:01:34,840   Imaginary: 6089, Real: 7307
2024-07-29 23:01:34,840   Imaginary: 1, Real: 0
2024-07-29 23:01:34,840   Imaginary: 1, Real: 0
2024-07-29 23:01:34,840   Imaginary: 0, Real: 0
2024-07-29 23:01:34,840   Imaginary: 10, Real: 0
2024-07-29 23:01:34,840   Imaginary: 0, Real: 6
2024-07-29 23:01:34,840   Imaginary: 21536, Real: 2048
2024-07-29 23:01:34,840   Imaginary: 5966, Real: 1
2024-07-29 23:01:34,840   Imaginary: 13182, Real: 0
2024-07-29 23:01:34,840   Imaginary: 1, Real: 0
2024-07-29 23:01:34,840   Imaginary: 258, Real: 772
2024-07-29 23:01:34,840   Imaginary: 1286, Real: 1800
2024-07-29 23:01:34,840   Imaginary: 512, Real: 774
2024-07-29 23:01:34,840   Imaginary: 64, Real: 6
2024-07-29 23:01:34,840   Imaginary: 26691, Real: 10
2024-07-29 23:01:34,840   Imaginary: 15, Real: 0
2024-07-29 23:01:34,840   Imaginary: 31756, Real: 8070
2024-07-29 23:01:34,840   Imaginary: 2, Real: 0
2024-07-29 23:01:34,840   Imaginary: 1, Real: 0
2024-07-29 23:01:34,840   Imaginary: 0, Real: 0
2024-07-29 23:01:34,840   Imaginary: 10, Real: 0
2024-07-29 23:01:34,840   Imaginary: 0, Real: 6
2024-07-29 23:01:34,840   Imaginary: 21536, Real: 2048
2024-07-29 23:01:34,840   Imaginary: 26500, Real: 1
2024-07-29 23:01:34,840   Imaginary: 21806, Real: 0
2024-07-29 23:01:34,840   Imaginary: 2, Real: 0
2024-07-29 23:01:34,840   Imaginary: 258, Real: 772
2024-07-29 23:01:34,840   Imaginary: 1286, Real: 1800
2024-07-29 23:01:34,840   Imaginary: 512, Real: 774
2024-07-29 23:01:34,840   Imaginary: 64, Real: 6
2024-07-29 23:01:34,840   Imaginary: 26691, Real: 10
2024-07-29 23:01:34,840   Imaginary: 16, Real: 0
2024-07-29 23:01:34,840   Imaginary: 24554, Real: 8833
2024-07-29 23:01:34,840   Imaginary: 2, Real: 0
2024-07-29 23:01:34,840   Imaginary: 1, Real: 0
2024-07-29 23:01:34,840   Imaginary: 0, Real: 0
2024-07-29 23:01:34,840   Imaginary: 10, Real: 0
2024-07-29 23:01:34,840   Imaginary: 0, Real: 6
2024-07-29 23:01:34,840   Imaginary: 21536, Real: 2048
2024-07-29 23:01:34,840   Imaginary: 25533, Real: 1
2024-07-29 23:01:34,840   Imaginary: 20993, Real: 0
2024-07-29 23:01:34,840   Imaginary: 2, Real: 0
2024-07-29 23:01:34,840   Imaginary: 258, Real: 772
2024-07-29 23:01:34,840   Imaginary: 1286, Real: 1800
2024-07-29 23:01:34,840   Imaginary: 512, Real: 774
2024-07-29 23:01:34,840   Imaginary: 64, Real: 6
2024-07-29 23:01:34,840   Imaginary: 26691, Real: 10
2024-07-29 23:01:34,840   Imaginary: 17, Real: 0
2024-07-29 23:01:34,840   Imaginary: 20187, Real: 9596
2024-07-29 23:01:34,840   Imaginary: 2, Real: 0
2024-07-29 23:01:34,840   Imaginary: 1, Real: 0
2024-07-29 23:01:34,840   Imaginary: 0, Real: 0
2024-07-29 23:01:34,840   Imaginary: 10, Real: 0
2024-07-29 23:01:34,840   Imaginary: 0, Real: 6
2024-07-29 23:01:34,840   Imaginary: 21536, Real: 2048
2024-07-29 23:01:34,840   Imaginary: 26117, Real: 1
2024-07-29 23:01:34,840   Imaginary: 21012, Real: 0
2024-07-29 23:01:34,840   Imaginary: 2, Real: 0
2024-07-29 23:01:34,840   Imaginary: 258, Real: 772
2024-07-29 23:01:34,840   Imaginary: 1286, Real: 1800
2024-07-29 23:01:34,840   Imaginary: 512, Real: 774
2024-07-29 23:01:34,840   Imaginary: 64, Real: 6
2024-07-29 23:01:34,840   Imaginary: 26691, Real: 10
2024-07-29 23:01:34,840   Imaginary: 18, Real: 0
2024-07-29 23:01:34,840   Imaginary: -12088, Real: 10358
2024-07-29 23:01:34,840   Imaginary: 1, Real: 0
2024-07-29 23:01:34,840   Imaginary: 1, Real: 0
2024-07-29 23:01:34,840   Imaginary: 0, Real: 0
2024-07-29 23:01:34,840   Imaginary: 10, Real: 0
2024-07-29 23:01:34,840   Imaginary: 0, Real: 6
2024-07-29 23:01:34,840   Imaginary: -18587, Real: -17841
2024-07-29 23:01:34,840   Imaginary: -26884, Real: -17835
2024-07-29 23:01:34,840   Imaginary: 0, Real: 0
2024-07-29 23:01:34,840   Imaginary: 0, Real: 16368
2024-07-29 23:01:34,840   Imaginary: 258, Real: 772
2024-07-29 23:01:34,840   Imaginary: 1286, Real: 1800
2024-07-29 23:01:34,840   Imaginary: 512, Real: 774
2024-07-29 23:01:34,840   Imaginary: 64, Real: 6
2024-07-29 23:01:34,840   Imaginary: 26691, Real: 10
2024-07-29 23:01:34,840   Imaginary: 19, Real: 0
2024-07-29 23:01:34,840   Imaginary: -17707, Real: 11121
2024-07-29 23:01:34,840   Imaginary: 1, Real: 0
2024-07-29 23:01:34,840   Imaginary: 1, Real: 0
2024-07-29 23:01:34,840   Imaginary: 0, Real: 0
2024-07-29 23:01:34,840   Imaginary: 10, Real: 0
2024-07-29 23:01:34,840   Imaginary: 0, Real: 6
2024-07-29 23:01:34,840   Imaginary: 21536, Real: 2048
2024-07-29 23:01:34,840   Imaginary: 4259, Real: 1
2024-07-29 23:01:34,840   Imaginary: 13182, Real: 0
2024-07-29 23:01:34,840   Imaginary: 1, Real: 0
2024-07-29 23:01:34,840   Imaginary: 258, Real: 772
2024-07-29 23:01:34,840   Imaginary: 1286, Real: 1800
2024-07-29 23:01:34,840   Imaginary: 512, Real: 774
2024-07-29 23:01:34,840   Imaginary: 64, Real: 6
2024-07-29 23:01:34,840   Imaginary: 26691, Real: 10
2024-07-29 23:01:34,840   Imaginary: 20, Real: 0
2024-07-29 23:01:34,840   Imaginary: -16640, Real: 11884
2024-07-29 23:01:34,840   Imaginary: 1, Real: 0
2024-07-29 23:01:34,840   Imaginary: 1, Real: 0
2024-07-29 23:01:34,840   Imaginary: 0, Real: 0
2024-07-29 23:01:34,840   Imaginary: 10, Real: 0
2024-07-29 23:01:34,840   Imaginary: 0, Real: 6
2024-07-29 23:01:34,840   Imaginary: 21536, Real: 2048
2024-07-29 23:01:34,840   Imaginary: 5100, Real: 1
2024-07-29 23:01:34,840   Imaginary: 13182, Real: 0
2024-07-29 23:01:34,840   Imaginary: 1, Real: 0
2024-07-29 23:01:34,840   Imaginary: 258, Real: 772
2024-07-29 23:01:34,840   Imaginary: 1286, Real: 1800
2024-07-29 23:01:34,840   Imaginary: 512, Real: 774
2024-07-29 23:01:34,840   Imaginary: 64, Real: 6
2024-07-29 23:01:34,840   Imaginary: 26691, Real: 10
2024-07-29 23:01:34,840   Imaginary: 21, Real: 0
2024-07-29 23:01:34,840   Imaginary: 5111, Real: 12648
2024-07-29 23:01:34,840   Imaginary: 2, Real: 0
2024-07-29 23:01:34,840   Imaginary: 1, Real: 0
2024-07-29 23:01:34,840   Imaginary: 0, Real: 0
2024-07-29 23:01:34,840   Imaginary: 10, Real: 0
2024-07-29 23:01:34,840   Imaginary: 0, Real: 6
2024-07-29 23:01:34,840   Imaginary: 21536, Real: 2048
2024-07-29 23:01:34,840   Imaginary: 25268, Real: 1
2024-07-29 23:01:34,840   Imaginary: 22007, Real: 0
2024-07-29 23:01:34,840   Imaginary: 2, Real: 0
2024-07-29 23:01:34,840   Imaginary: 258, Real: 772
2024-07-29 23:01:34,840   Imaginary: 1286, Real: 1800
2024-07-29 23:01:34,840   Imaginary: 512, Real: 774
2024-07-29 23:01:34,840   Imaginary: 64, Real: 6
2024-07-29 23:01:34,840   Imaginary: 26691, Real: 10
2024-07-29 23:01:34,840   Imaginary: 22, Real: 0
2024-07-29 23:01:34,840   Imaginary: -26613, Real: 13410
2024-07-29 23:01:34,840   Imaginary: 1, Real: 0
2024-07-29 23:01:34,840   Imaginary: 1, Real: 0
2024-07-29 23:01:34,840   Imaginary: 0, Real: 0
2024-07-29 23:01:34,840   Imaginary: 10, Real: 0
2024-07-29 23:01:34,840   Imaginary: 0, Real: 6
2024-07-29 23:01:34,840   Imaginary: 21536, Real: 2048
2024-07-29 23:01:34,840   Imaginary: 5416, Real: 1
2024-07-29 23:01:34,840   Imaginary: 13182, Real: 0
2024-07-29 23:01:34,840   Imaginary: 1, Real: 0
2024-07-29 23:01:34,840   Imaginary: 258, Real: 772
2024-07-29 23:01:34,840   Imaginary: 1286, Real: 1800
2024-07-29 23:01:34,840   Imaginary: 512, Real: 774
2024-07-29 23:01:34,840   Imaginary: 64, Real: 6
2024-07-29 23:01:34,840   Imaginary: 26691, Real: 10
2024-07-29 23:01:34,840   Imaginary: 23, Real: 0
2024-07-29 23:01:34,840   Imaginary: -1776, Real: 14173
2024-07-29 23:01:34,840   Imaginary: 1, Real: 0
2024-07-29 23:01:34,840   Imaginary: 1, Real: 0
2024-07-29 23:01:34,840   Imaginary: 0, Real: 0
2024-07-29 23:01:34,840   Imaginary: 10, Real: 0
2024-07-29 23:01:34,840   Imaginary: 0, Real: 6
2024-07-29 23:01:34,840   Imaginary: 21536, Real: 2048
2024-07-29 23:01:34,840   Imaginary: 25809, Real: 1
2024-07-29 23:01:34,840   Imaginary: 21825, Real: 0
2024-07-29 23:01:34,840   Imaginary: 1, Real: 0
2024-07-29 23:01:34,840   Imaginary: 258, Real: 772
2024-07-29 23:01:34,840   Imaginary: 1286, Real: 1800
2024-07-29 23:01:34,840   Imaginary: 512, Real: 774
2024-07-29 23:01:34,840   Imaginary: 64, Real: 6
2024-07-29 23:01:34,840   Imaginary: 26691, Real: 10
2024-07-29 23:01:34,840   Imaginary: 24, Real: 0
2024-07-29 23:01:34,840   Imaginary: 31437, Real: 14936
2024-07-29 23:01:34,840   Imaginary: 1, Real: 0
2024-07-29 23:01:34,840   Imaginary: 1, Real: 0
2024-07-29 23:01:34,840   Imaginary: 0, Real: 0
2024-07-29 23:01:34,840   Imaginary: 10, Real: 0
2024-07-29 23:01:34,840   Imaginary: 0, Real: 6
2024-07-29 23:01:34,840   Imaginary: 21536, Real: 2048
2024-07-29 23:01:34,840   Imaginary: 5860, Real: 1
2024-07-29 23:01:34,840   Imaginary: 13182, Real: 0
2024-07-29 23:01:34,840   Imaginary: 1, Real: 0
2024-07-29 23:01:34,840   Imaginary: 258, Real: 772
2024-07-29 23:01:34,840   Imaginary: 1286, Real: 1800
2024-07-29 23:01:34,840   Imaginary: 512, Real: 774
2024-07-29 23:01:34,840   Imaginary: 64, Real: 6
2024-07-29 23:01:34,840   Imaginary: 26691, Real: 10
2024-07-29 23:01:34,840   Imaginary: 25, Real: 0
2024-07-29 23:01:34,840   Imaginary: -11860, Real: 15699
2024-07-29 23:01:34,840   Imaginary: 2, Real: 0
2024-07-29 23:01:34,840   Imaginary: 1, Real: 0
2024-07-29 23:01:34,840   Imaginary: 0, Real: 0
2024-07-29 23:01:34,840   Imaginary: 10, Real: 0
2024-07-29 23:01:34,840   Imaginary: 0, Real: 6
2024-07-29 23:01:34,840   Imaginary: 21536, Real: 2048
2024-07-29 23:01:34,840   Imaginary: 23503, Real: 1
2024-07-29 23:01:34,840   Imaginary: 21809, Real: 0
2024-07-29 23:01:34,840   Imaginary: 2, Real: 0
2024-07-29 23:01:34,840   Imaginary: 258, Real: 772
2024-07-29 23:01:34,840   Imaginary: 1286, Real: 1800
2024-07-29 23:01:34,840   Imaginary: 512, Real: 774
2024-07-29 23:01:34,840   Imaginary: 64, Real: 6
2024-07-29 23:01:34,840   Imaginary: 26691, Real: 10
2024-07-29 23:01:34,840   Imaginary: 26, Real: 0
2024-07-29 23:01:34,840   Imaginary: 19652, Real: 16462
2024-07-29 23:01:34,840   Imaginary: 1, Real: 0
2024-07-29 23:01:34,840   Imaginary: 1, Real: 0
2024-07-29 23:01:34,840   Imaginary: 0, Real: 0
2024-07-29 23:01:34,840   Imaginary: 10, Real: 0
2024-07-29 23:01:34,840   Imaginary: 0, Real: 6
2024-07-29 23:01:34,840   Imaginary: 21536, Real: 2048
2024-07-29 23:01:34,840   Imaginary: 3564, Real: 1
2024-07-29 23:01:34,840   Imaginary: 13173, Real: 0
2024-07-29 23:01:34,840   Imaginary: 1, Real: 0
2024-07-29 23:01:34,840   Imaginary: 258, Real: 772
2024-07-29 23:01:34,840   Imaginary: 1286, Real: 1800
2024-07-29 23:01:34,840   Imaginary: 512, Real: 774
2024-07-29 23:01:34,840   Imaginary: 64, Real: 6
2024-07-29 23:01:34,840   Imaginary: 26691, Real: 10
2024-07-29 23:01:34,840   Imaginary: 27, Real: 0
2024-07-29 23:01:34,840   Imaginary: 17443, Real: 17225
2024-07-29 23:01:34,840   Imaginary: 1, Real: 0
2024-07-29 23:01:34,840   Imaginary: 1, Real: 0
2024-07-29 23:01:34,840   Imaginary: 0, Real: 0
2024-07-29 23:01:34,840   Imaginary: 10, Real: 0
2024-07-29 23:01:34,840   Imaginary: 0, Real: 6
2024-07-29 23:01:34,840   Imaginary: 21536, Real: 2048
2024-07-29 23:01:34,840   Imaginary: 4128, Real: 1
2024-07-29 23:01:34,840   Imaginary: 13186, Real: 0
2024-07-29 23:01:34,840   Imaginary: 1, Real: 0
2024-07-29 23:01:34,840   Imaginary: 258, Real: 772
2024-07-29 23:01:34,840   Imaginary: 1286, Real: 1800
2024-07-29 23:01:34,840   Imaginary: 512, Real: 774
2024-07-29 23:01:34,840   Imaginary: 64, Real: 6
2024-07-29 23:01:34,840   Imaginary: 26691, Real: 10
2024-07-29 23:01:34,840   Imaginary: 28, Real: 0
2024-07-29 23:01:34,840   Imaginary: -19679, Real: 17988
2024-07-29 23:01:34,840   Imaginary: 2, Real: 0
2024-07-29 23:01:34,840   Imaginary: 1, Real: 0
2024-07-29 23:01:34,840   Imaginary: 0, Real: 0
2024-07-29 23:01:34,840   Imaginary: 10, Real: 0
2024-07-29 23:01:34,840   Imaginary: 0, Real: 6
2024-07-29 23:01:34,840   Imaginary: 21536, Real: 2048
2024-07-29 23:01:34,840   Imaginary: 25342, Real: 1
2024-07-29 23:01:34,840   Imaginary: 21806, Real: 0
2024-07-29 23:01:34,840   Imaginary: 2, Real: 0
2024-07-29 23:01:34,840   Imaginary: 258, Real: 772
2024-07-29 23:01:34,840   Imaginary: 1286, Real: 1800
2024-07-29 23:01:34,840   Imaginary: 512, Real: 774
2024-07-29 23:01:34,840   Imaginary: 64, Real: 6
2024-07-29 23:01:34,840   Imaginary: 26691, Real: 10
2024-07-29 23:01:34,840   Imaginary: 29, Real: 0
2024-07-29 23:01:34,840   Imaginary: 5444, Real: 18752
2024-07-29 23:01:34,840   Imaginary: 3, Real: 0
2024-07-29 23:01:34,840   Imaginary: 1, Real: 0
2024-07-29 23:01:34,840   Imaginary: 0, Real: 0
2024-07-29 23:01:34,840   Imaginary: 10, Real: 0
2024-07-29 23:01:34,840   Imaginary: 0, Real: 6
2024-07-29 23:01:34,840   Imaginary: 21536, Real: 2048
2024-07-29 23:01:34,840   Imaginary: -12641, Real: 1
2024-07-29 23:01:34,840   Imaginary: 21828, Real: 0
2024-07-29 23:01:34,840   Imaginary: 3, Real: 0
2024-07-29 23:01:34,840   Imaginary: 258, Real: 772
2024-07-29 23:01:34,840   Imaginary: 1286, Real: 1800
2024-07-29 23:01:34,840   Imaginary: 512, Real: 774
2024-07-29 23:01:34,840   Imaginary: 64, Real: 6
2024-07-29 23:01:34,840   Imaginary: 26691, Real: 10
2024-07-29 23:01:34,840   Imaginary: 30, Real: 0
2024-07-29 23:01:34,840   Imaginary: 7801, Real: 19514
2024-07-29 23:01:34,840   Imaginary: 1, Real: 0
2024-07-29 23:01:34,840   Imaginary: 1, Real: 0
2024-07-29 23:01:34,840   Imaginary: 0, Real: 0
2024-07-29 23:01:34,840   Imaginary: 10, Real: 0
2024-07-29 23:01:34,840   Imaginary: 0, Real: 6
2024-07-29 23:01:34,840   Imaginary: 21536, Real: 2048
2024-07-29 23:01:34,840   Imaginary: 5552, Real: 1
2024-07-29 23:01:34,840   Imaginary: 13186, Real: 0
2024-07-29 23:01:34,840   Imaginary: 1, Real: 0
2024-07-29 23:01:34,840   Imaginary: 258, Real: 772
2024-07-29 23:01:34,840   Imaginary: 1286, Real: 1800
2024-07-29 23:01:34,840   Imaginary: 512, Real: 774
2024-07-29 23:01:34,840   Imaginary: 64, Real: 6
2024-07-29 23:01:34,840   Imaginary: 26691, Real: 10
2024-07-29 23:01:34,840   Imaginary: 31, Real: 0
2024-07-29 23:01:34,840   Imaginary: -32545, Real: 20277
2024-07-29 23:01:34,840   Imaginary: 2, Real: 0
2024-07-29 23:01:34,840   Imaginary: 1, Real: 0
2024-07-29 23:01:34,840   Imaginary: 0, Real: 0
2024-07-29 23:01:34,840   Imaginary: 10, Real: 0
2024-07-29 23:01:34,840   Imaginary: 0, Real: 6
2024-07-29 23:01:34,840   Imaginary: 21536, Real: 2048
2024-07-29 23:01:34,840   Imaginary: 27264, Real: 1
2024-07-29 23:01:34,840   Imaginary: 21984, Real: 0
2024-07-29 23:01:34,840   Imaginary: 2, Real: 0
2024-07-29 23:01:34,840   Imaginary: 258, Real: 772
2024-07-29 23:01:34,840   Imaginary: 1286, Real: 1800
2024-07-29 23:01:34,840   Imaginary: 512, Real: 774
2024-07-29 23:01:34,840   Imaginary: 64, Real: 6
2024-07-29 23:01:34,840   Imaginary: 26691, Real: 10
2024-07-29 23:01:34,840   Imaginary: 32, Real: 0
2024-07-29 23:01:34,840   Imaginary: -5156, Real: 21040
2024-07-29 23:01:34,840   Imaginary: 5, Real: 0
2024-07-29 23:01:34,840   Imaginary: 1, Real: 0
2024-07-29 23:01:34,840   Imaginary: 0, Real: 0
2024-07-29 23:01:34,840   Imaginary: 10, Real: 0
2024-07-29 23:01:34,840   Imaginary: 0, Real: 6
2024-07-29 23:01:34,840   Imaginary: 21536, Real: 2048
2024-07-29 23:01:34,840   Imaginary: -7696, Real: 1
2024-07-29 23:01:34,840   Imaginary: 21827, Real: 0
2024-07-29 23:01:34,840   Imaginary: 5, Real: 0
2024-07-29 23:01:34,840   Imaginary: 258, Real: 772
2024-07-29 23:01:34,840   Imaginary: 1286, Real: 1800
2024-07-29 23:01:34,840   Imaginary: 512, Real: 774
2024-07-29 23:01:34,840   Imaginary: 64, Real: 6
2024-07-29 23:01:34,840   Imaginary: 26691, Real: 10
2024-07-29 23:01:34,840   Imaginary: 33, Real: 0
2024-07-29 23:01:34,840   Imaginary: 22787, Real: 21803
2024-07-29 23:01:34,840   Imaginary: 2, Real: 0
2024-07-29 23:01:34,840   Imaginary: 1, Real: 0
2024-07-29 23:01:34,840   Imaginary: 0, Real: 0
2024-07-29 23:01:34,840   Imaginary: 10, Real: 0
2024-07-29 23:01:34,840   Imaginary: 0, Real: 6
2024-07-29 23:01:34,840   Imaginary: 21536, Real: 2048
2024-07-29 23:01:34,840   Imaginary: 26338, Real: 1
2024-07-29 23:01:34,840   Imaginary: 21045, Real: 0
2024-07-29 23:01:34,840   Imaginary: 2, Real: 0
2024-07-29 23:01:34,840   Imaginary: 258, Real: 772
2024-07-29 23:01:34,840   Imaginary: 1286, Real: 1800
2024-07-29 23:01:34,840   Imaginary: 512, Real: 774
2024-07-29 23:01:34,840   Imaginary: 64, Real: 6
2024-07-29 23:01:34,840   Imaginary: 26691, Real: 10
2024-07-29 23:01:34,840   Imaginary: 34, Real: 0
2024-07-29 23:01:34,840   Imaginary: 3383, Real: 22567
2024-07-29 23:01:34,840   Imaginary: 6, Real: 0
2024-07-29 23:01:34,840   Imaginary: 1, Real: 0
2024-07-29 23:01:34,840   Imaginary: 0, Real: 0
2024-07-29 23:01:34,840   Imaginary: 10, Real: 0
2024-07-29 23:01:34,840   Imaginary: 0, Real: 6
2024-07-29 23:01:34,840   Imaginary: 21536, Real: 2048
2024-07-29 23:01:34,840   Imaginary: 1656, Real: 2
2024-07-29 23:01:34,840   Imaginary: 29795, Real: 0
2024-07-29 23:01:34,840   Imaginary: 6, Real: 0
2024-07-29 23:01:34,840   Imaginary: 258, Real: 772
2024-07-29 23:01:34,840   Imaginary: 1286, Real: 1800
2024-07-29 23:01:34,840   Imaginary: 512, Real: 774
2024-07-29 23:01:34,840   Imaginary: 64, Real: 6
2024-07-29 23:01:34,840   Imaginary: 26691, Real: 10
2024-07-29 23:01:34,840   Imaginary: 35, Real: 0
2024-07-29 23:01:34,840   Imaginary: -15928, Real: 23328
2024-07-29 23:01:34,857   Imaginary: 1, Real: 0
2024-07-29 23:01:34,857   Imaginary: 1, Real: 0
2024-07-29 23:01:34,857   Imaginary: 0, Real: 0
2024-07-29 23:01:34,857   Imaginary: 10, Real: 0
2024-07-29 23:01:34,857   Imaginary: 0, Real: 6
2024-07-29 23:01:34,857   Imaginary: 21536, Real: 2048
2024-07-29 23:01:34,857   Imaginary: 4187, Real: 1
2024-07-29 23:01:34,857   Imaginary: 13186, Real: 0
2024-07-29 23:01:34,857   Imaginary: 1, Real: 0
2024-07-29 23:01:34,857   Imaginary: 258, Real: 772
2024-07-29 23:01:34,857   Imaginary: 1286, Real: 1800
2024-07-29 23:01:34,857   Imaginary: 512, Real: 774
2024-07-29 23:01:34,857   Imaginary: 64, Real: 6
2024-07-29 23:01:34,857   Imaginary: 26691, Real: 10
2024-07-29 23:01:34,857   Imaginary: 36, Real: 0
2024-07-29 23:01:34,857   Imaginary: -19552, Real: 24091
2024-07-29 23:01:34,857   Imaginary: 1, Real: 0
2024-07-29 23:01:34,857   Imaginary: 1, Real: 0
2024-07-29 23:01:34,857   Imaginary: 0, Real: 0
2024-07-29 23:01:34,857   Imaginary: 10, Real: 0
2024-07-29 23:01:34,857   Imaginary: 0, Real: 6
2024-07-29 23:01:34,857   Imaginary: 21536, Real: 2048
2024-07-29 23:01:34,857   Imaginary: 4541, Real: 1
2024-07-29 23:01:34,857   Imaginary: 13173, Real: 0
2024-07-29 23:01:34,857   Imaginary: 1, Real: 0
2024-07-29 23:01:34,857   Imaginary: 258, Real: 772
2024-07-29 23:01:34,857   Imaginary: 1286, Real: 1800
2024-07-29 23:01:34,857   Imaginary: 512, Real: 774
2024-07-29 23:01:34,857   Imaginary: 64, Real: 6
2024-07-29 23:01:34,857   Imaginary: 26691, Real: 10
2024-07-29 23:01:34,857   Imaginary: 37, Real: 0
2024-07-29 23:01:34,857   Imaginary: -23545, Real: 24854
2024-07-29 23:01:34,857   Imaginary: 1, Real: 0
2024-07-29 23:01:34,857   Imaginary: 1, Real: 0
2024-07-29 23:01:34,857   Imaginary: 0, Real: 0
2024-07-29 23:01:34,857   Imaginary: 10, Real: 0
2024-07-29 23:01:34,857   Imaginary: 0, Real: 6
2024-07-29 23:01:34,857   Imaginary: 21536, Real: 2048
2024-07-29 23:01:34,857   Imaginary: 4374, Real: 1
2024-07-29 23:01:34,857   Imaginary: 13182, Real: 0
2024-07-29 23:01:34,857   Imaginary: 1, Real: 0
2024-07-29 23:01:34,857   Imaginary: 258, Real: 772
2024-07-29 23:01:34,857   Imaginary: 1286, Real: 1800
2024-07-29 23:01:34,857   Imaginary: 512, Real: 774
2024-07-29 23:01:34,857   Imaginary: 64, Real: 6
2024-07-29 23:01:34,857   Imaginary: 26691, Real: 10
2024-07-29 23:01:34,857   Imaginary: 38, Real: 0
2024-07-29 23:01:34,857   Imaginary: -27497, Real: 25617
2024-07-29 23:01:34,857   Imaginary: 1, Real: 0
2024-07-29 23:01:34,857   Imaginary: 1, Real: 0
2024-07-29 23:01:34,857   Imaginary: 0, Real: 0
2024-07-29 23:01:34,857   Imaginary: 10, Real: 0
2024-07-29 23:01:34,857   Imaginary: 0, Real: 6
2024-07-29 23:01:34,857   Imaginary: 21536, Real: 2048
2024-07-29 23:01:34,857   Imaginary: 4526, Real: 1
2024-07-29 23:01:34,857   Imaginary: 13182, Real: 0
2024-07-29 23:01:34,857   Imaginary: 1, Real: 0
2024-07-29 23:01:34,857   Imaginary: 258, Real: 772
2024-07-29 23:01:34,857   Imaginary: 1286, Real: 1800
2024-07-29 23:01:34,857   Imaginary: 512, Real: 774
2024-07-29 23:01:34,857   Imaginary: 64, Real: 6
2024-07-29 23:01:34,857   Imaginary: 26691, Real: 10
2024-07-29 23:01:34,857   Imaginary: 39, Real: 0
2024-07-29 23:01:34,857   Imaginary: -31306, Real: 26380
2024-07-29 23:01:34,857   Imaginary: 1, Real: 0
2024-07-29 23:01:34,857   Imaginary: 1, Real: 0
2024-07-29 23:01:34,857   Imaginary: 0, Real: 0
2024-07-29 23:01:34,857   Imaginary: 10, Real: 0
2024-07-29 23:01:34,857   Imaginary: 0, Real: 6
2024-07-29 23:01:34,857   Imaginary: 21536, Real: 2048
2024-07-29 23:01:34,857   Imaginary: 4690, Real: 1
2024-07-29 23:01:34,857   Imaginary: 13175, Real: 0
2024-07-29 23:01:34,857   Imaginary: 1, Real: 0
2024-07-29 23:01:34,857   Imaginary: 258, Real: 772
2024-07-29 23:01:34,857   Imaginary: 1286, Real: 1800
2024-07-29 23:01:34,857   Imaginary: 512, Real: 774
2024-07-29 23:01:34,857   Imaginary: 64, Real: 6
2024-07-29 23:01:34,857   Imaginary: 26691, Real: 10
2024-07-29 23:01:34,857   Imaginary: 40, Real: 0
2024-07-29 23:01:34,857   Imaginary: 30030, Real: 27143
2024-07-29 23:01:34,857   Imaginary: 1, Real: 0
2024-07-29 23:01:34,857   Imaginary: 1, Real: 0
2024-07-29 23:01:34,857   Imaginary: 0, Real: 0
2024-07-29 23:01:34,857   Imaginary: 10, Real: 0
2024-07-29 23:01:34,857   Imaginary: 0, Real: 6
2024-07-29 23:01:34,857   Imaginary: 21536, Real: 2048
2024-07-29 23:01:34,857   Imaginary: 4345, Real: 1
2024-07-29 23:01:34,857   Imaginary: 13182, Real: 0
2024-07-29 23:01:34,857   Imaginary: 1, Real: 0
2024-07-29 23:01:34,857   Imaginary: 258, Real: 772
2024-07-29 23:01:34,857   Imaginary: 1286, Real: 1800
2024-07-29 23:01:34,857   Imaginary: 512, Real: 774
2024-07-29 23:01:34,857   Imaginary: 64, Real: 6
2024-07-29 23:01:34,857   Imaginary: 26691, Real: 10
2024-07-29 23:01:34,857   Imaginary: 41, Real: 0
2024-07-29 23:01:34,857   Imaginary: 26056, Real: 27906
2024-07-29 23:01:34,857   Imaginary: 1, Real: 0
2024-07-29 23:01:34,857   Imaginary: 1, Real: 0
2024-07-29 23:01:34,857   Imaginary: 0, Real: 0
2024-07-29 23:01:34,857   Imaginary: 10, Real: 0
2024-07-29 23:01:34,857   Imaginary: 0, Real: 6
2024-07-29 23:01:34,857   Imaginary: 21536, Real: 2048
2024-07-29 23:01:34,857   Imaginary: 4349, Real: 1
2024-07-29 23:01:34,857   Imaginary: 13166, Real: 0
2024-07-29 23:01:34,857   Imaginary: 1, Real: 0
2024-07-29 23:01:34,857   Imaginary: 258, Real: 772
2024-07-29 23:01:34,857   Imaginary: 1286, Real: 1800
2024-07-29 23:01:34,857   Imaginary: 512, Real: 774
2024-07-29 23:01:34,857   Imaginary: 64, Real: 6
2024-07-29 23:01:34,857   Imaginary: 26691, Real: 10
2024-07-29 23:01:34,857   Imaginary: 42, Real: 0
2024-07-29 23:01:34,857   Imaginary: 22144, Real: 28669
2024-07-29 23:01:34,857   Imaginary: 1, Real: 0
2024-07-29 23:01:34,857   Imaginary: 1, Real: 0
2024-07-29 23:01:34,857   Imaginary: 0, Real: 0
2024-07-29 23:01:34,857   Imaginary: 10, Real: 0
2024-07-29 23:01:34,857   Imaginary: 0, Real: 6
2024-07-29 23:01:34,857   Imaginary: 21536, Real: 2048
2024-07-29 23:01:34,857   Imaginary: 4399, Real: 1
2024-07-29 23:01:34,857   Imaginary: 13182, Real: 0
2024-07-29 23:01:34,857   Imaginary: 1, Real: 0
2024-07-29 23:01:34,857   Imaginary: 258, Real: 772
2024-07-29 23:01:34,857   Imaginary: 1286, Real: 1800
2024-07-29 23:01:34,857   Imaginary: 512, Real: 774
2024-07-29 23:01:34,857   Imaginary: 64, Real: 6
2024-07-29 23:01:34,857   Imaginary: 26691, Real: 10
2024-07-29 23:01:34,857   Imaginary: 43, Real: 0
2024-07-29 23:01:34,857   Imaginary: 17755, Real: 29432
2024-07-29 23:01:34,857   Imaginary: 1, Real: 0
2024-07-29 23:01:34,857   Imaginary: 1, Real: 0
2024-07-29 23:01:34,857   Imaginary: 0, Real: 0
2024-07-29 23:01:34,857   Imaginary: 10, Real: 0
2024-07-29 23:01:34,857   Imaginary: 0, Real: 6
2024-07-29 23:01:34,857   Imaginary: 21536, Real: 2048
2024-07-29 23:01:34,857   Imaginary: 4173, Real: 1
2024-07-29 23:01:34,857   Imaginary: 13182, Real: 0
2024-07-29 23:01:34,857   Imaginary: 1, Real: 0
2024-07-29 23:01:34,857   Imaginary: 258, Real: 772
2024-07-29 23:01:34,857   Imaginary: 1286, Real: 1800
2024-07-29 23:01:34,857   Imaginary: 512, Real: 774
2024-07-29 23:01:34,857   Imaginary: 64, Real: 6
2024-07-29 23:01:34,857   Imaginary: 26691, Real: 10
2024-07-29 23:01:34,857   Imaginary: 44, Real: 0
2024-07-29 23:01:34,857   Imaginary: 14159, Real: 30195
2024-07-29 23:01:34,857   Imaginary: 1, Real: 0
2024-07-29 23:01:34,857   Imaginary: 1, Real: 0
2024-07-29 23:01:34,857   Imaginary: 0, Real: 0
2024-07-29 23:01:34,857   Imaginary: 10, Real: 0
2024-07-29 23:01:34,857   Imaginary: 0, Real: 6
2024-07-29 23:01:34,857   Imaginary: 21536, Real: 2048
2024-07-29 23:01:34,857   Imaginary: 4439, Real: 1
2024-07-29 23:01:34,857   Imaginary: 13186, Real: 0
2024-07-29 23:01:34,857   Imaginary: 1, Real: 0
2024-07-29 23:01:34,857   Imaginary: 258, Real: 772
2024-07-29 23:01:34,857   Imaginary: 1286, Real: 1800
2024-07-29 23:01:34,857   Imaginary: 512, Real: 774
2024-07-29 23:01:34,857   Imaginary: 64, Real: 6
2024-07-29 23:01:34,857   Imaginary: 26691, Real: 10
2024-07-29 23:01:34,857   Imaginary: 45, Real: 0
2024-07-29 23:01:34,857   Imaginary: 10043, Real: 30958
2024-07-29 23:01:34,857   Imaginary: 1, Real: 0
2024-07-29 23:01:34,857   Imaginary: 1, Real: 0
2024-07-29 23:01:34,857   Imaginary: 0, Real: 0
2024-07-29 23:01:34,857   Imaginary: 10, Real: 0
2024-07-29 23:01:34,857   Imaginary: 0, Real: 6
2024-07-29 23:01:34,857   Imaginary: 21536, Real: 2048
2024-07-29 23:01:34,857   Imaginary: 4406, Real: 1
2024-07-29 23:01:34,857   Imaginary: 13182, Real: 0
2024-07-29 23:01:34,857   Imaginary: 1, Real: 0
2024-07-29 23:01:34,857   Imaginary: 258, Real: 772
2024-07-29 23:01:34,857   Imaginary: 1286, Real: 1800
2024-07-29 23:01:34,857   Imaginary: 512, Real: 774
2024-07-29 23:01:34,857   Imaginary: 64, Real: 6
2024-07-29 23:01:34,857   Imaginary: 26691, Real: 10
2024-07-29 23:01:34,857   Imaginary: 46, Real: 0
2024-07-29 23:01:34,857   Imaginary: 6131, Real: 31721
2024-07-29 23:01:34,857   Imaginary: 1, Real: 0
2024-07-29 23:01:34,857   Imaginary: 1, Real: 0
2024-07-29 23:01:34,857   Imaginary: 0, Real: 0
2024-07-29 23:01:34,857   Imaginary: 10, Real: 0
2024-07-29 23:01:34,857   Imaginary: 0, Real: 6
2024-07-29 23:01:34,857   Imaginary: 21536, Real: 2048
2024-07-29 23:01:34,857   Imaginary: 4470, Real: 1
2024-07-29 23:01:34,857   Imaginary: 13173, Real: 0
2024-07-29 23:01:34,857   Imaginary: 1, Real: 0
2024-07-29 23:01:34,857   Imaginary: 258, Real: 772
2024-07-29 23:01:34,857   Imaginary: 1286, Real: 1800
2024-07-29 23:01:34,857   Imaginary: 512, Real: 774
2024-07-29 23:01:34,857   Imaginary: 64, Real: 6
2024-07-29 23:01:34,857   Imaginary: 26691, Real: 10
2024-07-29 23:01:34,857   Imaginary: 47, Real: 0
2024-07-29 23:01:34,857   Imaginary: 2205, Real: 32484
2024-07-29 23:01:34,857   Imaginary: 1, Real: 0
2024-07-29 23:01:34,857   Imaginary: 1, Real: 0
2024-07-29 23:01:34,857   Imaginary: 0, Real: 0
2024-07-29 23:01:34,857   Imaginary: 10, Real: 0
2024-07-29 23:01:34,857   Imaginary: 0, Real: 6
2024-07-29 23:01:34,857   Imaginary: 21536, Real: 2048
2024-07-29 23:01:34,857   Imaginary: 4407, Real: 1
2024-07-29 23:01:34,857   Imaginary: 13182, Real: 0
2024-07-29 23:01:34,857   Imaginary: 1, Real: 0
2024-07-29 23:01:34,857   Imaginary: 258, Real: 772
2024-07-29 23:01:34,857   Imaginary: 1286, Real: 1800
2024-07-29 23:01:34,857   Imaginary: 512, Real: 774
2024-07-29 23:01:34,857   Imaginary: 64, Real: 6
2024-07-29 23:01:34,857   Imaginary: 26691, Real: 10
2024-07-29 23:01:34,857   Imaginary: 48, Real: 0
2024-07-29 23:01:34,857   Imaginary: -107, Real: -32290
2024-07-29 23:01:34,857   Imaginary: 1, Real: 0
2024-07-29 23:01:34,857   Imaginary: 1, Real: 0
2024-07-29 23:01:34,857   Imaginary: 0, Real: 0
2024-07-29 23:01:34,857   Imaginary: 10, Real: 0
2024-07-29 23:01:34,857   Imaginary: 0, Real: 6
2024-07-29 23:01:34,857   Imaginary: 18895, Real: -1942
2024-07-29 23:01:34,857   Imaginary: -14000, Real: 14876
2024-07-29 23:01:34,857   Imaginary: -18587, Real: -17841
2024-07-29 23:01:34,857   Imaginary: -26884, Real: 14933
2024-07-29 23:01:34,857   Imaginary: 258, Real: 772
2024-07-29 23:01:34,857   Imaginary: 1286, Real: 1800
2024-07-29 23:01:34,857   Imaginary: 512, Real: 774
2024-07-29 23:01:34,857   Imaginary: 64, Real: 6
2024-07-29 23:01:34,857   Imaginary: 26691, Real: 10
2024-07-29 23:01:34,857   Imaginary: 49, Real: 0
2024-07-29 23:01:34,857   Imaginary: -5826, Real: -31527
2024-07-29 23:01:34,857   Imaginary: 1, Real: 0
2024-07-29 23:01:34,857   Imaginary: 1, Real: 0
2024-07-29 23:01:34,857   Imaginary: 0, Real: 0
2024-07-29 23:01:34,857   Imaginary: 10, Real: 0
2024-07-29 23:01:34,857   Imaginary: 0, Real: 6
2024-07-29 23:01:34,857   Imaginary: 21536, Real: 2048
2024-07-29 23:01:34,857   Imaginary: 4400, Real: 1
2024-07-29 23:01:34,857   Imaginary: 13182, Real: 0
2024-07-29 23:01:34,857   Imaginary: 1, Real: 0
2024-07-29 23:01:34,857   Imaginary: 258, Real: 772
2024-07-29 23:01:34,857   Imaginary: 1286, Real: 1800
2024-07-29 23:01:34,857   Imaginary: 512, Real: 774
2024-07-29 23:01:34,857   Imaginary: 64, Real: 6
2024-07-29 23:01:34,857   Imaginary: 26691, Real: 10
2024-07-29 23:01:34,857   Imaginary: 50, Real: 0
2024-07-29 23:01:34,857   Imaginary: -9663, Real: -30764
2024-07-29 23:01:34,857   Imaginary: 1, Real: 0
2024-07-29 23:01:34,857   Imaginary: 1, Real: 0
2024-07-29 23:01:34,857   Imaginary: 0, Real: 0
2024-07-29 23:01:34,857   Imaginary: 10, Real: 0
2024-07-29 23:01:34,857   Imaginary: 0, Real: 6
2024-07-29 23:01:34,857   Imaginary: 21536, Real: 2048
2024-07-29 23:01:34,857   Imaginary: 4538, Real: 1
2024-07-29 23:01:34,857   Imaginary: 13182, Real: 0
2024-07-29 23:01:34,857   Imaginary: 1, Real: 0
2024-07-29 23:01:34,857   Imaginary: 258, Real: 772
2024-07-29 23:01:34,857   Imaginary: 1286, Real: 1800
2024-07-29 23:01:34,857   Imaginary: 512, Real: 774
2024-07-29 23:01:34,857   Imaginary: 64, Real: 6
2024-07-29 23:01:34,857   Imaginary: 26691, Real: 10
2024-07-29 23:01:34,857   Imaginary: 51, Real: 0
2024-07-29 23:01:34,857   Imaginary: -13851, Real: -30001
2024-07-29 23:01:34,857   Imaginary: 1, Real: 0
2024-07-29 23:01:34,857   Imaginary: 1, Real: 0
2024-07-29 23:01:34,857   Imaginary: 0, Real: 0
2024-07-29 23:01:34,857   Imaginary: 10, Real: 0
2024-07-29 23:01:34,857   Imaginary: 0, Real: 6
2024-07-29 23:01:34,857   Imaginary: 21536, Real: 2048
2024-07-29 23:01:34,857   Imaginary: 4205, Real: 1
2024-07-29 23:01:34,867   Imaginary: 13173, Real: 0
2024-07-29 23:01:34,867   Imaginary: 1, Real: 0
2024-07-29 23:01:34,867   Imaginary: 258, Real: 772
2024-07-29 23:01:34,867   Imaginary: 1286, Real: 1800
2024-07-29 23:01:34,867   Imaginary: 512, Real: 774
2024-07-29 23:01:34,867   Imaginary: 64, Real: 6
2024-07-29 23:01:34,867   Imaginary: 26691, Real: 10
2024-07-29 23:01:34,867   Imaginary: 52, Real: 0
2024-07-29 23:01:34,867   Imaginary: -17493, Real: -29238
2024-07-29 23:01:34,867   Imaginary: 1, Real: 0
2024-07-29 23:01:34,867   Imaginary: 1, Real: 0
2024-07-29 23:01:34,867   Imaginary: 0, Real: 0
2024-07-29 23:01:34,867   Imaginary: 10, Real: 0
2024-07-29 23:01:34,867   Imaginary: 0, Real: 6
2024-07-29 23:01:34,867   Imaginary: 21536, Real: 2048
2024-07-29 23:01:34,867   Imaginary: 4429, Real: 1
2024-07-29 23:01:34,867   Imaginary: 13186, Real: 0
2024-07-29 23:01:34,867   Imaginary: 1, Real: 0
2024-07-29 23:01:34,867   Imaginary: 258, Real: 772
2024-07-29 23:01:34,867   Imaginary: 1286, Real: 1800
2024-07-29 23:01:34,867   Imaginary: 512, Real: 774
2024-07-29 23:01:34,867   Imaginary: 64, Real: 6
2024-07-29 23:01:34,867   Imaginary: 26691, Real: 10
2024-07-29 23:01:34,867   Imaginary: 53, Real: 0
2024-07-29 23:01:34,867   Imaginary: -21858, Real: -28475
2024-07-29 23:01:34,867   Imaginary: 1, Real: 0
2024-07-29 23:01:34,867   Imaginary: 1, Real: 0
2024-07-29 23:01:34,868   Imaginary: 0, Real: 0
2024-07-29 23:01:34,868   Imaginary: 10, Real: 0
2024-07-29 23:01:34,868   Imaginary: 0, Real: 6
2024-07-29 23:01:34,868   Imaginary: 21536, Real: 2048
2024-07-29 23:01:34,868   Imaginary: 4220, Real: 1
2024-07-29 23:01:34,868   Imaginary: 13182, Real: 0
2024-07-29 23:01:34,868   Imaginary: 1, Real: 0
2024-07-29 23:01:34,868   Imaginary: 258, Real: 772
2024-07-29 23:01:34,868   Imaginary: 1286, Real: 1800
2024-07-29 23:01:34,868   Imaginary: 512, Real: 774
2024-07-29 23:01:34,868   Imaginary: 64, Real: 6
2024-07-29 23:01:34,868   Imaginary: 26691, Real: 10
2024-07-29 23:01:34,868   Imaginary: 54, Real: 0
2024-07-29 23:01:34,868   Imaginary: -25599, Real: -27712
2024-07-29 23:01:34,868   Imaginary: 1, Real: 0
2024-07-29 23:01:34,868   Imaginary: 1, Real: 0
2024-07-29 23:01:34,868   Imaginary: 0, Real: 0
2024-07-29 23:01:34,868   Imaginary: 10, Real: 0
2024-07-29 23:01:34,868   Imaginary: 0, Real: 6
2024-07-29 23:01:34,868   Imaginary: 21536, Real: 2048
2024-07-29 23:01:34,868   Imaginary: 4463, Real: 1
2024-07-29 23:01:34,868   Imaginary: 13186, Real: 0
2024-07-29 23:01:34,868   Imaginary: 1, Real: 0
2024-07-29 23:01:34,868   Imaginary: 258, Real: 772
2024-07-29 23:01:34,868   Imaginary: 1286, Real: 1800
2024-07-29 23:01:34,868   Imaginary: 512, Real: 774
2024-07-29 23:01:34,868   Imaginary: 64, Real: 6
2024-07-29 23:01:34,868   Imaginary: 26691, Real: 10
2024-07-29 23:01:34,868   Imaginary: 55, Real: 0
2024-07-29 23:01:34,868   Imaginary: -29505, Real: -26949
2024-07-29 23:01:34,868   Imaginary: 1, Real: 0
2024-07-29 23:01:34,868   Imaginary: 1, Real: 0
2024-07-29 23:01:34,868   Imaginary: 0, Real: 0
2024-07-29 23:01:34,868   Imaginary: 10, Real: 0
2024-07-29 23:01:34,868   Imaginary: 0, Real: 6
2024-07-29 23:01:34,868   Imaginary: 21536, Real: 2048
2024-07-29 23:01:34,868   Imaginary: 4436, Real: 1
2024-07-29 23:01:34,868   Imaginary: 13182, Real: 0
2024-07-29 23:01:34,868   Imaginary: 1, Real: 0
2024-07-29 23:01:34,868   Imaginary: 258, Real: 772
2024-07-29 23:01:34,868   Imaginary: 1286, Real: 1800
2024-07-29 23:01:34,868   Imaginary: 512, Real: 774
2024-07-29 23:01:34,868   Imaginary: 64, Real: 6
2024-07-29 23:01:34,868   Imaginary: 26691, Real: 10
2024-07-29 23:01:34,868   Imaginary: 56, Real: 0
2024-07-29 23:01:34,868   Imaginary: 31897, Real: -26186
2024-07-29 23:01:34,868   Imaginary: 1, Real: 0
2024-07-29 23:01:34,868   Imaginary: 1, Real: 0
2024-07-29 23:01:34,868   Imaginary: 0, Real: 0
2024-07-29 23:01:34,868   Imaginary: 10, Real: 0
2024-07-29 23:01:34,868   Imaginary: 0, Real: 6
2024-07-29 23:01:34,868   Imaginary: 21536, Real: 2048
2024-07-29 23:01:34,868   Imaginary: 4373, Real: 1
2024-07-29 23:01:34,868   Imaginary: 13173, Real: 0
2024-07-29 23:01:34,868   Imaginary: 1, Real: 0
2024-07-29 23:01:34,868   Imaginary: 258, Real: 772
2024-07-29 23:01:34,868   Imaginary: 1286, Real: 1800
2024-07-29 23:01:34,868   Imaginary: 512, Real: 774
2024-07-29 23:01:34,868   Imaginary: 64, Real: 6
2024-07-29 23:01:34,868   Imaginary: 26691, Real: 10
2024-07-29 23:01:34,868   Imaginary: 57, Real: 0
2024-07-29 23:01:34,868   Imaginary: 28201, Real: -25423
2024-07-29 23:01:34,868   Imaginary: 1, Real: 0
2024-07-29 23:01:34,868   Imaginary: 1, Real: 0
2024-07-29 23:01:34,868   Imaginary: 0, Real: 0
2024-07-29 23:01:34,868   Imaginary: 10, Real: 0
2024-07-29 23:01:34,868   Imaginary: 0, Real: 6
2024-07-29 23:01:34,868   Imaginary: 21536, Real: 2048
2024-07-29 23:01:34,868   Imaginary: 4528, Real: 1
2024-07-29 23:01:34,868   Imaginary: 13182, Real: 0
2024-07-29 23:01:34,868   Imaginary: 1, Real: 0
2024-07-29 23:01:34,868   Imaginary: 258, Real: 772
2024-07-29 23:01:34,868   Imaginary: 1286, Real: 1800
2024-07-29 23:01:34,868   Imaginary: 512, Real: 774
2024-07-29 23:01:34,868   Imaginary: 64, Real: 6
2024-07-29 23:01:34,868   Imaginary: 26691, Real: 10
2024-07-29 23:01:34,868   Imaginary: 58, Real: 0
2024-07-29 23:01:34,868   Imaginary: 24206, Real: -24660
2024-07-29 23:01:34,868   Imaginary: 1, Real: 0
2024-07-29 23:01:34,868   Imaginary: 1, Real: 0
2024-07-29 23:01:34,868   Imaginary: 0, Real: 0
2024-07-29 23:01:34,868   Imaginary: 10, Real: 0
2024-07-29 23:01:34,868   Imaginary: 0, Real: 6
2024-07-29 23:01:34,868   Imaginary: 21536, Real: 2048
2024-07-29 23:01:34,868   Imaginary: 4474, Real: 1
2024-07-29 23:01:34,868   Imaginary: 13182, Real: 0
2024-07-29 23:01:34,868   Imaginary: 1, Real: 0
2024-07-29 23:01:34,868   Imaginary: 258, Real: 772
2024-07-29 23:01:34,868   Imaginary: 1286, Real: 1800
2024-07-29 23:01:34,868   Imaginary: 512, Real: 774
2024-07-29 23:01:34,868   Imaginary: 64, Real: 6
2024-07-29 23:01:34,868   Imaginary: 26691, Real: 10
2024-07-29 23:01:34,868   Imaginary: 59, Real: 0
2024-07-29 23:01:34,868   Imaginary: 19916, Real: -23897
2024-07-29 23:01:34,868   Imaginary: 1, Real: 0
2024-07-29 23:01:34,868   Imaginary: 1, Real: 0
2024-07-29 23:01:34,868   Imaginary: 0, Real: 0
2024-07-29 23:01:34,868   Imaginary: 10, Real: 0
2024-07-29 23:01:34,868   Imaginary: 0, Real: 6
2024-07-29 23:01:34,868   Imaginary: 21536, Real: 2048
2024-07-29 23:01:34,868   Imaginary: 4256, Real: 1
2024-07-29 23:01:34,868   Imaginary: 13182, Real: 0
2024-07-29 23:01:34,868   Imaginary: 1, Real: 0
2024-07-29 23:01:34,868   Imaginary: 258, Real: 772
2024-07-29 23:01:34,868   Imaginary: 1286, Real: 1800
2024-07-29 23:01:34,868   Imaginary: 512, Real: 774
2024-07-29 23:01:34,868   Imaginary: 64, Real: 6
2024-07-29 23:01:34,868   Imaginary: 26691, Real: 10
2024-07-29 23:01:34,868   Imaginary: 60, Real: 0
2024-07-29 23:01:34,868   Imaginary: 16062, Real: -23134
2024-07-29 23:01:34,868   Imaginary: 1, Real: 0
2024-07-29 23:01:34,868   Imaginary: 1, Real: 0
2024-07-29 23:01:34,868   Imaginary: 0, Real: 0
2024-07-29 23:01:34,868   Imaginary: 10, Real: 0
2024-07-29 23:01:34,868   Imaginary: 0, Real: 6
2024-07-29 23:01:34,868   Imaginary: 21536, Real: 2048
2024-07-29 23:01:34,868   Imaginary: 4294, Real: 1
2024-07-29 23:01:34,868   Imaginary: 13186, Real: 0
2024-07-29 23:01:34,868   Imaginary: 1, Real: 0
2024-07-29 23:01:34,868   Imaginary: 258, Real: 772
2024-07-29 23:01:34,868   Imaginary: 1286, Real: 1800
2024-07-29 23:01:34,868   Imaginary: 512, Real: 774
2024-07-29 23:01:34,868   Imaginary: 64, Real: 6
2024-07-29 23:01:34,868   Imaginary: 26691, Real: 10
2024-07-29 23:01:34,868   Imaginary: 61, Real: 0
2024-07-29 23:01:34,868   Imaginary: 12130, Real: -22371
2024-07-29 23:01:34,868   Imaginary: 1, Real: 0
2024-07-29 23:01:34,868   Imaginary: 1, Real: 0
2024-07-29 23:01:34,868   Imaginary: 0, Real: 0
2024-07-29 23:01:34,868   Imaginary: 10, Real: 0
2024-07-29 23:01:34,868   Imaginary: 0, Real: 6
2024-07-29 23:01:34,868   Imaginary: 21536, Real: 2048
2024-07-29 23:01:34,868   Imaginary: 4351, Real: 1
2024-07-29 23:01:34,868   Imaginary: 13173, Real: 0
2024-07-29 23:01:34,868   Imaginary: 1, Real: 0
2024-07-29 23:01:34,868   Imaginary: 258, Real: 772
2024-07-29 23:01:34,868   Imaginary: 1286, Real: 1800
2024-07-29 23:01:34,868   Imaginary: 512, Real: 774
2024-07-29 23:01:34,868   Imaginary: 64, Real: 6
2024-07-29 23:01:34,868   Imaginary: 26691, Real: 10
2024-07-29 23:01:34,868   Imaginary: 62, Real: 0
2024-07-29 23:01:34,868   Imaginary: 8500, Real: -21608
2024-07-29 23:01:34,868   Imaginary: 1, Real: 0
2024-07-29 23:01:34,868   Imaginary: 1, Real: 0
2024-07-29 23:01:34,868   Imaginary: 0, Real: 0
2024-07-29 23:01:34,868   Imaginary: 10, Real: 0
2024-07-29 23:01:34,868   Imaginary: 0, Real: 6
2024-07-29 23:01:34,868   Imaginary: 21536, Real: 2048
2024-07-29 23:01:34,868   Imaginary: 4169, Real: 1
2024-07-29 23:01:34,868   Imaginary: 13182, Real: 0
2024-07-29 23:01:34,868   Imaginary: 1, Real: 0
2024-07-29 23:01:34,868   Imaginary: 258, Real: 772
2024-07-29 23:01:34,868   Imaginary: 1286, Real: 1800
2024-07-29 23:01:34,868   Imaginary: 512, Real: 774
2024-07-29 23:01:34,868   Imaginary: 64, Real: 6
2024-07-29 23:01:34,868   Imaginary: 26691, Real: 10
2024-07-29 23:01:34,868   Imaginary: 63, Real: 0
2024-07-29 23:01:34,868   Imaginary: 4411, Real: -20845
2024-07-29 23:01:34,868   Imaginary: 1, Real: 0
2024-07-29 23:01:34,868   Imaginary: 1, Real: 0
2024-07-29 23:01:34,868   Imaginary: 0, Real: 0
2024-07-29 23:01:34,868   Imaginary: 10, Real: 0
2024-07-29 23:01:34,868   Imaginary: 0, Real: 6
2024-07-29 23:01:34,868   Imaginary: 21536, Real: 2048
2024-07-29 23:01:34,868   Imaginary: 4352, Real: 1
2024-07-29 23:01:34,868   Imaginary: 13182, Real: 0
2024-07-29 23:01:34,868   Imaginary: 1, Real: 0
2024-07-29 23:01:34,868   Imaginary: 258, Real: 772
2024-07-29 23:01:34,868   Imaginary: 1286, Real: 1800
2024-07-29 23:01:34,868   Imaginary: 512, Real: 774
2024-07-29 23:01:34,868   Imaginary: 64, Real: 6
2024-07-29 23:01:34,868   Imaginary: 26691, Real: 10
2024-07-29 23:01:34,868   Imaginary: 64, Real: 0
2024-07-29 23:01:34,868   Imaginary: 283, Real: -20082
2024-07-29 23:01:34,868   Imaginary: 1, Real: 0
2024-07-29 23:01:34,868   Imaginary: 1, Real: 0
2024-07-29 23:01:34,868   Imaginary: 0, Real: 0
2024-07-29 23:01:34,868   Imaginary: 10, Real: 0
2024-07-29 23:01:34,868   Imaginary: 0, Real: 6
2024-07-29 23:01:34,868   Imaginary: 21536, Real: 2048
2024-07-29 23:01:34,868   Imaginary: 4269, Real: 1
2024-07-29 23:01:34,868   Imaginary: 13182, Real: 0
2024-07-29 23:01:34,868   Imaginary: 1, Real: 0
2024-07-29 23:01:34,868   Imaginary: 258, Real: 772
2024-07-29 23:01:34,868   Imaginary: 1286, Real: 1800
2024-07-29 23:01:34,868   Imaginary: 512, Real: 774
2024-07-29 23:01:34,868   Imaginary: 64, Real: 6
2024-07-29 23:01:34,868   Imaginary: 26691, Real: 10
2024-07-29 23:01:34,868   Imaginary: 65, Real: 0
2024-07-29 23:01:34,868   Imaginary: -4027, Real: -19320
2024-07-29 23:01:34,868   Imaginary: 1, Real: 0
2024-07-29 23:01:34,868   Imaginary: 1, Real: 0
2024-07-29 23:01:34,868   Imaginary: 0, Real: 0
2024-07-29 23:01:34,868   Imaginary: 10, Real: 0
2024-07-29 23:01:34,868   Imaginary: 0, Real: 6
2024-07-29 23:01:34,868   Imaginary: 21536, Real: 2048
2024-07-29 23:01:34,868   Imaginary: 4138, Real: 1
2024-07-29 23:01:34,868   Imaginary: 13182, Real: 0
2024-07-29 23:01:34,868   Imaginary: 1, Real: 0
2024-07-29 23:01:34,868   Imaginary: 258, Real: 772
2024-07-29 23:01:34,868   Imaginary: 1286, Real: 1800
2024-07-29 23:01:34,868   Imaginary: 512, Real: 774
2024-07-29 23:01:34,868   Imaginary: 64, Real: 6
2024-07-29 23:01:34,868   Imaginary: 26691, Real: 10
2024-07-29 23:01:34,868   Imaginary: 66, Real: 0
2024-07-29 23:01:34,868   Imaginary: -7485, Real: -18557
2024-07-29 23:01:34,868   Imaginary: 1, Real: 0
2024-07-29 23:01:34,868   Imaginary: 1, Real: 0
2024-07-29 23:01:34,868   Imaginary: 0, Real: 0
2024-07-29 23:01:34,868   Imaginary: 10, Real: 0
2024-07-29 23:01:34,868   Imaginary: 0, Real: 6
2024-07-29 23:01:34,868   Imaginary: 21536, Real: 2048
2024-07-29 23:01:34,868   Imaginary: 4568, Real: 1
2024-07-29 23:01:34,868   Imaginary: 13173, Real: 0
2024-07-29 23:01:34,868   Imaginary: 1, Real: 0
2024-07-29 23:01:34,868   Imaginary: 258, Real: 772
2024-07-29 23:01:34,868   Imaginary: 1286, Real: 1800
2024-07-29 23:01:34,868   Imaginary: 512, Real: 774
2024-07-29 23:01:34,868   Imaginary: 64, Real: 6
2024-07-29 23:01:34,868   Imaginary: 26691, Real: 10
2024-07-29 23:01:34,868   Imaginary: 67, Real: 0
2024-07-29 23:01:34,868   Imaginary: -11467, Real: -17794
2024-07-29 23:01:34,868   Imaginary: 1, Real: 0
2024-07-29 23:01:34,868   Imaginary: 1, Real: 0
2024-07-29 23:01:34,868   Imaginary: 0, Real: 0
2024-07-29 23:01:34,868   Imaginary: 10, Real: 0
2024-07-29 23:01:34,868   Imaginary: 0, Real: 6
2024-07-29 23:01:34,868   Imaginary: 21536, Real: 2048
2024-07-29 23:01:34,868   Imaginary: 4524, Real: 1
2024-07-29 23:01:34,868   Imaginary: 13182, Real: 0
2024-07-29 23:01:34,868   Imaginary: 1, Real: 0
2024-07-29 23:01:34,868   Imaginary: 258, Real: 772
2024-07-29 23:01:34,868   Imaginary: 1286, Real: 1800
2024-07-29 23:01:34,868   Imaginary: 512, Real: 774
2024-07-29 23:01:34,868   Imaginary: 64, Real: 6
2024-07-29 23:01:34,868   Imaginary: 26691, Real: 10
2024-07-29 23:01:34,868   Imaginary: 68, Real: 0
2024-07-29 23:01:34,868   Imaginary: -15383, Real: -17031
2024-07-29 23:01:34,868   Imaginary: 1, Real: 0
2024-07-29 23:01:34,868   Imaginary: 1, Real: 0
2024-07-29 23:01:34,868   Imaginary: 0, Real: 0
2024-07-29 23:01:34,868   Imaginary: 10, Real: 0
2024-07-29 23:01:34,868   Imaginary: 0, Real: 6
2024-07-29 23:01:34,868   Imaginary: 21536, Real: 2048
2024-07-29 23:01:34,868   Imaginary: 4565, Real: 1
2024-07-29 23:01:34,868   Imaginary: 13182, Real: 0
2024-07-29 23:01:34,868   Imaginary: 1, Real: 0
2024-07-29 23:01:34,868   Imaginary: 258, Real: 772
2024-07-29 23:01:34,868   Imaginary: 1286, Real: 1800
2024-07-29 23:01:34,868   Imaginary: 512, Real: 774
2024-07-29 23:01:34,868   Imaginary: 64, Real: 6
2024-07-29 23:01:34,868   Imaginary: 26691, Real: 10
2024-07-29 23:01:34,868   Imaginary: 69, Real: 0
2024-07-29 23:01:34,868   Imaginary: -19461, Real: -16268
2024-07-29 23:01:34,868   Imaginary: 1, Real: 0
2024-07-29 23:01:34,868   Imaginary: 1, Real: 0
2024-07-29 23:01:34,868   Imaginary: 0, Real: 0
2024-07-29 23:01:34,868   Imaginary: 10, Real: 0
2024-07-29 23:01:34,868   Imaginary: 0, Real: 6
2024-07-29 23:01:34,868   Imaginary: 21536, Real: 2048
2024-07-29 23:01:34,868   Imaginary: 4288, Real: 1
2024-07-29 23:01:34,868   Imaginary: 13182, Real: 0
2024-07-29 23:01:34,868   Imaginary: 1, Real: 0
2024-07-29 23:01:34,868   Imaginary: 258, Real: 772
2024-07-29 23:01:34,868   Imaginary: 1286, Real: 1800
2024-07-29 23:01:34,868   Imaginary: 512, Real: 774
2024-07-29 23:01:34,868   Imaginary: 64, Real: 6
2024-07-29 23:01:34,868   Imaginary: 26691, Real: 10
2024-07-29 23:01:34,868   Imaginary: 70, Real: 0
2024-07-29 23:01:34,868   Imaginary: -23710, Real: -15505
2024-07-29 23:01:34,868   Imaginary: 1, Real: 0
2024-07-29 23:01:34,868   Imaginary: 1, Real: 0
2024-07-29 23:01:34,868   Imaginary: 0, Real: 0
2024-07-29 23:01:34,868   Imaginary: 10, Real: 0
2024-07-29 23:01:34,868   Imaginary: 0, Real: 6
2024-07-29 23:01:34,868   Imaginary: 21536, Real: 2048
2024-07-29 23:01:34,868   Imaginary: 4206, Real: 1
2024-07-29 23:01:34,868   Imaginary: 13182, Real: 0
2024-07-29 23:01:34,868   Imaginary: 1, Real: 0
2024-07-29 23:01:34,868   Imaginary: 258, Real: 772
2024-07-29 23:01:34,868   Imaginary: 1286, Real: 1800
2024-07-29 23:01:34,868   Imaginary: 512, Real: 774
2024-07-29 23:01:34,868   Imaginary: 64, Real: 6
2024-07-29 23:01:34,868   Imaginary: 26691, Real: 10
2024-07-29 23:01:34,868   Imaginary: 71, Real: 0
2024-07-29 23:01:34,868   Imaginary: -27483, Real: -14742
2024-07-29 23:01:34,868   Imaginary: 1, Real: 0
2024-07-29 23:01:34,868   Imaginary: 1, Real: 0
2024-07-29 23:01:34,868   Imaginary: 0, Real: 0
2024-07-29 23:01:34,868   Imaginary: 10, Real: 0
2024-07-29 23:01:34,868   Imaginary: 0, Real: 6
2024-07-29 23:01:34,868   Imaginary: 21536, Real: 2048
2024-07-29 23:01:34,868   Imaginary: 4316, Real: 1
2024-07-29 23:01:34,868   Imaginary: 13173, Real: 0
2024-07-29 23:01:34,868   Imaginary: 1, Real: 0
2024-07-29 23:01:34,868   Imaginary: 258, Real: 772
2024-07-29 23:01:34,868   Imaginary: 1286, Real: 1800
2024-07-29 23:01:34,868   Imaginary: 512, Real: 774
2024-07-29 23:01:34,868   Imaginary: 64, Real: 6
2024-07-29 23:01:34,868   Imaginary: 26691, Real: 10
2024-07-29 23:01:34,868   Imaginary: 72, Real: 0
2024-07-29 23:01:34,868   Imaginary: -31534, Real: -13979
2024-07-29 23:01:34,868   Imaginary: 1, Real: 0
2024-07-29 23:01:34,868   Imaginary: 1, Real: 0
2024-07-29 23:01:34,868   Imaginary: 0, Real: 0
2024-07-29 23:01:34,868   Imaginary: 10, Real: 0
2024-07-29 23:01:34,868   Imaginary: 0, Real: 6
2024-07-29 23:01:34,868   Imaginary: 21536, Real: 2048
2024-07-29 23:01:34,868   Imaginary: 4230, Real: 1
2024-07-29 23:01:34,868   Imaginary: 13182, Real: 0
2024-07-29 23:01:34,868   Imaginary: 1, Real: 0
2024-07-29 23:01:34,868   Imaginary: 258, Real: 772
2024-07-29 23:01:34,868   Imaginary: 1286, Real: 1800
2024-07-29 23:01:34,868   Imaginary: 512, Real: 774
2024-07-29 23:01:34,868   Imaginary: 64, Real: 6
2024-07-29 23:01:34,868   Imaginary: 26691, Real: 10
2024-07-29 23:01:34,868   Imaginary: 73, Real: 0
2024-07-29 23:01:34,868   Imaginary: 31587, Real: -13216
2024-07-29 23:01:34,868   Imaginary: 1, Real: 0
2024-07-29 23:01:34,868   Imaginary: 1, Real: 0
2024-07-29 23:01:34,868   Imaginary: 0, Real: 0
2024-07-29 23:01:34,868   Imaginary: 10, Real: 0
2024-07-29 23:01:34,868   Imaginary: 0, Real: 6
2024-07-29 23:01:34,868   Imaginary: -18587, Real: -17841
2024-07-29 23:01:34,868   Imaginary: -26884, Real: -17835
2024-07-29 23:01:34,868   Imaginary: 0, Real: 0
2024-07-29 23:01:34,868   Imaginary: 0, Real: 16368
2024-07-29 23:01:34,868   Imaginary: 258, Real: 772
2024-07-29 23:01:34,868   Imaginary: 1286, Real: 1800
2024-07-29 23:01:34,868   Imaginary: 512, Real: 774
2024-07-29 23:01:34,868   Imaginary: 64, Real: 6
2024-07-29 23:01:34,868   Imaginary: 26691, Real: 10
2024-07-29 23:01:34,868   Imaginary: 74, Real: 0
2024-07-29 23:01:34,868   Imaginary: 26382, Real: -12453
2024-07-29 23:01:34,868   Imaginary: 1, Real: 0
2024-07-29 23:01:34,868   Imaginary: 1, Real: 0
2024-07-29 23:01:34,868   Imaginary: 0, Real: 0
2024-07-29 23:01:34,868   Imaginary: 10, Real: 0
2024-07-29 23:01:34,868   Imaginary: 0, Real: 6
2024-07-29 23:01:34,868   Imaginary: 21536, Real: 2048
2024-07-29 23:01:34,868   Imaginary: 4422, Real: 1
2024-07-29 23:01:34,868   Imaginary: 13186, Real: 0
2024-07-29 23:01:34,868   Imaginary: 1, Real: 0
2024-07-29 23:01:34,868   Imaginary: 258, Real: 772
2024-07-29 23:01:34,868   Imaginary: 1286, Real: 1800
2024-07-29 23:01:34,868   Imaginary: 512, Real: 774
2024-07-29 23:01:34,868   Imaginary: 64, Real: 6
2024-07-29 23:01:34,868   Imaginary: 26691, Real: 10
2024-07-29 23:01:34,868   Imaginary: 75, Real: 0
2024-07-29 23:01:34,868   Imaginary: 22435, Real: -11690
2024-07-29 23:01:34,868   Imaginary: 1, Real: 0
2024-07-29 23:01:34,868   Imaginary: 1, Real: 0
2024-07-29 23:01:34,868   Imaginary: 0, Real: 0
2024-07-29 23:01:34,868   Imaginary: 10, Real: 0
2024-07-29 23:01:34,868   Imaginary: 0, Real: 6
2024-07-29 23:01:34,868   Imaginary: 21536, Real: 2048
2024-07-29 23:01:34,868   Imaginary: 4538, Real: 1
2024-07-29 23:01:34,868   Imaginary: 13182, Real: 0
2024-07-29 23:01:34,868   Imaginary: 1, Real: 0
2024-07-29 23:01:34,868   Imaginary: 258, Real: 772
2024-07-29 23:01:34,868   Imaginary: 1286, Real: 1800
2024-07-29 23:01:34,868   Imaginary: 512, Real: 774
2024-07-29 23:01:34,868   Imaginary: 64, Real: 6
2024-07-29 23:01:34,868   Imaginary: 26691, Real: 10
2024-07-29 23:01:34,868   Imaginary: 76, Real: 0
2024-07-29 23:01:34,868   Imaginary: 18012, Real: -10927
2024-07-29 23:01:34,868   Imaginary: 1, Real: 0
2024-07-29 23:01:34,868   Imaginary: 1, Real: 0
2024-07-29 23:01:34,868   Imaginary: 0, Real: 0
2024-07-29 23:01:34,868   Imaginary: 10, Real: 0
2024-07-29 23:01:34,868   Imaginary: 0, Real: 6
2024-07-29 23:01:34,868   Imaginary: 21536, Real: 2048
2024-07-29 23:01:34,868   Imaginary: 4225, Real: 1
2024-07-29 23:01:34,868   Imaginary: 13173, Real: 0
2024-07-29 23:01:34,868   Imaginary: 1, Real: 0
2024-07-29 23:01:34,868   Imaginary: 258, Real: 772
2024-07-29 23:01:34,868   Imaginary: 1286, Real: 1800
2024-07-29 23:01:34,868   Imaginary: 512, Real: 774
2024-07-29 23:01:34,868   Imaginary: 64, Real: 6
2024-07-29 23:01:34,868   Imaginary: 26691, Real: 10
2024-07-29 23:01:34,868   Imaginary: 77, Real: 0
2024-07-29 23:01:34,868   Imaginary: 15696, Real: -10164
2024-07-29 23:01:34,868   Imaginary: 1, Real: 0
2024-07-29 23:01:34,868   Imaginary: 1, Real: 0
2024-07-29 23:01:34,868   Imaginary: 0, Real: 0
2024-07-29 23:01:34,868   Imaginary: 10, Real: 0
2024-07-29 23:01:34,868   Imaginary: 0, Real: 6
2024-07-29 23:01:34,868   Imaginary: 18895, Real: -1942
2024-07-29 23:01:34,868   Imaginary: -14000, Real: 14876
2024-07-29 23:01:34,882   Imaginary: -18587, Real: -17841
2024-07-29 23:01:34,882   Imaginary: -26884, Real: 14933
2024-07-29 23:01:34,882   Imaginary: 258, Real: 772
2024-07-29 23:01:34,882   Imaginary: 1286, Real: 1800
2024-07-29 23:01:34,882   Imaginary: 512, Real: 774
2024-07-29 23:01:34,882   Imaginary: 64, Real: 6
2024-07-29 23:01:34,882   Imaginary: 26691, Real: 10
2024-07-29 23:01:34,882   Imaginary: 78, Real: 0
2024-07-29 23:01:34,882   Imaginary: 10097, Real: -9401
2024-07-29 23:01:34,882   Imaginary: 1, Real: 0
2024-07-29 23:01:34,882   Imaginary: 1, Real: 0
2024-07-29 23:01:34,882   Imaginary: 0, Real: 0
2024-07-29 23:01:34,882   Imaginary: 10, Real: 0
2024-07-29 23:01:34,882   Imaginary: 0, Real: 6
2024-07-29 23:01:34,882   Imaginary: 21536, Real: 2048
2024-07-29 23:01:34,882   Imaginary: 4218, Real: 1
2024-07-29 23:01:34,882   Imaginary: 13186, Real: 0
2024-07-29 23:01:34,882   Imaginary: 1, Real: 0
2024-07-29 23:01:34,882   Imaginary: 258, Real: 772
2024-07-29 23:01:34,882   Imaginary: 1286, Real: 1800
2024-07-29 23:01:34,882   Imaginary: 512, Real: 774
2024-07-29 23:01:34,882   Imaginary: 64, Real: 6
2024-07-29 23:01:34,882   Imaginary: 26691, Real: 10
2024-07-29 23:01:34,882   Imaginary: 79, Real: 0
2024-07-29 23:01:34,882   Imaginary: 6089, Real: -8638
2024-07-29 23:01:34,882   Imaginary: 1, Real: 0
2024-07-29 23:01:34,882   Imaginary: 1, Real: 0
2024-07-29 23:01:34,882   Imaginary: 0, Real: 0
2024-07-29 23:01:34,882   Imaginary: 10, Real: 0
2024-07-29 23:01:34,882   Imaginary: 0, Real: 6
2024-07-29 23:01:34,882   Imaginary: 21536, Real: 2048
2024-07-29 23:01:34,882   Imaginary: 4075, Real: 1
2024-07-29 23:01:34,882   Imaginary: 13186, Real: 0
2024-07-29 23:01:34,882   Imaginary: 1, Real: 0
2024-07-29 23:01:34,883   Imaginary: 258, Real: 772
2024-07-29 23:01:34,883   Imaginary: 1286, Real: 1800
2024-07-29 23:01:34,883   Imaginary: 512, Real: 774
2024-07-29 23:01:34,883   Imaginary: 64, Real: 6
2024-07-29 23:01:34,883   Imaginary: 26691, Real: 10
2024-07-29 23:01:34,883   Imaginary: 80, Real: 0
2024-07-29 23:01:34,883   Imaginary: 4234, Real: -7875
2024-07-29 23:01:34,883   Imaginary: 1, Real: 0
2024-07-29 23:01:34,883   Imaginary: 1, Real: 0
2024-07-29 23:01:34,883   Imaginary: 0, Real: 0
2024-07-29 23:01:34,883   Imaginary: 10, Real: 0
2024-07-29 23:01:34,883   Imaginary: 0, Real: 6
2024-07-29 23:01:34,883   Imaginary: 21536, Real: 2048
2024-07-29 23:01:34,883   Imaginary: 4704, Real: 1
2024-07-29 23:01:34,883   Imaginary: 13186, Real: 0
2024-07-29 23:01:34,883   Imaginary: 1, Real: 0
2024-07-29 23:01:34,883   Imaginary: 258, Real: 772
2024-07-29 23:01:34,883   Imaginary: 1286, Real: 1800
2024-07-29 23:01:34,883   Imaginary: 512, Real: 774
2024-07-29 23:01:34,883   Imaginary: 64, Real: 6
2024-07-29 23:01:34,883   Imaginary: 26691, Real: 10
2024-07-29 23:01:34,883   Imaginary: 81, Real: 0
2024-07-29 23:01:34,883   Imaginary: -1550, Real: -7113
2024-07-29 23:01:34,883   Imaginary: 1, Real: 0
2024-07-29 23:01:34,883   Imaginary: 1, Real: 0
2024-07-29 23:01:34,883   Imaginary: 0, Real: 0
2024-07-29 23:01:34,883   Imaginary: 10, Real: 0
2024-07-29 23:01:34,883   Imaginary: 0, Real: 6
2024-07-29 23:01:34,883   Imaginary: 21536, Real: 2048
2024-07-29 23:01:34,883   Imaginary: 4501, Real: 1
2024-07-29 23:01:34,883   Imaginary: 13173, Real: 0
2024-07-29 23:01:34,883   Imaginary: 1, Real: 0
2024-07-29 23:01:34,883   Imaginary: 258, Real: 772
2024-07-29 23:01:34,883   Imaginary: 1286, Real: 1800
2024-07-29 23:01:34,883   Imaginary: 512, Real: 774
2024-07-29 23:01:34,883   Imaginary: 64, Real: 6
2024-07-29 23:01:34,883   Imaginary: 26691, Real: 10
2024-07-29 23:01:34,883   Imaginary: 82, Real: 0
2024-07-29 23:01:34,883   Imaginary: 26453, Real: -6349
2024-07-29 23:01:34,883   Imaginary: 2, Real: 0
2024-07-29 23:01:34,883   Imaginary: 1, Real: 0
2024-07-29 23:01:34,883   Imaginary: 0, Real: 0
2024-07-29 23:01:34,883   Imaginary: 10, Real: 0
2024-07-29 23:01:34,883   Imaginary: 0, Real: 6
2024-07-29 23:01:34,883   Imaginary: 21536, Real: 2048
2024-07-29 23:01:34,883   Imaginary: 25325, Real: 1
2024-07-29 23:01:34,883   Imaginary: 21805, Real: 0
2024-07-29 23:01:34,883   Imaginary: 2, Real: 0
2024-07-29 23:01:34,883   Imaginary: 258, Real: 772
2024-07-29 23:01:34,883   Imaginary: 1286, Real: 1800
2024-07-29 23:01:34,883   Imaginary: 512, Real: 774
2024-07-29 23:01:34,883   Imaginary: 64, Real: 6
2024-07-29 23:01:34,883   Imaginary: 26691, Real: 10
2024-07-29 23:01:34,883   Imaginary: 83, Real: 0
2024-07-29 23:01:34,883   Imaginary: 20069, Real: -5586
2024-07-29 23:01:34,883   Imaginary: 2, Real: 0
2024-07-29 23:01:34,883   Imaginary: 1, Real: 0
2024-07-29 23:01:34,883   Imaginary: 0, Real: 0
2024-07-29 23:01:34,883   Imaginary: 10, Real: 0
2024-07-29 23:01:34,883   Imaginary: 0, Real: 6
2024-07-29 23:01:34,883   Imaginary: 21536, Real: 2048
2024-07-29 23:01:34,883   Imaginary: 23209, Real: 1
2024-07-29 23:01:34,883   Imaginary: 21806, Real: 0
2024-07-29 23:01:34,883   Imaginary: 2, Real: 0
2024-07-29 23:01:34,883   Imaginary: 258, Real: 772
2024-07-29 23:01:34,883   Imaginary: 1286, Real: 1800
2024-07-29 23:01:34,883   Imaginary: 512, Real: 774
2024-07-29 23:01:34,883   Imaginary: 64, Real: 6
2024-07-29 23:01:34,883   Imaginary: 26691, Real: 10
2024-07-29 23:01:34,883   Imaginary: 84, Real: 0
2024-07-29 23:01:34,883   Imaginary: 25328, Real: -4823
2024-07-29 23:01:34,883   Imaginary: 2, Real: 0
2024-07-29 23:01:34,883   Imaginary: 1, Real: 0
2024-07-29 23:01:34,883   Imaginary: 0, Real: 0
2024-07-29 23:01:34,883   Imaginary: 10, Real: 0
2024-07-29 23:01:34,883   Imaginary: 0, Real: 6
2024-07-29 23:01:34,883   Imaginary: 21536, Real: 2048
2024-07-29 23:01:34,883   Imaginary: 25042, Real: 1
2024-07-29 23:01:34,883   Imaginary: 21852, Real: 0
2024-07-29 23:01:34,883   Imaginary: 2, Real: 0
2024-07-29 23:01:34,883   Imaginary: 258, Real: 772
2024-07-29 23:01:34,883   Imaginary: 1286, Real: 1800
2024-07-29 23:01:34,883   Imaginary: 512, Real: 774
2024-07-29 23:01:34,883   Imaginary: 64, Real: 6
2024-07-29 23:01:34,883   Imaginary: 26691, Real: 10
2024-07-29 23:01:34,883   Imaginary: 85, Real: 0
2024-07-29 23:01:34,883   Imaginary: 16179, Real: -4060
2024-07-29 23:01:34,883   Imaginary: 2, Real: 0
2024-07-29 23:01:34,883   Imaginary: 1, Real: 0
2024-07-29 23:01:34,883   Imaginary: 0, Real: 0
2024-07-29 23:01:34,883   Imaginary: 10, Real: 0
2024-07-29 23:01:34,883   Imaginary: 0, Real: 6
2024-07-29 23:01:34,883   Imaginary: 21536, Real: 2048
2024-07-29 23:01:34,883   Imaginary: 25120, Real: 1
2024-07-29 23:01:34,883   Imaginary: 21831, Real: 0
2024-07-29 23:01:34,883   Imaginary: 2, Real: 0
2024-07-29 23:01:34,883   Imaginary: 258, Real: 772
2024-07-29 23:01:34,883   Imaginary: 1286, Real: 1800
2024-07-29 23:01:34,883   Imaginary: 512, Real: 774
2024-07-29 23:01:34,883   Imaginary: 64, Real: 6
2024-07-29 23:01:34,883   Imaginary: 26691, Real: 10
2024-07-29 23:01:34,883   Imaginary: 86, Real: 0
2024-07-29 23:01:34,883   Imaginary: 7659, Real: -3297
2024-07-29 23:01:34,883   Imaginary: 2, Real: 0
2024-07-29 23:01:34,883   Imaginary: 1, Real: 0
2024-07-29 23:01:34,883   Imaginary: 0, Real: 0
2024-07-29 23:01:34,883   Imaginary: 10, Real: 0
2024-07-29 23:01:34,883   Imaginary: 0, Real: 6
2024-07-29 23:01:34,883   Imaginary: 21536, Real: 2048
2024-07-29 23:01:34,883   Imaginary: 24833, Real: 1
2024-07-29 23:01:34,883   Imaginary: 21025, Real: 0
2024-07-29 23:01:34,883   Imaginary: 2, Real: 0
2024-07-29 23:01:34,883   Imaginary: 258, Real: 772
2024-07-29 23:01:34,883   Imaginary: 1286, Real: 1800
2024-07-29 23:01:34,883   Imaginary: 512, Real: 774
2024-07-29 23:01:34,883   Imaginary: 64, Real: 6
2024-07-29 23:01:34,883   Imaginary: 26691, Real: 10
2024-07-29 23:01:34,883   Imaginary: 87, Real: 0
2024-07-29 23:01:34,883   Imaginary: 8225, Real: -2534
2024-07-29 23:01:34,883   Imaginary: 2, Real: 0
2024-07-29 23:01:34,883   Imaginary: 1, Real: 0
2024-07-29 23:01:34,883   Imaginary: 0, Real: 0
2024-07-29 23:01:34,883   Imaginary: 10, Real: 0
2024-07-29 23:01:34,883   Imaginary: 0, Real: 6
2024-07-29 23:01:34,883   Imaginary: 21536, Real: 2048
2024-07-29 23:01:34,883   Imaginary: 28602, Real: 1
2024-07-29 23:01:34,883   Imaginary: 21849, Real: 0
2024-07-29 23:01:34,883   Imaginary: 2, Real: 0
2024-07-29 23:01:34,883   Imaginary: 258, Real: 772
2024-07-29 23:01:34,883   Imaginary: 1286, Real: 1800
2024-07-29 23:01:34,883   Imaginary: 512, Real: 774
2024-07-29 23:01:34,883   Imaginary: 64, Real: 6
2024-07-29 23:01:34,883   Imaginary: 26691, Real: 10
2024-07-29 23:01:34,883   Imaginary: 88, Real: 0
2024-07-29 23:01:34,883   Imaginary: -29413, Real: -1772
2024-07-29 23:01:34,883   Imaginary: 1, Real: 0
2024-07-29 23:01:34,883   Imaginary: 1, Real: 0
2024-07-29 23:01:34,883   Imaginary: 0, Real: 0
2024-07-29 23:01:34,883   Imaginary: 10, Real: 0
2024-07-29 23:01:34,883   Imaginary: 0, Real: 6
2024-07-29 23:01:34,883   Imaginary: 21536, Real: 2048
2024-07-29 23:01:34,883   Imaginary: 4201, Real: 1
2024-07-29 23:01:34,883   Imaginary: 13186, Real: 0
2024-07-29 23:01:34,883   Imaginary: 1, Real: 0
2024-07-29 23:01:34,883   Imaginary: 258, Real: 772
2024-07-29 23:01:34,883   Imaginary: 1286, Real: 1800
2024-07-29 23:01:34,883   Imaginary: 512, Real: 774
2024-07-29 23:01:34,883   Imaginary: 64, Real: 6
2024-07-29 23:01:34,883   Imaginary: 26691, Real: 10
2024-07-29 23:01:34,883   Imaginary: 89, Real: 0
2024-07-29 23:01:34,883   Imaginary: -29172, Real: -1009
2024-07-29 23:01:34,883   Imaginary: 1, Real: 0
2024-07-29 23:01:34,883   Imaginary: 1, Real: 0
2024-07-29 23:01:34,883   Imaginary: 0, Real: 0
2024-07-29 23:01:34,883   Imaginary: 10, Real: 0
2024-07-29 23:01:34,883   Imaginary: 0, Real: 6
2024-07-29 23:01:34,883   Imaginary: 21536, Real: 2048
2024-07-29 23:01:34,883   Imaginary: 5241, Real: 1
2024-07-29 23:01:34,883   Imaginary: 13182, Real: 0
2024-07-29 23:01:34,883   Imaginary: 1, Real: 0
2024-07-29 23:01:34,883   Imaginary: 258, Real: 772
2024-07-29 23:01:34,883   Imaginary: 1286, Real: 1800
2024-07-29 23:01:34,883   Imaginary: 512, Real: 774
2024-07-29 23:01:34,883   Imaginary: 64, Real: 6
2024-07-29 23:01:34,883   Imaginary: 26691, Real: 10
2024-07-29 23:01:34,883   Imaginary: 90, Real: 0
2024-07-29 23:01:34,883   Imaginary: -5504, Real: -246
2024-07-29 23:01:34,883   Imaginary: 2, Real: 0
2024-07-29 23:01:34,883   Imaginary: 1, Real: 0
2024-07-29 23:01:34,883   Imaginary: 0, Real: 0
2024-07-29 23:01:34,883   Imaginary: 10, Real: 0
2024-07-29 23:01:34,883   Imaginary: 0, Real: 6
2024-07-29 23:01:34,883   Imaginary: 21536, Real: 2048
2024-07-29 23:01:34,883   Imaginary: 25686, Real: 1
2024-07-29 23:01:34,883   Imaginary: 21817, Real: 0
2024-07-29 23:01:34,883   Imaginary: 2, Real: 0
2024-07-29 23:01:34,883   Imaginary: 258, Real: 772
2024-07-29 23:01:34,883   Imaginary: 1286, Real: 1800
2024-07-29 23:01:34,883   Imaginary: 512, Real: 774
2024-07-29 23:01:34,883   Imaginary: 64, Real: 6
2024-07-29 23:01:34,883   Imaginary: 26691, Real: 10
2024-07-29 23:01:34,883   Imaginary: 91, Real: 0
2024-07-29 23:01:34,883   Imaginary: 25746, Real: 517
2024-07-29 23:01:34,883   Imaginary: 1, Real: 0
2024-07-29 23:01:34,883   Imaginary: 1, Real: 0
2024-07-29 23:01:34,883   Imaginary: 0, Real: 0
2024-07-29 23:01:34,883   Imaginary: 10, Real: 0
2024-07-29 23:01:34,883   Imaginary: 0, Real: 6
2024-07-29 23:01:34,883   Imaginary: 18895, Real: -1942
2024-07-29 23:01:34,883   Imaginary: -14000, Real: 14876
2024-07-29 23:01:34,883   Imaginary: -18587, Real: -17841
2024-07-29 23:01:34,883   Imaginary: -26884, Real: 14933
2024-07-29 23:01:34,883   Imaginary: 258, Real: 772
2024-07-29 23:01:34,883   Imaginary: 1286, Real: 1800
2024-07-29 23:01:34,883   Imaginary: 512, Real: 774
2024-07-29 23:01:34,883   Imaginary: 64, Real: 6
2024-07-29 23:01:34,883   Imaginary: 26691, Real: 10
2024-07-29 23:01:34,883   Imaginary: 92, Real: 0
2024-07-29 23:01:34,883   Imaginary: 20513, Real: 1280
2024-07-29 23:01:34,883   Imaginary: 1, Real: 0
2024-07-29 23:01:34,883   Imaginary: 1, Real: 0
2024-07-29 23:01:34,883   Imaginary: 0, Real: 0
2024-07-29 23:01:34,883   Imaginary: 10, Real: 0
2024-07-29 23:01:34,883   Imaginary: 0, Real: 6
2024-07-29 23:01:34,883   Imaginary: 21536, Real: 2048
2024-07-29 23:01:34,883   Imaginary: 4445, Real: 1
2024-07-29 23:01:34,883   Imaginary: 13186, Real: 0
2024-07-29 23:01:34,883   Imaginary: 1, Real: 0
2024-07-29 23:01:34,883   Imaginary: 258, Real: 772
2024-07-29 23:01:34,883   Imaginary: 1286, Real: 1800
2024-07-29 23:01:34,883   Imaginary: 512, Real: 774
2024-07-29 23:01:34,883   Imaginary: 64, Real: 6
2024-07-29 23:01:34,883   Imaginary: 26691, Real: 10
2024-07-29 23:01:34,883   Imaginary: 93, Real: 0
2024-07-29 23:01:34,883   Imaginary: 16517, Real: 2043
2024-07-29 23:01:34,883   Imaginary: 1, Real: 0
2024-07-29 23:01:34,883   Imaginary: 1, Real: 0
2024-07-29 23:01:34,883   Imaginary: 0, Real: 0
2024-07-29 23:01:34,883   Imaginary: 10, Real: 0
2024-07-29 23:01:34,883   Imaginary: 0, Real: 6
2024-07-29 23:01:34,883   Imaginary: 21536, Real: 2048
2024-07-29 23:01:34,883   Imaginary: 4233, Real: 1
2024-07-29 23:01:34,883   Imaginary: 13182, Real: 0
2024-07-29 23:01:34,883   Imaginary: 1, Real: 0
2024-07-29 23:01:34,883   Imaginary: 258, Real: 772
2024-07-29 23:01:34,883   Imaginary: 1286, Real: 1800
2024-07-29 23:01:34,883   Imaginary: 512, Real: 774
2024-07-29 23:01:34,883   Imaginary: 64, Real: 6
2024-07-29 23:01:34,883   Imaginary: 26691, Real: 10
2024-07-29 23:01:34,883   Imaginary: 94, Real: 0
2024-07-29 23:01:34,883   Imaginary: -24402, Real: 2806
2024-07-29 23:01:34,883   Imaginary: 2, Real: 0
2024-07-29 23:01:34,883   Imaginary: 1, Real: 0
2024-07-29 23:01:34,883   Imaginary: 0, Real: 0
2024-07-29 23:01:34,883   Imaginary: 10, Real: 0
2024-07-29 23:01:34,883   Imaginary: 0, Real: 6
2024-07-29 23:01:34,883   Imaginary: 21536, Real: 2048
2024-07-29 23:01:34,883   Imaginary: 24796, Real: 1
2024-07-29 23:01:34,883   Imaginary: 21037, Real: 0
2024-07-29 23:01:34,883   Imaginary: 2, Real: 0
2024-07-29 23:01:34,883   Imaginary: 258, Real: 772
2024-07-29 23:01:34,883   Imaginary: 1286, Real: 1800
2024-07-29 23:01:34,883   Imaginary: 512, Real: 774
2024-07-29 23:01:34,883   Imaginary: 64, Real: 6
2024-07-29 23:01:34,883   Imaginary: 26691, Real: 10
2024-07-29 23:01:34,883   Imaginary: 95, Real: 0
2024-07-29 23:01:34,883   Imaginary: 8407, Real: 3569
2024-07-29 23:01:34,883   Imaginary: 1, Real: 0
2024-07-29 23:01:34,883   Imaginary: 1, Real: 0
2024-07-29 23:01:34,883   Imaginary: 0, Real: 0
2024-07-29 23:01:34,883   Imaginary: 10, Real: 0
2024-07-29 23:01:34,883   Imaginary: 0, Real: 6
2024-07-29 23:01:34,883   Imaginary: 21536, Real: 2048
2024-07-29 23:01:34,883   Imaginary: 4248, Real: 1
2024-07-29 23:01:34,883   Imaginary: 13186, Real: 0
2024-07-29 23:01:34,883   Imaginary: 1, Real: 0
2024-07-29 23:01:34,883   Imaginary: 258, Real: 772
2024-07-29 23:01:34,883   Imaginary: 1286, Real: 1800
2024-07-29 23:01:34,883   Imaginary: 512, Real: 774
2024-07-29 23:01:34,883   Imaginary: 64, Real: 6
2024-07-29 23:01:34,883   Imaginary: 26691, Real: 10
2024-07-29 23:01:34,883   Imaginary: 96, Real: 0
2024-07-29 23:01:34,883   Imaginary: 4367, Real: 4332
2024-07-29 23:01:34,883   Imaginary: 1, Real: 0
2024-07-29 23:01:34,883   Imaginary: 1, Real: 0
2024-07-29 23:01:34,883   Imaginary: 0, Real: 0
2024-07-29 23:01:34,883   Imaginary: 10, Real: 0
2024-07-29 23:01:34,883   Imaginary: 0, Real: 6
2024-07-29 23:01:34,883   Imaginary: 21536, Real: 2048
2024-07-29 23:01:34,883   Imaginary: 4076, Real: 1
2024-07-29 23:01:34,883   Imaginary: 13173, Real: 0
2024-07-29 23:01:34,883   Imaginary: 1, Real: 0
2024-07-29 23:01:34,883   Imaginary: 258, Real: 772
2024-07-29 23:01:34,883   Imaginary: 1286, Real: 1800
2024-07-29 23:01:34,883   Imaginary: 512, Real: 774
2024-07-29 23:01:34,883   Imaginary: 64, Real: 6
2024-07-29 23:01:34,883   Imaginary: 26691, Real: 10
2024-07-29 23:01:34,883   Imaginary: 97, Real: 0
2024-07-29 23:01:34,883   Imaginary: 528, Real: 5095
2024-07-29 23:01:34,883   Imaginary: 1, Real: 0
2024-07-29 23:01:34,883   Imaginary: 1, Real: 0
2024-07-29 23:01:34,883   Imaginary: 0, Real: 0
2024-07-29 23:01:34,883   Imaginary: 10, Real: 0
2024-07-29 23:01:34,883   Imaginary: 0, Real: 6
2024-07-29 23:01:34,883   Imaginary: 21536, Real: 2048
2024-07-29 23:01:34,883   Imaginary: 4209, Real: 1
2024-07-29 23:01:34,883   Imaginary: 13182, Real: 0
2024-07-29 23:01:34,883   Imaginary: 1, Real: 0
2024-07-29 23:01:34,883   Imaginary: 258, Real: 772
2024-07-29 23:01:34,883   Imaginary: 1286, Real: 1800
2024-07-29 23:01:34,883   Imaginary: 512, Real: 774
2024-07-29 23:01:34,883   Imaginary: 64, Real: 6
2024-07-29 23:01:34,883   Imaginary: 26691, Real: 10
2024-07-29 23:01:34,883   Imaginary: 98, Real: 0
2024-07-29 23:01:34,883   Imaginary: -3580, Real: 5857
2024-07-29 23:01:34,883   Imaginary: 1, Real: 0
2024-07-29 23:01:34,883   Imaginary: 1, Real: 0
2024-07-29 23:01:34,883   Imaginary: 0, Real: 0
2024-07-29 23:01:34,883   Imaginary: 10, Real: 0
2024-07-29 23:01:34,883   Imaginary: 0, Real: 6
2024-07-29 23:01:34,883   Imaginary: 21536, Real: 2048
2024-07-29 23:01:34,883   Imaginary: 4277, Real: 1
2024-07-29 23:01:34,883   Imaginary: 13182, Real: 0
2024-07-29 23:01:34,883   Imaginary: 1, Real: 0
2024-07-29 23:01:34,883   Imaginary: 258, Real: 772
2024-07-29 23:01:34,883   Imaginary: 1286, Real: 1800
2024-07-29 23:01:34,883   Imaginary: 512, Real: 774
2024-07-29 23:01:34,883   Imaginary: 64, Real: 6
2024-07-29 23:01:34,883   Imaginary: 26691, Real: 10
2024-07-29 23:01:34,883   Imaginary: 99, Real: 0
2024-07-29 23:01:34,883   Imaginary: -7436, Real: 6620
2024-07-29 23:01:34,883   Imaginary: 1, Real: 0
2024-07-29 23:01:34,883   Imaginary: 1, Real: 0
2024-07-29 23:01:34,883   Imaginary: 0, Real: 0
2024-07-29 23:01:34,883   Imaginary: 10, Real: 0
2024-07-29 23:01:34,883   Imaginary: 0, Real: 6
2024-07-29 23:01:34,883   Imaginary: 21536, Real: 2048
2024-07-29 23:01:34,883   Imaginary: 4451, Real: 1
2024-07-29 23:01:34,883   Imaginary: 13182, Real: 0
2024-07-29 23:01:34,883   Imaginary: 1, Real: 0
2024-07-29 23:01:34,883   Imaginary: 258, Real: 772
2024-07-29 23:01:34,883   Imaginary: 1286, Real: 1800
2024-07-29 23:01:34,883   Imaginary: 512, Real: 774
2024-07-29 23:01:34,883   Imaginary: 64, Real: 6
2024-07-29 23:01:34,883   Imaginary: 26691, Real: 10
2024-07-29 23:01:34,883   Imaginary: 100, Real: 0
2024-07-29 23:01:34,883   Imaginary: -9436, Real: 7383
2024-07-29 23:01:34,883   Imaginary: 1, Real: 0
2024-07-29 23:01:34,883   Imaginary: 1, Real: 0
2024-07-29 23:01:34,883   Imaginary: 0, Real: 0
2024-07-29 23:01:34,883   Imaginary: 10, Real: 0
2024-07-29 23:01:34,883   Imaginary: 0, Real: 6
2024-07-29 23:01:34,883   Imaginary: 153, Real: -105
2024-07-29 23:01:34,883   Imaginary: 153, Real: -105
2024-07-29 23:01:34,883   Imaginary: -231, Real: -291
2024-07-29 23:01:34,883   Imaginary: 3354, Real: 3165
2024-07-29 23:01:34,883   Imaginary: 153, Real: -105
2024-07-29 23:01:34,883 Number of elements printed = 1413
